[small_param_matched_additive] arm=additive params={'total': 107286528, 'trainable': 786432, 'attention': 6030336, 'ffn': 23592960, 'embedding': 77654528, 'non_embedding': 29632000} tokens/step=32,768 steps=4,394 start_tokens=336,003,072 total_tokens=480,000,000
[small_param_matched_additive] step 1/4394 tokens 336,035,840 loss 3.5288 gnorm 0.034 lr 1.16e-05 0 tok/s (0.1m)
[small_param_matched_additive] step 200/4394 tokens 342,556,672 loss 4.1480 gnorm 0.022 lr 4.99e-04 124,151 tok/s (0.9m)
[small_param_matched_additive] step 400/4394 tokens 349,110,272 loss 3.8374 gnorm 0.171 lr 4.93e-04 124,194 tok/s (1.8m)
[small_param_matched_additive] step 600/4394 tokens 355,663,872 loss 4.1205 gnorm 0.026 lr 4.82e-04 124,198 tok/s (2.7m)
[small_param_matched_additive] step 800/4394 tokens 362,217,472 loss 4.2512 gnorm 0.023 lr 4.67e-04 124,199 tok/s (3.6m)
[small_param_matched_additive] step 1000/4394 tokens 368,771,072 loss 4.2812 gnorm 0.022 lr 4.48e-04 124,199 tok/s (4.5m)
[small_param_matched_additive] step 1000 tokens 368,771,072 VAL loss 4.0893 ppl 59.70
[small_param_matched_additive] step 1200/4394 tokens 375,324,672 loss 4.0079 gnorm 0.023 lr 4.26e-04 120,539 tok/s (5.4m)
[small_param_matched_additive] step 1400/4394 tokens 381,878,272 loss 3.9649 gnorm 0.023 lr 4.00e-04 124,208 tok/s (6.2m)
[small_param_matched_additive] step 1600/4394 tokens 388,431,872 loss 3.9107 gnorm 0.025 lr 3.72e-04 124,198 tok/s (7.1m)
[small_param_matched_additive] step 1800/4394 tokens 394,985,472 loss 3.8785 gnorm 0.023 lr 3.42e-04 124,190 tok/s (8.0m)
[small_param_matched_additive] step 2000/4394 tokens 401,539,072 loss 3.7754 gnorm 0.027 lr 3.10e-04 124,192 tok/s (8.9m)
[small_param_matched_additive] step 2000 tokens 401,539,072 VAL loss 4.0873 ppl 59.58
[small_param_matched_additive] step 2200/4394 tokens 408,092,672 loss 3.8191 gnorm 0.027 lr 2.78e-04 120,531 tok/s (9.8m)
[small_param_matched_additive] step 2400/4394 tokens 414,646,272 loss 3.9831 gnorm 0.023 lr 2.46e-04 124,191 tok/s (10.7m)
[small_param_matched_additive] step 2600/4394 tokens 421,199,872 loss 3.8524 gnorm 0.026 lr 2.14e-04 124,181 tok/s (11.5m)
[small_param_matched_additive] step 2800/4394 tokens 427,753,472 loss 4.0369 gnorm 0.024 lr 1.83e-04 124,197 tok/s (12.4m)
[small_param_matched_additive] step 3000/4394 tokens 434,307,072 loss 3.9670 gnorm 0.026 lr 1.55e-04 124,245 tok/s (13.3m)
[small_param_matched_additive] step 3000 tokens 434,307,072 VAL loss 4.0870 ppl 59.56
[small_param_matched_additive] step 3200/4394 tokens 440,860,672 loss 4.0776 gnorm 0.030 lr 1.29e-04 120,580 tok/s (14.2m)
[small_param_matched_additive] step 3400/4394 tokens 447,414,272 loss 4.0737 gnorm 0.026 lr 1.06e-04 124,246 tok/s (15.1m)
[small_param_matched_additive] step 3600/4394 tokens 453,967,872 loss 4.0090 gnorm 0.025 lr 8.60e-05 124,232 tok/s (16.0m)
[small_param_matched_additive] step 3800/4394 tokens 460,521,472 loss 3.9472 gnorm 0.028 lr 7.04e-05 124,246 tok/s (16.8m)
[small_param_matched_additive] step 4000/4394 tokens 467,075,072 loss 4.0761 gnorm 0.050 lr 5.90e-05 124,266 tok/s (17.7m)
[small_param_matched_additive] step 4000 tokens 467,075,072 VAL loss 4.0875 ppl 59.59
[small_param_matched_additive] step 4200/4394 tokens 473,628,672 loss 3.9737 gnorm 0.028 lr 5.22e-05 120,592 tok/s (18.6m)
[small_param_matched_additive] FINAL val_loss=4.0789 ppl=59.08 tokens=479,985,664 in 19.54m -> /work/mingze/Posthoc_differential_memory/out_smalllm_20260814/small_param_matched_additive.json
