[small_ours_posthoc] arm=ours params={'total': 107286528, 'trainable': 786432, 'attention': 6030336, 'ffn': 23592960, 'embedding': 77654528, 'non_embedding': 29632000} tokens/step=32,768 steps=4,394 start_tokens=336,003,072 total_tokens=480,000,000
[small_ours_posthoc] step 1/4394 tokens 336,035,840 loss 3.5288 gnorm 0.006 lr 1.16e-05 0 tok/s (0.1m)
[small_ours_posthoc] step 200/4394 tokens 342,556,672 loss 4.1516 gnorm 0.007 lr 4.99e-04 119,698 tok/s (1.0m)
[small_ours_posthoc] step 400/4394 tokens 349,110,272 loss 3.8354 gnorm 0.055 lr 4.93e-04 119,717 tok/s (1.9m)
[small_ours_posthoc] step 600/4394 tokens 355,663,872 loss 4.1261 gnorm 0.007 lr 4.82e-04 119,729 tok/s (2.8m)
[small_ours_posthoc] step 800/4394 tokens 362,217,472 loss 4.2569 gnorm 0.007 lr 4.67e-04 119,744 tok/s (3.7m)
[small_ours_posthoc] step 1000/4394 tokens 368,771,072 loss 4.2881 gnorm 0.006 lr 4.48e-04 119,704 tok/s (4.6m)
[small_ours_posthoc] step 1000 tokens 368,771,072 VAL loss 4.0952 ppl 60.05
[small_ours_posthoc] step 1200/4394 tokens 375,324,672 loss 4.0135 gnorm 0.007 lr 4.26e-04 116,424 tok/s (5.6m)
[small_ours_posthoc] step 1400/4394 tokens 381,878,272 loss 3.9710 gnorm 0.007 lr 4.00e-04 119,770 tok/s (6.5m)
[small_ours_posthoc] step 1600/4394 tokens 388,431,872 loss 3.9171 gnorm 0.007 lr 3.72e-04 119,783 tok/s (7.4m)
[small_ours_posthoc] step 1800/4394 tokens 394,985,472 loss 3.8857 gnorm 0.007 lr 3.42e-04 119,756 tok/s (8.3m)
[small_ours_posthoc] step 2000/4394 tokens 401,539,072 loss 3.7833 gnorm 0.007 lr 3.10e-04 119,790 tok/s (9.2m)
[small_ours_posthoc] step 2000 tokens 401,539,072 VAL loss 4.0946 ppl 60.01
[small_ours_posthoc] step 2200/4394 tokens 408,092,672 loss 3.8277 gnorm 0.007 lr 2.78e-04 116,410 tok/s (10.1m)
[small_ours_posthoc] step 2400/4394 tokens 414,646,272 loss 3.9899 gnorm 0.006 lr 2.46e-04 119,780 tok/s (11.1m)
[small_ours_posthoc] step 2600/4394 tokens 421,199,872 loss 3.8604 gnorm 0.007 lr 2.14e-04 119,772 tok/s (12.0m)
[small_ours_posthoc] step 2800/4394 tokens 427,753,472 loss 4.0459 gnorm 0.007 lr 1.83e-04 119,774 tok/s (12.9m)
[small_ours_posthoc] step 3000/4394 tokens 434,307,072 loss 3.9747 gnorm 0.008 lr 1.55e-04 119,772 tok/s (13.8m)
[small_ours_posthoc] step 3000 tokens 434,307,072 VAL loss 4.0945 ppl 60.01
[small_ours_posthoc] step 3200/4394 tokens 440,860,672 loss 4.0907 gnorm 0.009 lr 1.29e-04 116,402 tok/s (14.7m)
[small_ours_posthoc] step 3400/4394 tokens 447,414,272 loss 4.0828 gnorm 0.007 lr 1.06e-04 119,767 tok/s (15.6m)
[small_ours_posthoc] step 3600/4394 tokens 453,967,872 loss 4.0195 gnorm 0.007 lr 8.60e-05 119,760 tok/s (16.6m)
[small_ours_posthoc] step 3800/4394 tokens 460,521,472 loss 3.9577 gnorm 0.007 lr 7.04e-05 119,815 tok/s (17.5m)
[small_ours_posthoc] step 4000/4394 tokens 467,075,072 loss 4.1025 gnorm 0.009 lr 5.90e-05 119,841 tok/s (18.4m)
[small_ours_posthoc] step 4000 tokens 467,075,072 VAL loss 4.0949 ppl 60.03
[small_ours_posthoc] step 4200/4394 tokens 473,628,672 loss 3.9834 gnorm 0.008 lr 5.22e-05 116,466 tok/s (19.3m)
[small_ours_posthoc] FINAL val_loss=4.0860 ppl=59.50 tokens=479,985,664 in 20.26m -> /work/mingze/Posthoc_differential_memory/out_smalllm_20260814/small_ours_posthoc.json
