[a2_posto] === parity ===
Using the latest cached version of the dataset since allenai/qasper couldn't be found on the Hugging Face Hub (offline mode is enabled).
Found the latest cached dataset configuration 'default' at /home/mingze/.cache/huggingface/datasets/allenai___qasper/default/0.0.0/06806e4608976fc2fac0a090ac425d5b2b29caf4 (last modified on Tue Jul 28 03:00:47 2026).
Loading weights:   0%|          | 0/398 [00:00<?, ?it/s]Loading weights:  44%|████▍     | 177/398 [00:00<00:00, 1730.03it/s]Loading weights:  94%|█████████▍| 374/398 [00:00<00:00, 1763.64it/s]Loading weights: 100%|██████████| 398/398 [00:00<00:00, 1851.59it/s]
Loading weights:   0%|          | 0/398 [00:00<?, ?it/s]Loading weights: 100%|██████████| 398/398 [00:00<00:00, 10424.93it/s]
[a2_posto] parity -> /work/mingze/Posthoc_differential_memory/out_downstream_audit_20260812/a2_posto_parity.json (0.72m)
{
  "tag": "parity",
  "n": 100,
  "dtype": "bfloat16",
  "attn": "sdpa",
  "steer_off_bitexact_rate": 1.0,
  "gain0_bitexact_rate": 1.0,
  "steer_off_max_abs": {
    "max": 0.0,
    "mean": 0.0
  },
  "steer_off_top1_disagreement": {
    "max": 0.0,
    "mean": 0.0
  },
  "gain0_max_abs": {
    "max": 0.0,
    "mean": 0.0
  },
  "gain0_top1_disagreement": {
    "max": 0.0,
    "mean": 0.0
  },
  "runtime_min": 0.72
}
[a2_posto] === graph ===
Using the latest cached version of the dataset since allenai/qasper couldn't be found on the Hugging Face Hub (offline mode is enabled).
Found the latest cached dataset configuration 'default' at /home/mingze/.cache/huggingface/datasets/allenai___qasper/default/0.0.0/06806e4608976fc2fac0a090ac425d5b2b29caf4 (last modified on Tue Jul 28 03:00:47 2026).
Loading weights:   0%|          | 0/398 [00:00<?, ?it/s]Loading weights: 100%|██████████| 398/398 [00:00<00:00, 10105.59it/s]
[a2_posto] graph -> /work/mingze/Posthoc_differential_memory/out_downstream_audit_20260812/a2_posto_graph.json (0.06m)
{
  "tag": "graph",
  "ckpt": "/work/mingze/delta-mem/out_dex/dex_swa_steer_constant_slr5e-4_s0_steer.pt",
  "loaded_tensors": 48,
  "n_steer_layers": 12,
  "widths": {
    "o_proj_in": 4096,
    "o_proj_out": 2560,
    "o_proj_bias": false,
    "Z_width": [
      1,
      4537,
      4096
    ],
    "C_width": [
      1,
      4537,
      2560
    ],
    "read_dim": 128,
    "n_query_heads": 32,
    "n_kv_heads": 8,
    "head_dim": 128,
    "num_prefix_tokens": 0
  },
  "memory_read": {
    "hidden_shape": [
      1,
      4537,
      2560
    ],
    "reads_shape": [
      1,
      4537,
      128
    ],
    "seg_unique": [
      1,
      2,
      3
    ]
  },
  "segments_in_forward": {
    "1": 4500,
    "2": 26,
    "3": 11
  },
  "SEG_CTX": 1,
  "SEG_ANS": 3,
  "trainable_steer_tensors": 48,
  "trainable_steer_params": 11796480,
  "trainable_names_head": [
    "model.layers.0.self_attn.prefix",
    "model.layers.0.self_attn.mem_q.weight",
    "model.layers.0.self_attn.mem_k.weight",
    "model.layers.0.self_attn.delta_o.weight",
    "model.layers.3.self_attn.prefix",
    "model.layers.3.self_attn.mem_q.weight",
    "model.layers.3.self_attn.mem_k.weight",
    "model.layers.3.self_attn.delta_o.weight"
  ],
  "has_written_state": false,
  "fusion_position": "post_o",
  "formula_check": {
    "claim": "wrapper out == W_O Z + g*C",
    "max_abs_residual": 0.0
  },
  "runtime_min": 0.06
}
[a2_posto] === isolation ===
Using the latest cached version of the dataset since allenai/qasper couldn't be found on the Hugging Face Hub (offline mode is enabled).
Found the latest cached dataset configuration 'default' at /home/mingze/.cache/huggingface/datasets/allenai___qasper/default/0.0.0/06806e4608976fc2fac0a090ac425d5b2b29caf4 (last modified on Tue Jul 28 03:00:47 2026).
Loading weights:   0%|          | 0/398 [00:00<?, ?it/s]Loading weights: 100%|██████████| 398/398 [00:00<00:00, 10110.12it/s]
[a2_posto] isolation -> /work/mingze/Posthoc_differential_memory/out_downstream_audit_20260812/a2_posto_isolation.json (0.06m)
{
  "tag": "isolation",
  "num_prefix_tokens": 0,
  "prefix_write": false,
  "has_written_state": false,
  "verdict": "This checkpoint has NO written memory state (P=0, prefix_write=False): the sidecar is a local sliding-window attention adapter. state_only / swap / zero-state arms are undefined for it.",
  "repeat_after_other_sample_bitexact": true,
  "window_only_equals_full_when_P0": true,
  "runtime_min": 0.06
}
