Loading weights:   0%|          | 0/398 [00:00<?, ?it/s]Loading weights: 100%|██████████| 398/398 [00:00<00:00, 10700.92it/s]
[ours] loaded 48 steer tensors; prefix_write=False; cfg=PrefixSteerConfig(num_prefix_tokens=0, sliding_window_size=256, mem_num_heads=1, mem_head_dim=128, steer_mode='deltamem', normal_attends_prefix=True, prefix_sees_query=True, prefix_init_std=0.7, prefix_init_dist='normal', prefix_write=False, read_prefix_only=False, memory_mode='dynamic', write_ctx_only=False, prefix_write_layout='global', prefix_write_overlap_tokens=0, pool_reads=False, pool_gate=False, pool_gate_input='rm', pool_gate_max=2.0, pool_gate_bias=0.0, steer_layers=(0, 3, 6, 9, 12, 15, 18, 21, 24, 27, 30, 33), prefix_layers=(), steer_gain=0.1, share_qkv=False, memory_value_source='main_v', delta_heads='o', delta_rank=0, read_proj_dim=0, output_fusion='fixed', o_fusion_position='pre_o', output_fusion_eps=1e-06, output_fusion_scale_max=10.0, fusion_lambda_init=0.1, fusion_lambda_max=1.0, fusion_ema_momentum=0.99, history_pool_mode='none', hybrid_read_mode='none', hybrid_prefix_gate_mode='fixed', hybrid_prefix_gate_init=0.1)
[eval] checkpoint has no persistent history writer; skipping redundant context WRITE pass
Using the latest cached version of the dataset since hotpotqa/hotpot_qa couldn't be found on the Hugging Face Hub (offline mode is enabled).
Found the latest cached dataset configuration 'distractor' at /home/mingze/.cache/huggingface/datasets/hotpotqa___hotpot_qa/distractor/0.0.0/1908d6afbbead072334abe2965f91bd2709910ab (last modified on Wed Aug 12 05:30:25 2026).
[shard 1] 2468 examples
[shard 1] 20/2468 baseF1=0.537 oursF1=0.655 (0.2m)
[shard 1] 40/2468 baseF1=0.576 oursF1=0.638 (0.4m)
[shard 1] 60/2468 baseF1=0.586 oursF1=0.640 (0.5m)
[shard 1] 80/2468 baseF1=0.605 oursF1=0.642 (0.7m)
[shard 1] 100/2468 baseF1=0.580 oursF1=0.623 (0.9m)
[shard 1] 120/2468 baseF1=0.559 oursF1=0.600 (1.1m)
[shard 1] 140/2468 baseF1=0.542 oursF1=0.592 (1.2m)
[shard 1] 160/2468 baseF1=0.554 oursF1=0.605 (1.4m)
[shard 1] 180/2468 baseF1=0.565 oursF1=0.621 (1.6m)
[shard 1] 200/2468 baseF1=0.579 oursF1=0.639 (1.8m)
[shard 1] 220/2468 baseF1=0.576 oursF1=0.636 (1.9m)
[shard 1] 240/2468 baseF1=0.578 oursF1=0.633 (2.1m)
[shard 1] 260/2468 baseF1=0.571 oursF1=0.626 (2.3m)
[shard 1] 280/2468 baseF1=0.562 oursF1=0.619 (2.5m)
[shard 1] 300/2468 baseF1=0.570 oursF1=0.624 (2.6m)
[shard 1] 320/2468 baseF1=0.579 oursF1=0.629 (2.7m)
[shard 1] 340/2468 baseF1=0.567 oursF1=0.614 (2.9m)
[shard 1] 360/2468 baseF1=0.565 oursF1=0.619 (3.1m)
[shard 1] 380/2468 baseF1=0.568 oursF1=0.620 (3.3m)
[shard 1] 400/2468 baseF1=0.570 oursF1=0.623 (3.4m)
[shard 1] 420/2468 baseF1=0.564 oursF1=0.626 (3.6m)
[shard 1] 440/2468 baseF1=0.568 oursF1=0.626 (3.8m)
[shard 1] 460/2468 baseF1=0.573 oursF1=0.633 (3.9m)
[shard 1] 480/2468 baseF1=0.576 oursF1=0.638 (4.0m)
[shard 1] 500/2468 baseF1=0.574 oursF1=0.634 (4.2m)
[shard 1] 520/2468 baseF1=0.575 oursF1=0.632 (4.3m)
[shard 1] 540/2468 baseF1=0.573 oursF1=0.630 (4.5m)
[shard 1] 560/2468 baseF1=0.573 oursF1=0.630 (4.7m)
[shard 1] 580/2468 baseF1=0.577 oursF1=0.631 (4.8m)
[shard 1] 600/2468 baseF1=0.572 oursF1=0.625 (4.9m)
[shard 1] 620/2468 baseF1=0.572 oursF1=0.621 (5.1m)
[shard 1] 640/2468 baseF1=0.578 oursF1=0.626 (5.2m)
[shard 1] 660/2468 baseF1=0.577 oursF1=0.623 (5.4m)
[shard 1] 680/2468 baseF1=0.574 oursF1=0.623 (5.6m)
[shard 1] 700/2468 baseF1=0.573 oursF1=0.622 (5.7m)
[shard 1] 720/2468 baseF1=0.578 oursF1=0.628 (5.8m)
[shard 1] 740/2468 baseF1=0.578 oursF1=0.626 (5.9m)
[shard 1] 760/2468 baseF1=0.576 oursF1=0.621 (6.1m)
[shard 1] 780/2468 baseF1=0.571 oursF1=0.618 (6.3m)
[shard 1] 800/2468 baseF1=0.571 oursF1=0.622 (6.5m)
[shard 1] 820/2468 baseF1=0.570 oursF1=0.623 (6.6m)
[shard 1] 840/2468 baseF1=0.572 oursF1=0.625 (6.8m)
[shard 1] 860/2468 baseF1=0.568 oursF1=0.620 (6.9m)
[shard 1] 880/2468 baseF1=0.571 oursF1=0.623 (7.0m)
[shard 1] 900/2468 baseF1=0.567 oursF1=0.619 (7.2m)
[shard 1] 920/2468 baseF1=0.566 oursF1=0.620 (7.3m)
[shard 1] 940/2468 baseF1=0.563 oursF1=0.617 (7.5m)
[shard 1] 960/2468 baseF1=0.565 oursF1=0.618 (7.7m)
[shard 1] 980/2468 baseF1=0.566 oursF1=0.618 (7.8m)
[shard 1] 1000/2468 baseF1=0.569 oursF1=0.620 (8.0m)
[shard 1] 1020/2468 baseF1=0.565 oursF1=0.617 (8.2m)
[shard 1] 1040/2468 baseF1=0.566 oursF1=0.617 (8.3m)
[shard 1] 1060/2468 baseF1=0.565 oursF1=0.616 (8.5m)
[shard 1] 1080/2468 baseF1=0.567 oursF1=0.617 (8.6m)
