Loading weights:   0%|          | 0/398 [00:00<?, ?it/s]Loading weights: 100%|██████████| 398/398 [00:00<00:00, 10795.10it/s]
[ours] loaded 48 steer tensors; prefix_write=False; cfg=PrefixSteerConfig(num_prefix_tokens=0, sliding_window_size=256, mem_num_heads=1, mem_head_dim=128, steer_mode='deltamem', normal_attends_prefix=True, prefix_sees_query=True, prefix_init_std=0.7, prefix_init_dist='normal', prefix_write=False, read_prefix_only=False, memory_mode='dynamic', write_ctx_only=False, prefix_write_layout='global', prefix_write_overlap_tokens=0, pool_reads=False, pool_gate=False, pool_gate_input='rm', pool_gate_max=2.0, pool_gate_bias=0.0, steer_layers=(0, 3, 6, 9, 12, 15, 18, 21, 24, 27, 30, 33), prefix_layers=(), steer_gain=0.1, share_qkv=False, memory_value_source='main_v', delta_heads='o', delta_rank=0, read_proj_dim=0, output_fusion='fixed', o_fusion_position='pre_o', output_fusion_eps=1e-06, output_fusion_scale_max=10.0, fusion_lambda_init=0.1, fusion_lambda_max=1.0, fusion_ema_momentum=0.99, history_pool_mode='none', hybrid_read_mode='none', hybrid_prefix_gate_mode='fixed', hybrid_prefix_gate_init=0.1)
[eval] checkpoint has no persistent history writer; skipping redundant context WRITE pass
Using the latest cached version of the dataset since hotpotqa/hotpot_qa couldn't be found on the Hugging Face Hub (offline mode is enabled).
Found the latest cached dataset configuration 'distractor' at /home/mingze/.cache/huggingface/datasets/hotpotqa___hotpot_qa/distractor/0.0.0/1908d6afbbead072334abe2965f91bd2709910ab (last modified on Wed Aug 12 05:30:25 2026).
[shard 0] 2469 examples
[shard 0] 20/2469 baseF1=0.581 oursF1=0.701 (0.2m)
[shard 0] 40/2469 baseF1=0.503 oursF1=0.575 (0.3m)
[shard 0] 60/2469 baseF1=0.450 oursF1=0.540 (0.5m)
[shard 0] 80/2469 baseF1=0.490 oursF1=0.573 (0.6m)
[shard 0] 100/2469 baseF1=0.485 oursF1=0.553 (0.8m)
[shard 0] 120/2469 baseF1=0.498 oursF1=0.581 (1.0m)
[shard 0] 140/2469 baseF1=0.507 oursF1=0.587 (1.2m)
[shard 0] 160/2469 baseF1=0.524 oursF1=0.604 (1.3m)
[shard 0] 180/2469 baseF1=0.530 oursF1=0.605 (1.4m)
[shard 0] 200/2469 baseF1=0.539 oursF1=0.606 (1.6m)
[shard 0] 220/2469 baseF1=0.541 oursF1=0.593 (1.8m)
[shard 0] 240/2469 baseF1=0.546 oursF1=0.597 (2.0m)
[shard 0] 260/2469 baseF1=0.549 oursF1=0.594 (2.2m)
[shard 0] 280/2469 baseF1=0.549 oursF1=0.595 (2.4m)
[shard 0] 300/2469 baseF1=0.533 oursF1=0.582 (2.5m)
[shard 0] 320/2469 baseF1=0.535 oursF1=0.587 (2.6m)
[shard 0] 340/2469 baseF1=0.533 oursF1=0.596 (2.8m)
[shard 0] 360/2469 baseF1=0.546 oursF1=0.603 (2.9m)
[shard 0] 380/2469 baseF1=0.551 oursF1=0.606 (3.0m)
[shard 0] 400/2469 baseF1=0.550 oursF1=0.604 (3.2m)
[shard 0] 420/2469 baseF1=0.550 oursF1=0.603 (3.3m)
[shard 0] 440/2469 baseF1=0.554 oursF1=0.608 (3.5m)
[shard 0] 460/2469 baseF1=0.553 oursF1=0.602 (3.6m)
[shard 0] 480/2469 baseF1=0.555 oursF1=0.600 (3.8m)
[shard 0] 500/2469 baseF1=0.556 oursF1=0.598 (3.9m)
[shard 0] 520/2469 baseF1=0.557 oursF1=0.596 (4.1m)
[shard 0] 540/2469 baseF1=0.554 oursF1=0.590 (4.2m)
[shard 0] 560/2469 baseF1=0.555 oursF1=0.592 (4.4m)
[shard 0] 580/2469 baseF1=0.552 oursF1=0.592 (4.6m)
[shard 0] 600/2469 baseF1=0.553 oursF1=0.594 (4.7m)
[shard 0] 620/2469 baseF1=0.552 oursF1=0.595 (4.8m)
[shard 0] 640/2469 baseF1=0.557 oursF1=0.601 (5.0m)
[shard 0] 660/2469 baseF1=0.560 oursF1=0.603 (5.1m)
[shard 0] 680/2469 baseF1=0.558 oursF1=0.601 (5.3m)
[shard 0] 700/2469 baseF1=0.561 oursF1=0.603 (5.4m)
[shard 0] 720/2469 baseF1=0.560 oursF1=0.602 (5.6m)
[shard 0] 740/2469 baseF1=0.559 oursF1=0.607 (5.7m)
[shard 0] 760/2469 baseF1=0.562 oursF1=0.610 (5.9m)
[shard 0] 780/2469 baseF1=0.562 oursF1=0.612 (6.0m)
[shard 0] 800/2469 baseF1=0.561 oursF1=0.612 (6.1m)
[shard 0] 820/2469 baseF1=0.563 oursF1=0.615 (6.2m)
[shard 0] 840/2469 baseF1=0.561 oursF1=0.613 (6.4m)
[shard 0] 860/2469 baseF1=0.562 oursF1=0.613 (6.5m)
[shard 0] 880/2469 baseF1=0.562 oursF1=0.614 (6.7m)
[shard 0] 900/2469 baseF1=0.561 oursF1=0.613 (6.9m)
[shard 0] 920/2469 baseF1=0.559 oursF1=0.611 (7.0m)
[shard 0] 940/2469 baseF1=0.559 oursF1=0.610 (7.1m)
[shard 0] 960/2469 baseF1=0.558 oursF1=0.608 (7.3m)
[shard 0] 980/2469 baseF1=0.561 oursF1=0.612 (7.5m)
[shard 0] 1000/2469 baseF1=0.558 oursF1=0.609 (7.6m)
[shard 0] 1020/2469 baseF1=0.558 oursF1=0.610 (7.8m)
[shard 0] 1040/2469 baseF1=0.561 oursF1=0.609 (7.9m)
[shard 0] 1060/2469 baseF1=0.562 oursF1=0.610 (8.1m)
[shard 0] 1080/2469 baseF1=0.558 oursF1=0.607 (8.3m)
[shard 0] 1100/2469 baseF1=0.558 oursF1=0.609 (8.4m)
[shard 0] 1120/2469 baseF1=0.555 oursF1=0.606 (8.6m)
