Loading weights:   0%|          | 0/398 [00:00<?, ?it/s]Loading weights: 100%|██████████| 398/398 [00:00<00:00, 8758.08it/s]
[ours] loaded 324 steer tensors; prefix_write=True; cfg=PrefixSteerConfig(num_prefix_tokens=64, sliding_window_size=256, mem_num_heads=8, mem_head_dim=64, steer_mode='deltamem', normal_attends_prefix=True, prefix_sees_query=True, prefix_init_std=0.7, prefix_init_dist='normal', prefix_write=True, read_prefix_only=False, memory_mode='dynamic', write_ctx_only=True, prefix_write_layout='global', prefix_write_overlap_tokens=0, pool_reads=True, pool_gate=False, pool_gate_input='rm', pool_gate_max=2.0, pool_gate_bias=0.0, steer_layers=(), prefix_layers=(), steer_gain=0.1, share_qkv=False, memory_value_source='trainable', delta_heads='qkvo', delta_rank=0, read_proj_dim=0, output_fusion='fixed', o_fusion_position='pre_o', output_fusion_eps=1e-06, output_fusion_scale_max=10.0, fusion_lambda_init=0.1, fusion_lambda_max=1.0, fusion_ema_momentum=0.99, history_pool_mode='none', hybrid_read_mode='none', hybrid_prefix_gate_mode='fixed', hybrid_prefix_gate_init=0.1)
Using the latest cached version of the dataset since hotpotqa/hotpot_qa couldn't be found on the Hugging Face Hub (offline mode is enabled).
Found the latest cached dataset configuration 'distractor' at /home/mingze/.cache/huggingface/datasets/hotpotqa___hotpot_qa/distractor/0.0.0/1908d6afbbead072334abe2965f91bd2709910ab (last modified on Wed Aug 12 07:46:01 2026).
[shard 0] 3703 examples
[shard 0] 20/3703 baseF1=0.727 oursF1=0.693 (0.3m)
[shard 0] 40/3703 baseF1=0.716 oursF1=0.673 (0.6m)
[shard 0] 60/3703 baseF1=0.623 oursF1=0.631 (0.8m)
[shard 0] 80/3703 baseF1=0.598 oursF1=0.607 (1.1m)
[shard 0] 100/3703 baseF1=0.593 oursF1=0.612 (1.3m)
[shard 0] 120/3703 baseF1=0.601 oursF1=0.620 (1.6m)
[shard 0] 140/3703 baseF1=0.585 oursF1=0.610 (1.8m)
[shard 0] 160/3703 baseF1=0.568 oursF1=0.615 (2.2m)
[shard 0] 180/3703 baseF1=0.566 oursF1=0.611 (2.4m)
[shard 0] 200/3703 baseF1=0.561 oursF1=0.596 (2.7m)
[shard 0] 220/3703 baseF1=0.576 oursF1=0.615 (3.0m)
[shard 0] 240/3703 baseF1=0.580 oursF1=0.614 (3.2m)
[shard 0] 260/3703 baseF1=0.587 oursF1=0.628 (3.5m)
[shard 0] 280/3703 baseF1=0.590 oursF1=0.624 (3.7m)
[shard 0] 300/3703 baseF1=0.599 oursF1=0.634 (4.0m)
[shard 0] 320/3703 baseF1=0.598 oursF1=0.633 (4.3m)
[shard 0] 340/3703 baseF1=0.602 oursF1=0.636 (4.6m)
[shard 0] 360/3703 baseF1=0.603 oursF1=0.642 (4.9m)
[shard 0] 380/3703 baseF1=0.590 oursF1=0.635 (5.1m)
[shard 0] 400/3703 baseF1=0.588 oursF1=0.636 (5.3m)
[shard 0] 420/3703 baseF1=0.586 oursF1=0.639 (5.6m)
[shard 0] 440/3703 baseF1=0.588 oursF1=0.640 (5.8m)
[shard 0] 460/3703 baseF1=0.589 oursF1=0.646 (6.0m)
[shard 0] 480/3703 baseF1=0.596 oursF1=0.655 (6.2m)
[shard 0] 500/3703 baseF1=0.589 oursF1=0.658 (6.4m)
[shard 0] 520/3703 baseF1=0.589 oursF1=0.658 (6.6m)
[shard 0] 540/3703 baseF1=0.592 oursF1=0.663 (6.9m)
[shard 0] 560/3703 baseF1=0.588 oursF1=0.662 (7.3m)
[shard 0] 580/3703 baseF1=0.586 oursF1=0.662 (7.6m)
[shard 0] 600/3703 baseF1=0.585 oursF1=0.660 (7.8m)
[shard 0] 620/3703 baseF1=0.582 oursF1=0.660 (8.1m)
[shard 0] 640/3703 baseF1=0.583 oursF1=0.661 (8.3m)
[shard 0] 660/3703 baseF1=0.587 oursF1=0.663 (8.6m)
[shard 0] 680/3703 baseF1=0.588 oursF1=0.665 (8.8m)
[shard 0] 700/3703 baseF1=0.587 oursF1=0.665 (9.1m)
[shard 0] 720/3703 baseF1=0.589 oursF1=0.665 (9.3m)
[shard 0] 740/3703 baseF1=0.590 oursF1=0.667 (9.6m)
[shard 0] 760/3703 baseF1=0.586 oursF1=0.663 (9.8m)
[shard 0] 780/3703 baseF1=0.591 oursF1=0.667 (10.1m)
[shard 0] 800/3703 baseF1=0.586 oursF1=0.664 (10.3m)
[shard 0] 820/3703 baseF1=0.585 oursF1=0.661 (10.6m)
[shard 0] 840/3703 baseF1=0.585 oursF1=0.658 (10.8m)
[shard 0] 860/3703 baseF1=0.582 oursF1=0.654 (11.1m)
[shard 0] 880/3703 baseF1=0.582 oursF1=0.655 (11.3m)
[shard 0] 900/3703 baseF1=0.580 oursF1=0.652 (11.6m)
[shard 0] 920/3703 baseF1=0.579 oursF1=0.654 (11.8m)
[shard 0] 940/3703 baseF1=0.579 oursF1=0.656 (12.1m)
[shard 0] 960/3703 baseF1=0.583 oursF1=0.659 (12.3m)
[shard 0] 980/3703 baseF1=0.584 oursF1=0.661 (12.5m)
[shard 0] 1000/3703 baseF1=0.580 oursF1=0.659 (12.8m)
[shard 0] 1020/3703 baseF1=0.582 oursF1=0.658 (13.1m)
[shard 0] 1040/3703 baseF1=0.580 oursF1=0.658 (13.3m)
[shard 0] 1060/3703 baseF1=0.579 oursF1=0.661 (13.7m)
[shard 0] 1080/3703 baseF1=0.580 oursF1=0.662 (13.9m)
[shard 0] 1100/3703 baseF1=0.579 oursF1=0.665 (14.1m)
[shard 0] 1120/3703 baseF1=0.581 oursF1=0.666 (14.3m)
[shard 0] 1140/3703 baseF1=0.580 oursF1=0.665 (14.6m)
[shard 0] 1160/3703 baseF1=0.577 oursF1=0.665 (14.8m)
[shard 0] 1180/3703 baseF1=0.577 oursF1=0.664 (15.1m)
[shard 0] 1200/3703 baseF1=0.577 oursF1=0.664 (15.4m)
[shard 0] 1220/3703 baseF1=0.576 oursF1=0.665 (15.7m)
[shard 0] 1240/3703 baseF1=0.574 oursF1=0.667 (15.9m)
[shard 0] 1260/3703 baseF1=0.572 oursF1=0.665 (16.2m)
[shard 0] 1280/3703 baseF1=0.570 oursF1=0.661 (16.4m)
[shard 0] 1300/3703 baseF1=0.571 oursF1=0.662 (16.7m)
[shard 0] 1320/3703 baseF1=0.572 oursF1=0.661 (16.9m)
[shard 0] 1340/3703 baseF1=0.570 oursF1=0.660 (17.1m)
[shard 0] 1360/3703 baseF1=0.567 oursF1=0.661 (17.4m)
[shard 0] 1380/3703 baseF1=0.569 oursF1=0.663 (17.7m)
[shard 0] 1400/3703 baseF1=0.570 oursF1=0.665 (17.9m)
[shard 0] 1420/3703 baseF1=0.571 oursF1=0.667 (18.1m)
[shard 0] 1440/3703 baseF1=0.574 oursF1=0.669 (18.4m)
[shard 0] 1460/3703 baseF1=0.574 oursF1=0.668 (18.6m)
[shard 0] 1480/3703 baseF1=0.575 oursF1=0.670 (18.9m)
[shard 0] 1500/3703 baseF1=0.573 oursF1=0.669 (19.2m)
[shard 0] 1520/3703 baseF1=0.572 oursF1=0.668 (19.5m)
[shard 0] 1540/3703 baseF1=0.572 oursF1=0.667 (19.8m)
[shard 0] 1560/3703 baseF1=0.573 oursF1=0.668 (19.9m)
[shard 0] 1580/3703 baseF1=0.572 oursF1=0.670 (20.2m)
[shard 0] 1600/3703 baseF1=0.572 oursF1=0.670 (20.5m)
[shard 0] 1620/3703 baseF1=0.572 oursF1=0.670 (20.8m)
[shard 0] 1640/3703 baseF1=0.573 oursF1=0.671 (21.0m)
[shard 0] 1660/3703 baseF1=0.572 oursF1=0.670 (21.3m)
[shard 0] 1680/3703 baseF1=0.572 oursF1=0.669 (21.5m)
[shard 0] 1700/3703 baseF1=0.571 oursF1=0.668 (21.8m)
[shard 0] 1720/3703 baseF1=0.570 oursF1=0.668 (22.0m)
[shard 0] 1740/3703 baseF1=0.570 oursF1=0.670 (22.2m)
[shard 0] 1760/3703 baseF1=0.570 oursF1=0.669 (22.5m)
[shard 0] 1780/3703 baseF1=0.569 oursF1=0.668 (22.7m)
[shard 0] 1800/3703 baseF1=0.571 oursF1=0.668 (22.9m)
[shard 0] 1820/3703 baseF1=0.571 oursF1=0.668 (23.2m)
[shard 0] 1840/3703 baseF1=0.571 oursF1=0.668 (23.5m)
[shard 0] 1860/3703 baseF1=0.569 oursF1=0.668 (23.7m)
[shard 0] 1880/3703 baseF1=0.568 oursF1=0.668 (23.9m)
[shard 0] 1900/3703 baseF1=0.567 oursF1=0.667 (24.2m)
[shard 0] 1920/3703 baseF1=0.567 oursF1=0.668 (24.4m)
[shard 0] 1940/3703 baseF1=0.565 oursF1=0.666 (24.6m)
[shard 0] 1960/3703 baseF1=0.564 oursF1=0.668 (24.8m)
[shard 0] 1980/3703 baseF1=0.565 oursF1=0.667 (25.1m)
[shard 0] 2000/3703 baseF1=0.563 oursF1=0.665 (25.3m)
[shard 0] 2020/3703 baseF1=0.561 oursF1=0.664 (25.6m)
[shard 0] 2040/3703 baseF1=0.562 oursF1=0.664 (25.9m)
[shard 0] 2060/3703 baseF1=0.562 oursF1=0.664 (26.2m)
[shard 0] 2080/3703 baseF1=0.565 oursF1=0.667 (26.5m)
[shard 0] 2100/3703 baseF1=0.565 oursF1=0.665 (26.7m)
[shard 0] 2120/3703 baseF1=0.566 oursF1=0.666 (27.0m)
[shard 0] 2140/3703 baseF1=0.567 oursF1=0.667 (27.2m)
[shard 0] 2160/3703 baseF1=0.567 oursF1=0.668 (27.5m)
[shard 0] 2180/3703 baseF1=0.567 oursF1=0.668 (27.7m)
[shard 0] 2200/3703 baseF1=0.568 oursF1=0.669 (28.0m)
[shard 0] 2220/3703 baseF1=0.568 oursF1=0.670 (28.3m)
[shard 0] 2240/3703 baseF1=0.567 oursF1=0.670 (28.5m)
[shard 0] 2260/3703 baseF1=0.568 oursF1=0.671 (28.8m)
[shard 0] 2280/3703 baseF1=0.567 oursF1=0.671 (29.1m)
[shard 0] 2300/3703 baseF1=0.567 oursF1=0.669 (29.3m)
[shard 0] 2320/3703 baseF1=0.567 oursF1=0.669 (29.6m)
[shard 0] 2340/3703 baseF1=0.567 oursF1=0.669 (29.8m)
[shard 0] 2360/3703 baseF1=0.568 oursF1=0.670 (30.0m)
[shard 0] 2380/3703 baseF1=0.567 oursF1=0.669 (30.3m)
[shard 0] 2400/3703 baseF1=0.566 oursF1=0.669 (30.5m)
[shard 0] 2420/3703 baseF1=0.565 oursF1=0.668 (30.8m)
[shard 0] 2440/3703 baseF1=0.563 oursF1=0.667 (31.0m)
[shard 0] 2460/3703 baseF1=0.563 oursF1=0.667 (31.3m)
[shard 0] 2480/3703 baseF1=0.563 oursF1=0.667 (31.5m)
[shard 0] 2500/3703 baseF1=0.562 oursF1=0.667 (31.9m)
[shard 0] 2520/3703 baseF1=0.562 oursF1=0.667 (32.1m)
[shard 0] 2540/3703 baseF1=0.563 oursF1=0.667 (32.4m)
[shard 0] 2560/3703 baseF1=0.563 oursF1=0.667 (32.6m)
[shard 0] 2580/3703 baseF1=0.562 oursF1=0.668 (32.9m)
[shard 0] 2600/3703 baseF1=0.562 oursF1=0.668 (33.1m)
[shard 0] 2620/3703 baseF1=0.562 oursF1=0.668 (33.3m)
[shard 0] 2640/3703 baseF1=0.563 oursF1=0.669 (33.5m)
[shard 0] 2660/3703 baseF1=0.563 oursF1=0.669 (33.7m)
[shard 0] 2680/3703 baseF1=0.563 oursF1=0.669 (33.9m)
[shard 0] 2700/3703 baseF1=0.564 oursF1=0.669 (34.2m)
[shard 0] 2720/3703 baseF1=0.563 oursF1=0.669 (34.5m)
[shard 0] 2740/3703 baseF1=0.563 oursF1=0.670 (34.7m)
[shard 0] 2760/3703 baseF1=0.564 oursF1=0.669 (35.0m)
[shard 0] 2780/3703 baseF1=0.564 oursF1=0.669 (35.2m)
[shard 0] 2800/3703 baseF1=0.566 oursF1=0.670 (35.5m)
[shard 0] 2820/3703 baseF1=0.566 oursF1=0.671 (35.7m)
[shard 0] 2840/3703 baseF1=0.566 oursF1=0.670 (36.0m)
[shard 0] 2860/3703 baseF1=0.567 oursF1=0.670 (36.2m)
[shard 0] 2880/3703 baseF1=0.567 oursF1=0.671 (36.5m)
[shard 0] 2900/3703 baseF1=0.568 oursF1=0.671 (36.7m)
[shard 0] 2920/3703 baseF1=0.567 oursF1=0.670 (36.9m)
[shard 0] 2940/3703 baseF1=0.568 oursF1=0.671 (37.1m)
[shard 0] 2960/3703 baseF1=0.569 oursF1=0.671 (37.3m)
[shard 0] 2980/3703 baseF1=0.569 oursF1=0.671 (37.6m)
[shard 0] 3000/3703 baseF1=0.569 oursF1=0.670 (37.8m)
[shard 0] 3020/3703 baseF1=0.569 oursF1=0.670 (38.1m)
[shard 0] 3040/3703 baseF1=0.568 oursF1=0.671 (38.3m)
[shard 0] 3060/3703 baseF1=0.568 oursF1=0.671 (38.6m)
[shard 0] 3080/3703 baseF1=0.569 oursF1=0.671 (38.8m)
[shard 0] 3100/3703 baseF1=0.569 oursF1=0.671 (39.0m)
[shard 0] 3120/3703 baseF1=0.570 oursF1=0.671 (39.3m)
[shard 0] 3140/3703 baseF1=0.570 oursF1=0.671 (39.5m)
[shard 0] 3160/3703 baseF1=0.570 oursF1=0.671 (39.9m)
[shard 0] 3180/3703 baseF1=0.570 oursF1=0.670 (40.1m)
[shard 0] 3200/3703 baseF1=0.569 oursF1=0.669 (40.3m)
[shard 0] 3220/3703 baseF1=0.568 oursF1=0.668 (40.6m)
[shard 0] 3240/3703 baseF1=0.569 oursF1=0.669 (40.8m)
[shard 0] 3260/3703 baseF1=0.568 oursF1=0.670 (41.1m)
[shard 0] 3280/3703 baseF1=0.568 oursF1=0.669 (41.3m)
[shard 0] 3300/3703 baseF1=0.568 oursF1=0.669 (41.5m)
[shard 0] 3320/3703 baseF1=0.567 oursF1=0.670 (41.8m)
[shard 0] 3340/3703 baseF1=0.568 oursF1=0.670 (42.2m)
[shard 0] 3360/3703 baseF1=0.567 oursF1=0.670 (42.5m)
[shard 0] 3380/3703 baseF1=0.567 oursF1=0.670 (42.8m)
[shard 0] 3400/3703 baseF1=0.567 oursF1=0.670 (43.0m)
[shard 0] 3420/3703 baseF1=0.567 oursF1=0.670 (43.3m)
[shard 0] 3440/3703 baseF1=0.568 oursF1=0.670 (43.5m)
[shard 0] 3460/3703 baseF1=0.568 oursF1=0.670 (43.8m)
[shard 0] 3480/3703 baseF1=0.568 oursF1=0.670 (44.1m)
[shard 0] 3500/3703 baseF1=0.567 oursF1=0.670 (44.4m)
[shard 0] 3520/3703 baseF1=0.566 oursF1=0.670 (44.7m)
[shard 0] 3540/3703 baseF1=0.566 oursF1=0.670 (44.9m)
[shard 0] 3560/3703 baseF1=0.565 oursF1=0.670 (45.1m)
[shard 0] 3580/3703 baseF1=0.566 oursF1=0.672 (45.4m)
[shard 0] 3600/3703 baseF1=0.566 oursF1=0.671 (45.6m)
[shard 0] 3620/3703 baseF1=0.565 oursF1=0.670 (45.8m)
[shard 0] 3640/3703 baseF1=0.566 oursF1=0.670 (46.0m)
[shard 0] 3660/3703 baseF1=0.566 oursF1=0.671 (46.3m)
[shard 0] 3680/3703 baseF1=0.567 oursF1=0.671 (46.6m)
[shard 0] 3700/3703 baseF1=0.566 oursF1=0.670 (46.9m)
[shard 0] DONE base: F1=0.5661 EM=0.4280 ours: F1=0.6707 EM=0.5312
