Loading weights:   0%|          | 0/398 [00:00<?, ?it/s]Loading weights: 100%|██████████| 398/398 [00:00<00:00, 10658.08it/s]
[ours] loaded 324 steer tensors; prefix_write=True; cfg=PrefixSteerConfig(num_prefix_tokens=64, sliding_window_size=256, mem_num_heads=8, mem_head_dim=64, steer_mode='deltamem', normal_attends_prefix=True, prefix_sees_query=True, prefix_init_std=0.7, prefix_init_dist='normal', prefix_write=True, read_prefix_only=False, memory_mode='dynamic', write_ctx_only=True, prefix_write_layout='global', prefix_write_overlap_tokens=0, pool_reads=True, pool_gate=False, pool_gate_input='rm', pool_gate_max=2.0, pool_gate_bias=0.0, steer_layers=(), prefix_layers=(), steer_gain=0.1, share_qkv=False, memory_value_source='trainable', delta_heads='qkvo', delta_rank=0, read_proj_dim=0, output_fusion='fixed', o_fusion_position='pre_o', output_fusion_eps=1e-06, output_fusion_scale_max=10.0, fusion_lambda_init=0.1, fusion_lambda_max=1.0, fusion_ema_momentum=0.99, history_pool_mode='none', hybrid_read_mode='none', hybrid_prefix_gate_mode='fixed', hybrid_prefix_gate_init=0.1)
Using the latest cached version of the dataset since hotpotqa/hotpot_qa couldn't be found on the Hugging Face Hub (offline mode is enabled).
Found the latest cached dataset configuration 'distractor' at /home/mingze/.cache/huggingface/datasets/hotpotqa___hotpot_qa/distractor/0.0.0/1908d6afbbead072334abe2965f91bd2709910ab (last modified on Wed Aug 12 07:46:01 2026).
[shard 1] 3702 examples
[shard 1] 20/3702 baseF1=0.557 oursF1=0.622 (0.4m)
[shard 1] 40/3702 baseF1=0.553 oursF1=0.619 (0.6m)
[shard 1] 60/3702 baseF1=0.558 oursF1=0.605 (0.9m)
[shard 1] 80/3702 baseF1=0.527 oursF1=0.614 (1.2m)
[shard 1] 100/3702 baseF1=0.544 oursF1=0.614 (1.5m)
[shard 1] 120/3702 baseF1=0.558 oursF1=0.620 (1.8m)
[shard 1] 140/3702 baseF1=0.546 oursF1=0.620 (2.2m)
[shard 1] 160/3702 baseF1=0.549 oursF1=0.627 (2.5m)
[shard 1] 180/3702 baseF1=0.534 oursF1=0.628 (2.7m)
[shard 1] 200/3702 baseF1=0.522 oursF1=0.618 (3.0m)
[shard 1] 220/3702 baseF1=0.529 oursF1=0.627 (3.2m)
[shard 1] 240/3702 baseF1=0.526 oursF1=0.623 (3.5m)
[shard 1] 260/3702 baseF1=0.531 oursF1=0.623 (3.8m)
[shard 1] 280/3702 baseF1=0.542 oursF1=0.628 (4.1m)
[shard 1] 300/3702 baseF1=0.552 oursF1=0.628 (4.4m)
[shard 1] 320/3702 baseF1=0.545 oursF1=0.634 (4.8m)
[shard 1] 340/3702 baseF1=0.543 oursF1=0.622 (5.1m)
[shard 1] 360/3702 baseF1=0.549 oursF1=0.624 (5.4m)
[shard 1] 380/3702 baseF1=0.554 oursF1=0.621 (5.7m)
[shard 1] 400/3702 baseF1=0.553 oursF1=0.628 (6.0m)
[shard 1] 420/3702 baseF1=0.548 oursF1=0.619 (6.3m)
[shard 1] 440/3702 baseF1=0.542 oursF1=0.612 (6.6m)
[shard 1] 460/3702 baseF1=0.537 oursF1=0.606 (7.0m)
[shard 1] 480/3702 baseF1=0.536 oursF1=0.606 (7.3m)
[shard 1] 500/3702 baseF1=0.537 oursF1=0.604 (7.5m)
[shard 1] 520/3702 baseF1=0.537 oursF1=0.607 (7.8m)
[shard 1] 540/3702 baseF1=0.540 oursF1=0.615 (8.1m)
[shard 1] 560/3702 baseF1=0.548 oursF1=0.618 (8.3m)
[shard 1] 580/3702 baseF1=0.550 oursF1=0.621 (8.6m)
[shard 1] 600/3702 baseF1=0.550 oursF1=0.619 (8.8m)
[shard 1] 620/3702 baseF1=0.550 oursF1=0.620 (9.1m)
[shard 1] 640/3702 baseF1=0.547 oursF1=0.616 (9.4m)
[shard 1] 660/3702 baseF1=0.546 oursF1=0.614 (9.7m)
[shard 1] 680/3702 baseF1=0.543 oursF1=0.611 (10.0m)
[shard 1] 700/3702 baseF1=0.547 oursF1=0.612 (10.3m)
[shard 1] 720/3702 baseF1=0.547 oursF1=0.614 (10.6m)
[shard 1] 740/3702 baseF1=0.550 oursF1=0.615 (10.9m)
[shard 1] 760/3702 baseF1=0.549 oursF1=0.614 (11.2m)
[shard 1] 780/3702 baseF1=0.552 oursF1=0.617 (11.4m)
[shard 1] 800/3702 baseF1=0.553 oursF1=0.615 (11.7m)
[shard 1] 820/3702 baseF1=0.553 oursF1=0.614 (12.0m)
[shard 1] 840/3702 baseF1=0.553 oursF1=0.615 (12.3m)
[shard 1] 860/3702 baseF1=0.554 oursF1=0.616 (12.6m)
[shard 1] 880/3702 baseF1=0.556 oursF1=0.616 (12.9m)
[shard 1] 900/3702 baseF1=0.554 oursF1=0.616 (13.2m)
[shard 1] 920/3702 baseF1=0.553 oursF1=0.617 (13.5m)
[shard 1] 940/3702 baseF1=0.552 oursF1=0.614 (14.0m)
[shard 1] 960/3702 baseF1=0.554 oursF1=0.617 (14.3m)
[shard 1] 980/3702 baseF1=0.558 oursF1=0.620 (14.5m)
[shard 1] 1000/3702 baseF1=0.559 oursF1=0.620 (14.8m)
[shard 1] 1020/3702 baseF1=0.557 oursF1=0.618 (15.1m)
[shard 1] 1040/3702 baseF1=0.556 oursF1=0.619 (15.4m)
[shard 1] 1060/3702 baseF1=0.558 oursF1=0.623 (15.7m)
[shard 1] 1080/3702 baseF1=0.557 oursF1=0.621 (15.9m)
[shard 1] 1100/3702 baseF1=0.557 oursF1=0.621 (16.1m)
[shard 1] 1120/3702 baseF1=0.554 oursF1=0.620 (16.3m)
[shard 1] 1140/3702 baseF1=0.553 oursF1=0.618 (16.6m)
[shard 1] 1160/3702 baseF1=0.550 oursF1=0.618 (16.9m)
[shard 1] 1180/3702 baseF1=0.552 oursF1=0.621 (17.1m)
[shard 1] 1200/3702 baseF1=0.553 oursF1=0.623 (17.4m)
[shard 1] 1220/3702 baseF1=0.554 oursF1=0.624 (17.6m)
[shard 1] 1240/3702 baseF1=0.554 oursF1=0.625 (17.9m)
[shard 1] 1260/3702 baseF1=0.554 oursF1=0.625 (18.2m)
[shard 1] 1280/3702 baseF1=0.553 oursF1=0.623 (18.5m)
[shard 1] 1300/3702 baseF1=0.553 oursF1=0.623 (18.7m)
[shard 1] 1320/3702 baseF1=0.553 oursF1=0.622 (19.0m)
[shard 1] 1340/3702 baseF1=0.554 oursF1=0.623 (19.2m)
[shard 1] 1360/3702 baseF1=0.554 oursF1=0.626 (19.5m)
[shard 1] 1380/3702 baseF1=0.555 oursF1=0.625 (19.8m)
[shard 1] 1400/3702 baseF1=0.551 oursF1=0.625 (20.0m)
[shard 1] 1420/3702 baseF1=0.552 oursF1=0.621 (20.3m)
[shard 1] 1440/3702 baseF1=0.551 oursF1=0.623 (20.6m)
[shard 1] 1460/3702 baseF1=0.552 oursF1=0.622 (20.9m)
[shard 1] 1480/3702 baseF1=0.555 oursF1=0.624 (21.2m)
[shard 1] 1500/3702 baseF1=0.555 oursF1=0.623 (21.4m)
[shard 1] 1520/3702 baseF1=0.554 oursF1=0.623 (21.7m)
[shard 1] 1540/3702 baseF1=0.553 oursF1=0.621 (22.0m)
[shard 1] 1560/3702 baseF1=0.555 oursF1=0.625 (22.3m)
[shard 1] 1580/3702 baseF1=0.555 oursF1=0.625 (22.6m)
[shard 1] 1600/3702 baseF1=0.554 oursF1=0.625 (22.8m)
[shard 1] 1620/3702 baseF1=0.552 oursF1=0.625 (23.0m)
[shard 1] 1640/3702 baseF1=0.553 oursF1=0.626 (23.3m)
[shard 1] 1660/3702 baseF1=0.552 oursF1=0.626 (23.6m)
[shard 1] 1680/3702 baseF1=0.551 oursF1=0.626 (23.9m)
[shard 1] 1700/3702 baseF1=0.553 oursF1=0.627 (24.2m)
[shard 1] 1720/3702 baseF1=0.553 oursF1=0.628 (24.5m)
[shard 1] 1740/3702 baseF1=0.552 oursF1=0.627 (24.8m)
[shard 1] 1760/3702 baseF1=0.553 oursF1=0.627 (25.0m)
[shard 1] 1780/3702 baseF1=0.554 oursF1=0.628 (25.3m)
[shard 1] 1800/3702 baseF1=0.554 oursF1=0.627 (25.6m)
[shard 1] 1820/3702 baseF1=0.555 oursF1=0.627 (25.8m)
[shard 1] 1840/3702 baseF1=0.555 oursF1=0.627 (26.0m)
[shard 1] 1860/3702 baseF1=0.555 oursF1=0.627 (26.4m)
[shard 1] 1880/3702 baseF1=0.555 oursF1=0.628 (26.6m)
[shard 1] 1900/3702 baseF1=0.556 oursF1=0.630 (26.8m)
[shard 1] 1920/3702 baseF1=0.557 oursF1=0.630 (27.1m)
[shard 1] 1940/3702 baseF1=0.556 oursF1=0.628 (27.5m)
[shard 1] 1960/3702 baseF1=0.555 oursF1=0.628 (27.8m)
[shard 1] 1980/3702 baseF1=0.554 oursF1=0.626 (28.0m)
[shard 1] 2000/3702 baseF1=0.555 oursF1=0.625 (28.2m)
[shard 1] 2020/3702 baseF1=0.554 oursF1=0.625 (28.5m)
[shard 1] 2040/3702 baseF1=0.554 oursF1=0.625 (28.8m)
[shard 1] 2060/3702 baseF1=0.554 oursF1=0.625 (29.1m)
[shard 1] 2080/3702 baseF1=0.555 oursF1=0.627 (29.3m)
[shard 1] 2100/3702 baseF1=0.555 oursF1=0.627 (29.6m)
[shard 1] 2120/3702 baseF1=0.556 oursF1=0.629 (29.8m)
[shard 1] 2140/3702 baseF1=0.555 oursF1=0.628 (30.1m)
[shard 1] 2160/3702 baseF1=0.555 oursF1=0.628 (30.4m)
[shard 1] 2180/3702 baseF1=0.555 oursF1=0.628 (30.8m)
[shard 1] 2200/3702 baseF1=0.556 oursF1=0.629 (31.0m)
[shard 1] 2220/3702 baseF1=0.557 oursF1=0.630 (31.3m)
[shard 1] 2240/3702 baseF1=0.557 oursF1=0.630 (31.5m)
[shard 1] 2260/3702 baseF1=0.557 oursF1=0.631 (31.8m)
[shard 1] 2280/3702 baseF1=0.557 oursF1=0.630 (32.0m)
[shard 1] 2300/3702 baseF1=0.556 oursF1=0.629 (32.4m)
[shard 1] 2320/3702 baseF1=0.557 oursF1=0.629 (32.7m)
[shard 1] 2340/3702 baseF1=0.557 oursF1=0.630 (33.0m)
[shard 1] 2360/3702 baseF1=0.557 oursF1=0.629 (33.3m)
[shard 1] 2380/3702 baseF1=0.558 oursF1=0.630 (33.5m)
[shard 1] 2400/3702 baseF1=0.558 oursF1=0.630 (33.8m)
[shard 1] 2420/3702 baseF1=0.558 oursF1=0.630 (34.2m)
[shard 1] 2440/3702 baseF1=0.556 oursF1=0.631 (34.4m)
[shard 1] 2460/3702 baseF1=0.555 oursF1=0.630 (34.7m)
[shard 1] 2480/3702 baseF1=0.555 oursF1=0.631 (35.1m)
[shard 1] 2500/3702 baseF1=0.555 oursF1=0.629 (35.3m)
[shard 1] 2520/3702 baseF1=0.555 oursF1=0.630 (35.6m)
[shard 1] 2540/3702 baseF1=0.554 oursF1=0.629 (35.8m)
[shard 1] 2560/3702 baseF1=0.555 oursF1=0.629 (36.1m)
[shard 1] 2580/3702 baseF1=0.555 oursF1=0.630 (36.3m)
[shard 1] 2600/3702 baseF1=0.555 oursF1=0.629 (36.6m)
[shard 1] 2620/3702 baseF1=0.555 oursF1=0.629 (37.0m)
[shard 1] 2640/3702 baseF1=0.554 oursF1=0.629 (37.3m)
[shard 1] 2660/3702 baseF1=0.554 oursF1=0.630 (37.6m)
[shard 1] 2680/3702 baseF1=0.555 oursF1=0.630 (38.0m)
[shard 1] 2700/3702 baseF1=0.553 oursF1=0.630 (38.2m)
[shard 1] 2720/3702 baseF1=0.554 oursF1=0.629 (38.5m)
[shard 1] 2740/3702 baseF1=0.554 oursF1=0.630 (38.7m)
[shard 1] 2760/3702 baseF1=0.555 oursF1=0.630 (39.1m)
[shard 1] 2780/3702 baseF1=0.556 oursF1=0.630 (39.4m)
[shard 1] 2800/3702 baseF1=0.554 oursF1=0.630 (39.7m)
[shard 1] 2820/3702 baseF1=0.553 oursF1=0.629 (40.1m)
[shard 1] 2840/3702 baseF1=0.553 oursF1=0.630 (40.3m)
[shard 1] 2860/3702 baseF1=0.555 oursF1=0.631 (40.6m)
[shard 1] 2880/3702 baseF1=0.555 oursF1=0.631 (40.9m)
[shard 1] 2900/3702 baseF1=0.556 oursF1=0.632 (41.1m)
[shard 1] 2920/3702 baseF1=0.557 oursF1=0.632 (41.4m)
[shard 1] 2940/3702 baseF1=0.557 oursF1=0.631 (41.7m)
[shard 1] 2960/3702 baseF1=0.556 oursF1=0.630 (42.2m)
[shard 1] 2980/3702 baseF1=0.556 oursF1=0.629 (42.5m)
[shard 1] 3000/3702 baseF1=0.556 oursF1=0.630 (42.8m)
[shard 1] 3020/3702 baseF1=0.555 oursF1=0.630 (43.1m)
[shard 1] 3040/3702 baseF1=0.556 oursF1=0.630 (43.3m)
[shard 1] 3060/3702 baseF1=0.557 oursF1=0.630 (43.6m)
[shard 1] 3080/3702 baseF1=0.557 oursF1=0.631 (43.9m)
[shard 1] 3100/3702 baseF1=0.556 oursF1=0.630 (44.2m)
[shard 1] 3120/3702 baseF1=0.556 oursF1=0.630 (44.5m)
[shard 1] 3140/3702 baseF1=0.558 oursF1=0.632 (44.7m)
[shard 1] 3160/3702 baseF1=0.557 oursF1=0.632 (45.0m)
[shard 1] 3180/3702 baseF1=0.557 oursF1=0.631 (45.2m)
[shard 1] 3200/3702 baseF1=0.558 oursF1=0.632 (45.4m)
[shard 1] 3220/3702 baseF1=0.558 oursF1=0.631 (45.8m)
[shard 1] 3240/3702 baseF1=0.558 oursF1=0.631 (46.1m)
[shard 1] 3260/3702 baseF1=0.558 oursF1=0.631 (46.3m)
[shard 1] 3280/3702 baseF1=0.558 oursF1=0.631 (46.6m)
[shard 1] 3300/3702 baseF1=0.558 oursF1=0.631 (46.9m)
[shard 1] 3320/3702 baseF1=0.559 oursF1=0.632 (47.3m)
[shard 1] 3340/3702 baseF1=0.559 oursF1=0.631 (47.5m)
[shard 1] 3360/3702 baseF1=0.560 oursF1=0.632 (47.8m)
[shard 1] 3380/3702 baseF1=0.560 oursF1=0.632 (48.1m)
[shard 1] 3400/3702 baseF1=0.560 oursF1=0.631 (48.5m)
[shard 1] 3420/3702 baseF1=0.560 oursF1=0.631 (48.8m)
[shard 1] 3440/3702 baseF1=0.560 oursF1=0.632 (49.1m)
[shard 1] 3460/3702 baseF1=0.560 oursF1=0.632 (49.4m)
[shard 1] 3480/3702 baseF1=0.561 oursF1=0.633 (49.7m)
[shard 1] 3500/3702 baseF1=0.562 oursF1=0.634 (50.0m)
[shard 1] 3520/3702 baseF1=0.562 oursF1=0.634 (50.4m)
[shard 1] 3540/3702 baseF1=0.563 oursF1=0.634 (50.6m)
[shard 1] 3560/3702 baseF1=0.562 oursF1=0.634 (51.0m)
[shard 1] 3580/3702 baseF1=0.563 oursF1=0.634 (51.2m)
[shard 1] 3600/3702 baseF1=0.563 oursF1=0.634 (51.6m)
[shard 1] 3620/3702 baseF1=0.563 oursF1=0.634 (51.8m)
[shard 1] 3640/3702 baseF1=0.563 oursF1=0.634 (52.2m)
[shard 1] 3660/3702 baseF1=0.563 oursF1=0.634 (52.4m)
[shard 1] 3680/3702 baseF1=0.563 oursF1=0.634 (52.7m)
[shard 1] 3700/3702 baseF1=0.563 oursF1=0.635 (53.0m)
[shard 1] DONE base: F1=0.5633 EM=0.4357 ours: F1=0.6346 EM=0.4800
