Loading weights:   0%|          | 0/398 [00:00<?, ?it/s]Loading weights: 100%|██████████| 398/398 [00:00<00:00, 10284.59it/s]
[ours-locomo] loaded 324 steer tensors; cfg=PrefixSteerConfig(num_prefix_tokens=64, sliding_window_size=256, mem_num_heads=8, mem_head_dim=64, steer_mode='deltamem', normal_attends_prefix=True, prefix_sees_query=True, prefix_init_std=0.7, prefix_init_dist='normal', prefix_write=True, read_prefix_only=False, memory_mode='dynamic', write_ctx_only=True, prefix_write_layout='global', prefix_write_overlap_tokens=0, pool_reads=True, pool_gate=False, pool_gate_input='rm', pool_gate_max=2.0, pool_gate_bias=0.0, steer_layers=(), prefix_layers=(), steer_gain=0.1, share_qkv=False, memory_value_source='trainable', delta_heads='qkvo', delta_rank=0, read_proj_dim=0, output_fusion='fixed', o_fusion_position='pre_o', output_fusion_eps=1e-06, output_fusion_scale_max=10.0, fusion_lambda_init=0.1, fusion_lambda_max=1.0, fusion_ema_momentum=0.99, history_pool_mode='none', hybrid_read_mode='none', hybrid_prefix_gate_mode='fixed', hybrid_prefix_gate_init=0.1)
[shard 0] 1540/1540 questions
[shard 0] 25/1540 overall={'base': 0.3717, 'ours': 0.563, 'ours_window_only': 0.5038}
[shard 0] 50/1540 overall={'base': 0.3265, 'ours': 0.4503, 'ours_window_only': 0.4567}
[shard 0] 75/1540 overall={'base': 0.2623, 'ours': 0.3674, 'ours_window_only': 0.3798}
[shard 0] 100/1540 overall={'base': 0.3103, 'ours': 0.3863, 'ours_window_only': 0.4051}
[shard 0] 125/1540 overall={'base': 0.3095, 'ours': 0.4118, 'ours_window_only': 0.4193}
[shard 0] 150/1540 overall={'base': 0.2671, 'ours': 0.3673, 'ours_window_only': 0.3746}
[shard 0] 175/1540 overall={'base': 0.2892, 'ours': 0.3819, 'ours_window_only': 0.3904}
[shard 0] 200/1540 overall={'base': 0.2856, 'ours': 0.3798, 'ours_window_only': 0.3916}
[shard 0] 225/1540 overall={'base': 0.2729, 'ours': 0.3651, 'ours_window_only': 0.375}
[shard 0] 250/1540 overall={'base': 0.2757, 'ours': 0.3677, 'ours_window_only': 0.3772}
[shard 0] 275/1540 overall={'base': 0.2594, 'ours': 0.351, 'ours_window_only': 0.3591}
[shard 0] 300/1540 overall={'base': 0.2451, 'ours': 0.3353, 'ours_window_only': 0.3424}
[shard 0] 325/1540 overall={'base': 0.261, 'ours': 0.353, 'ours_window_only': 0.3598}
[shard 0] 350/1540 overall={'base': 0.2471, 'ours': 0.3328, 'ours_window_only': 0.3393}
[shard 0] 375/1540 overall={'base': 0.2344, 'ours': 0.3179, 'ours_window_only': 0.3242}
[shard 0] 400/1540 overall={'base': 0.2292, 'ours': 0.3124, 'ours_window_only': 0.3189}
[shard 0] 425/1540 overall={'base': 0.2293, 'ours': 0.3113, 'ours_window_only': 0.319}
[shard 0] 450/1540 overall={'base': 0.2195, 'ours': 0.3084, 'ours_window_only': 0.3127}
[shard 0] 475/1540 overall={'base': 0.2164, 'ours': 0.3034, 'ours_window_only': 0.3085}
[shard 0] 500/1540 overall={'base': 0.2302, 'ours': 0.314, 'ours_window_only': 0.3206}
[shard 0] 525/1540 overall={'base': 0.2253, 'ours': 0.3089, 'ours_window_only': 0.3168}
[shard 0] 550/1540 overall={'base': 0.2231, 'ours': 0.3034, 'ours_window_only': 0.3125}
[shard 0] 575/1540 overall={'base': 0.2169, 'ours': 0.2932, 'ours_window_only': 0.3031}
[shard 0] 600/1540 overall={'base': 0.2162, 'ours': 0.2931, 'ours_window_only': 0.3035}
[shard 0] 625/1540 overall={'base': 0.2148, 'ours': 0.2907, 'ours_window_only': 0.3003}
[shard 0] 650/1540 overall={'base': 0.2091, 'ours': 0.2833, 'ours_window_only': 0.2934}
[shard 0] 675/1540 overall={'base': 0.223, 'ours': 0.2939, 'ours_window_only': 0.3047}
[shard 0] 700/1540 overall={'base': 0.23, 'ours': 0.2988, 'ours_window_only': 0.311}
[shard 0] 725/1540 overall={'base': 0.2249, 'ours': 0.2924, 'ours_window_only': 0.3041}
[shard 0] 750/1540 overall={'base': 0.2184, 'ours': 0.2851, 'ours_window_only': 0.2949}
[shard 0] 775/1540 overall={'base': 0.2176, 'ours': 0.2852, 'ours_window_only': 0.295}
[shard 0] 800/1540 overall={'base': 0.2155, 'ours': 0.286, 'ours_window_only': 0.2955}
[shard 0] 825/1540 overall={'base': 0.2149, 'ours': 0.2855, 'ours_window_only': 0.2976}
[shard 0] 850/1540 overall={'base': 0.2214, 'ours': 0.2947, 'ours_window_only': 0.3069}
[shard 0] 875/1540 overall={'base': 0.2168, 'ours': 0.2889, 'ours_window_only': 0.3013}
[shard 0] 900/1540 overall={'base': 0.2133, 'ours': 0.287, 'ours_window_only': 0.2986}
[shard 0] 925/1540 overall={'base': 0.2104, 'ours': 0.2864, 'ours_window_only': 0.2966}
[shard 0] 950/1540 overall={'base': 0.2064, 'ours': 0.2823, 'ours_window_only': 0.2926}
[shard 0] 975/1540 overall={'base': 0.2143, 'ours': 0.2881, 'ours_window_only': 0.2999}
[shard 0] 1000/1540 overall={'base': 0.2106, 'ours': 0.2829, 'ours_window_only': 0.2947}
[shard 0] 1025/1540 overall={'base': 0.2066, 'ours': 0.2786, 'ours_window_only': 0.2899}
[shard 0] 1050/1540 overall={'base': 0.2046, 'ours': 0.2772, 'ours_window_only': 0.2894}
[shard 0] 1075/1540 overall={'base': 0.2078, 'ours': 0.2794, 'ours_window_only': 0.2917}
[shard 0] 1100/1540 overall={'base': 0.2052, 'ours': 0.2777, 'ours_window_only': 0.29}
[shard 0] 1125/1540 overall={'base': 0.2047, 'ours': 0.2768, 'ours_window_only': 0.2889}
[shard 0] 1150/1540 overall={'base': 0.2096, 'ours': 0.2797, 'ours_window_only': 0.2922}
[shard 0] 1175/1540 overall={'base': 0.2134, 'ours': 0.2813, 'ours_window_only': 0.2975}
[shard 0] 1200/1540 overall={'base': 0.2106, 'ours': 0.2788, 'ours_window_only': 0.2941}
[shard 0] 1225/1540 overall={'base': 0.2076, 'ours': 0.2754, 'ours_window_only': 0.2903}
[shard 0] 1250/1540 overall={'base': 0.2112, 'ours': 0.2811, 'ours_window_only': 0.2956}
[shard 0] 1275/1540 overall={'base': 0.2123, 'ours': 0.2822, 'ours_window_only': 0.2963}
[shard 0] 1300/1540 overall={'base': 0.2104, 'ours': 0.2809, 'ours_window_only': 0.2947}
[shard 0] 1325/1540 overall={'base': 0.2148, 'ours': 0.2853, 'ours_window_only': 0.2996}
[shard 0] 1350/1540 overall={'base': 0.2178, 'ours': 0.2866, 'ours_window_only': 0.3013}
[shard 0] 1375/1540 overall={'base': 0.2147, 'ours': 0.283, 'ours_window_only': 0.2976}
[shard 0] 1400/1540 overall={'base': 0.2164, 'ours': 0.284, 'ours_window_only': 0.2986}
[shard 0] 1425/1540 overall={'base': 0.2155, 'ours': 0.2823, 'ours_window_only': 0.2971}
[shard 0] 1450/1540 overall={'base': 0.2134, 'ours': 0.281, 'ours_window_only': 0.2954}
[shard 0] 1475/1540 overall={'base': 0.2168, 'ours': 0.2843, 'ours_window_only': 0.2986}
[shard 0] 1500/1540 overall={'base': 0.2141, 'ours': 0.2811, 'ours_window_only': 0.2961}
[shard 0] 1525/1540 overall={'base': 0.2123, 'ours': 0.2774, 'ours_window_only': 0.2922}
[shard 0] base overall=0.2105 (n=1540)
[shard 0] ours overall=0.2759 (n=1540)
[shard 0] ours_window_only overall=0.2903 (n=1540)
