Loading weights:   0%|          | 0/398 [00:00<?, ?it/s]Loading weights: 100%|██████████| 398/398 [00:00<00:00, 10779.42it/s]
[ours] loaded 48 steer tensors; prefix_write=False; cfg=PrefixSteerConfig(num_prefix_tokens=0, sliding_window_size=256, mem_num_heads=1, mem_head_dim=128, steer_mode='deltamem', normal_attends_prefix=True, prefix_sees_query=True, prefix_init_std=0.7, prefix_init_dist='normal', prefix_write=False, read_prefix_only=False, memory_mode='dynamic', write_ctx_only=False, prefix_write_layout='global', prefix_write_overlap_tokens=0, pool_reads=False, pool_gate=False, pool_gate_input='rm', pool_gate_max=2.0, pool_gate_bias=0.0, steer_layers=(0, 3, 6, 9, 12, 15, 18, 21, 24, 27, 30, 33), prefix_layers=(), steer_gain=0.1, share_qkv=False, memory_value_source='main_v', delta_heads='o', delta_rank=0, read_proj_dim=0, output_fusion='fixed', o_fusion_position='pre_o', output_fusion_eps=1e-06, output_fusion_scale_max=10.0, fusion_lambda_init=0.1, fusion_lambda_max=1.0, fusion_ema_momentum=0.99, history_pool_mode='none', hybrid_read_mode='none', hybrid_prefix_gate_mode='fixed', hybrid_prefix_gate_init=0.1)
[eval] checkpoint has no persistent history writer; skipping redundant context WRITE pass
[shard 0] 300 examples
[shard 0] 20/300 baseF1=0.467 oursF1=0.448 (0.2m)
[shard 0] 40/300 baseF1=0.479 oursF1=0.484 (0.3m)
[shard 0] 60/300 baseF1=0.534 oursF1=0.520 (0.5m)
[shard 0] 80/300 baseF1=0.559 oursF1=0.515 (0.6m)
[shard 0] 100/300 baseF1=0.547 oursF1=0.519 (0.8m)
[shard 0] 120/300 baseF1=0.550 oursF1=0.550 (0.9m)
[shard 0] 140/300 baseF1=0.559 oursF1=0.569 (1.1m)
[shard 0] 160/300 baseF1=0.571 oursF1=0.582 (1.3m)
[shard 0] 180/300 baseF1=0.592 oursF1=0.581 (1.4m)
[shard 0] 200/300 baseF1=0.594 oursF1=0.593 (1.6m)
[shard 0] 220/300 baseF1=0.593 oursF1=0.601 (1.8m)
[shard 0] 240/300 baseF1=0.596 oursF1=0.603 (1.9m)
[shard 0] 260/300 baseF1=0.584 oursF1=0.589 (2.0m)
[shard 0] 280/300 baseF1=0.588 oursF1=0.592 (2.2m)
[shard 0] 300/300 baseF1=0.594 oursF1=0.601 (2.3m)
[shard 0] DONE base: F1=0.5939 EM=0.4767 ours: F1=0.6012 EM=0.4867
