Loading weights:   0%|          | 0/398 [00:00<?, ?it/s]Loading weights: 100%|██████████| 398/398 [00:00<00:00, 10825.34it/s]
[ours] loaded 36 diff-split tensors; cfg={'layers': [0, 3, 6, 9, 12, 15, 18, 21, 24, 27, 30, 33], 'read_dim': 128, 'window': 256, 'gamma': 1.0, 'dynamic_gate': False}
[eval] checkpoint has no persistent history writer; skipping redundant context WRITE pass
[shard 0] 300 examples
[shard 0] 20/300 baseF1=0.467 oursF1=0.447 (0.2m)
[shard 0] 40/300 baseF1=0.479 oursF1=0.469 (0.3m)
[shard 0] 60/300 baseF1=0.534 oursF1=0.515 (0.5m)
[shard 0] 80/300 baseF1=0.559 oursF1=0.520 (0.7m)
[shard 0] 100/300 baseF1=0.547 oursF1=0.525 (0.8m)
[shard 0] 120/300 baseF1=0.550 oursF1=0.528 (1.0m)
[shard 0] 140/300 baseF1=0.559 oursF1=0.541 (1.2m)
[shard 0] 160/300 baseF1=0.571 oursF1=0.564 (1.4m)
[shard 0] 180/300 baseF1=0.592 oursF1=0.572 (1.5m)
[shard 0] 200/300 baseF1=0.594 oursF1=0.579 (1.7m)
[shard 0] 220/300 baseF1=0.593 oursF1=0.587 (1.9m)
[shard 0] 240/300 baseF1=0.596 oursF1=0.585 (2.0m)
[shard 0] 260/300 baseF1=0.584 oursF1=0.570 (2.2m)
[shard 0] 280/300 baseF1=0.588 oursF1=0.575 (2.3m)
[shard 0] 300/300 baseF1=0.594 oursF1=0.580 (2.4m)
[shard 0] DONE base: F1=0.5939 EM=0.4767 ours: F1=0.5796 EM=0.4667
