Loading weights:   0%|          | 0/398 [00:00<?, ?it/s]Loading weights: 100%|██████████| 398/398 [00:00<00:00, 10472.60it/s]
[param_matched_lora_s1] LoRA r=58 on 12 layers x q,k,v,o -> trainable=14,254,080 (+0.69% vs 14,155,776)
[param_matched_lora_s1] variant=lora sign=0.0 adapter=False train_attn=False layers=36 heads/layer=0 trainable=14,254,080 (adapter=0, attn=14,254,080, steer=0) anneal_T=78 lr=2e-05 seed=1
Using the latest cached version of the dataset since allenai/qasper couldn't be found on the Hugging Face Hub
Found the latest cached dataset configuration 'default' at /home/mingze/.cache/huggingface/datasets/allenai___qasper/default/0.0.0/06806e4608976fc2fac0a090ac425d5b2b29caf4 (last modified on Tue Jul 28 03:00:47 2026).
[compose] total=935 (target_n=935) yes/no=28 (3.0%) ; pool yn=282 other=1711
Using the latest cached version of the dataset since allenai/qasper couldn't be found on the Hugging Face Hub
Found the latest cached dataset configuration 'default' at /home/mingze/.cache/huggingface/datasets/allenai___qasper/default/0.0.0/06806e4608976fc2fac0a090ac425d5b2b29caf4 (last modified on Tue Jul 28 03:00:47 2026).
[param_matched_lora_s1] train=935 val=187
[param_matched_lora_s1] step 1/156 loss 2.3682 gnorm 5.120 lr 5.00e-04 (0.1m)
[param_matched_lora_s1] step 9/156 loss 1.2871 gnorm 2.324 lr 5.00e-04 (1.0m)
[param_matched_lora_s1] step 17/156 loss 1.0049 gnorm 0.949 lr 5.00e-04 (1.9m)
[param_matched_lora_s1] step 25/156 loss 1.0587 gnorm 1.891 lr 5.00e-04 (2.8m)
[param_matched_lora_s1] step 33/156 loss 1.1712 gnorm 1.341 lr 5.00e-04 (3.7m)
[param_matched_lora_s1] step 41/156 loss 1.0129 gnorm 3.744 lr 5.00e-04 (4.6m)
[param_matched_lora_s1] step 49/156 loss 1.1315 gnorm 1.223 lr 5.00e-04 (5.5m)
[param_matched_lora_s1] step 52 val_loss 0.7384
[param_matched_lora_s1] step 57/156 loss 1.0006 gnorm 1.741 lr 5.00e-04 (6.5m)
[param_matched_lora_s1] step 65/156 loss 0.8895 gnorm 2.747 lr 5.00e-04 (7.4m)
[param_matched_lora_s1] step 73/156 loss 0.7573 gnorm 1.093 lr 5.00e-04 (8.3m)
[param_matched_lora_s1] step 81/156 loss 0.7071 gnorm 2.395 lr 5.00e-04 (9.2m)
[param_matched_lora_s1] step 89/156 loss 0.9182 gnorm 1.682 lr 5.00e-04 (10.1m)
[param_matched_lora_s1] step 97/156 loss 0.8285 gnorm 1.059 lr 5.00e-04 (11.0m)
[param_matched_lora_s1] step 104 val_loss 0.7672
[param_matched_lora_s1] step 105/156 loss 0.5565 gnorm 1.452 lr 5.00e-04 (12.0m)
[param_matched_lora_s1] step 113/156 loss 0.8496 gnorm 1.598 lr 5.00e-04 (12.9m)
[param_matched_lora_s1] step 121/156 loss 0.6987 gnorm 1.383 lr 5.00e-04 (13.8m)
[param_matched_lora_s1] step 129/156 loss 0.4396 gnorm 1.293 lr 5.00e-04 (14.7m)
[param_matched_lora_s1] step 137/156 loss 0.4937 gnorm 0.980 lr 5.00e-04 (15.6m)
[param_matched_lora_s1] step 145/156 loss 0.4996 gnorm 1.497 lr 5.00e-04 (16.5m)
[param_matched_lora_s1] step 153/156 loss 0.5184 gnorm 1.025 lr 5.00e-04 (17.4m)
[param_matched_lora_s1] step 156/156 loss 0.5758 gnorm 1.168 lr 5.00e-04 (17.7m)
[param_matched_lora_s1] step 156 val_loss 0.6925
[param_matched_lora_s1] FINAL val_loss=0.6925 F1=0.296 EM=0.0 n=187
[param_matched_lora_s1] DONE in 26.6 min -> /work/mingze/Posthoc_differential_memory/out_diffsplit_20260814/param_matched_lora_s1.json
