Loading weights:   0%|          | 0/398 [00:00<?, ?it/s]Loading weights: 100%|██████████| 398/398 [00:00<00:00, 10707.99it/s]
[param_matched_additive_s2] steer sidecar on 12 layers (delta_heads=o gain=0.1 P=0 value=main_v fusion=fixed@pre_o)
[param_matched_additive_s2] variant=swa_steer sign=0.0 adapter=False train_attn=False layers=36 heads/layer=0 trainable=14,155,776 (adapter=0, attn=0, steer=14,155,776) anneal_T=78 lr=2e-05 steer_lr=0.0005 seed=2
Using the latest cached version of the dataset since allenai/qasper couldn't be found on the Hugging Face Hub
Found the latest cached dataset configuration 'default' at /home/mingze/.cache/huggingface/datasets/allenai___qasper/default/0.0.0/06806e4608976fc2fac0a090ac425d5b2b29caf4 (last modified on Tue Jul 28 03:00:47 2026).
[compose] total=935 (target_n=935) yes/no=28 (3.0%) ; pool yn=282 other=1711
Using the latest cached version of the dataset since allenai/qasper couldn't be found on the Hugging Face Hub
Found the latest cached dataset configuration 'default' at /home/mingze/.cache/huggingface/datasets/allenai___qasper/default/0.0.0/06806e4608976fc2fac0a090ac425d5b2b29caf4 (last modified on Tue Jul 28 03:00:47 2026).
[param_matched_additive_s2] train=935 val=187
[param_matched_additive_s2] step 1/156 loss 4.6769 gnorm 0.277 lr 5.00e-04 (0.1m)
[param_matched_additive_s2] step 9/156 loss 2.2393 gnorm 0.284 lr 5.00e-04 (1.0m)
[param_matched_additive_s2] step 17/156 loss 1.8364 gnorm 0.137 lr 5.00e-04 (1.9m)
[param_matched_additive_s2] step 25/156 loss 1.5591 gnorm 0.130 lr 5.00e-04 (2.9m)
[param_matched_additive_s2] step 33/156 loss 1.3512 gnorm 0.116 lr 5.00e-04 (3.8m)
[param_matched_additive_s2] step 41/156 loss 1.2236 gnorm 0.105 lr 5.00e-04 (4.7m)
[param_matched_additive_s2] step 49/156 loss 1.0039 gnorm 0.124 lr 5.00e-04 (5.7m)
[param_matched_additive_s2] step 52 val_loss 0.7364
[param_matched_additive_s2] step 57/156 loss 1.0720 gnorm 0.090 lr 5.00e-04 (6.7m)
[param_matched_additive_s2] step 65/156 loss 1.0845 gnorm 0.129 lr 5.00e-04 (7.6m)
[param_matched_additive_s2] step 73/156 loss 1.2382 gnorm 0.152 lr 5.00e-04 (8.5m)
[param_matched_additive_s2] step 81/156 loss 0.9637 gnorm 0.074 lr 5.00e-04 (9.4m)
[param_matched_additive_s2] step 89/156 loss 1.0912 gnorm 0.103 lr 5.00e-04 (10.4m)
[param_matched_additive_s2] step 97/156 loss 1.1179 gnorm 0.086 lr 5.00e-04 (11.3m)
[param_matched_additive_s2] step 104 val_loss 0.7242
[param_matched_additive_s2] step 105/156 loss 0.9707 gnorm 0.117 lr 5.00e-04 (12.3m)
[param_matched_additive_s2] step 113/156 loss 0.8954 gnorm 0.106 lr 5.00e-04 (13.2m)
[param_matched_additive_s2] step 121/156 loss 0.9336 gnorm 0.123 lr 5.00e-04 (14.1m)
[param_matched_additive_s2] step 129/156 loss 0.9613 gnorm 0.067 lr 5.00e-04 (15.0m)
[param_matched_additive_s2] step 137/156 loss 1.1337 gnorm 0.101 lr 5.00e-04 (15.9m)
[param_matched_additive_s2] step 145/156 loss 0.8578 gnorm 0.184 lr 5.00e-04 (16.9m)
[param_matched_additive_s2] step 153/156 loss 0.8637 gnorm 0.118 lr 5.00e-04 (17.8m)
[param_matched_additive_s2] step 156/156 loss 1.0744 gnorm 0.095 lr 5.00e-04 (18.1m)
[param_matched_additive_s2] step 156 val_loss 0.6610
[param_matched_additive_s2] FINAL val_loss=0.6610 F1=0.2943 EM=0.0 n=187
[param_matched_additive_s2] saved 48 steer tensors
[param_matched_additive_s2] DONE in 27.2 min -> /work/mingze/Posthoc_differential_memory/out_diffsplit_20260814/param_matched_additive_s2.json
