Loading weights:   0%|          | 0/398 [00:00<?, ?it/s]Loading weights: 100%|██████████| 398/398 [00:00<00:00, 10306.43it/s]
[split_gamma0.25_s0] diff-split on 12 layers (read_dim=128 w=256 gamma=0.25 dyn=False) trainable=14,155,776
[split_gamma0.25_s0] diff-split trainable after set_trainable: 14,155,776 in 36 tensors
[split_gamma0.25_s0] variant=diff_split sign=0.0 adapter=False train_attn=False layers=36 heads/layer=0 trainable=14,155,776 (adapter=0, attn=7,864,320, steer=6,291,456) anneal_T=78 lr=2e-05 seed=0
Using the latest cached version of the dataset since allenai/qasper couldn't be found on the Hugging Face Hub
Found the latest cached dataset configuration 'default' at /home/mingze/.cache/huggingface/datasets/allenai___qasper/default/0.0.0/06806e4608976fc2fac0a090ac425d5b2b29caf4 (last modified on Tue Jul 28 03:00:47 2026).
[compose] total=935 (target_n=935) yes/no=28 (3.0%) ; pool yn=282 other=1711
Using the latest cached version of the dataset since allenai/qasper couldn't be found on the Hugging Face Hub
Found the latest cached dataset configuration 'default' at /home/mingze/.cache/huggingface/datasets/allenai___qasper/default/0.0.0/06806e4608976fc2fac0a090ac425d5b2b29caf4 (last modified on Tue Jul 28 03:00:47 2026).
[split_gamma0.25_s0] train=935 val=187
[split_gamma0.25_s0] step 1/156 loss 1.4792 gnorm 0.178 lr 5.00e-04 (0.1m)
[split_gamma0.25_s0] step 9/156 loss 2.0589 gnorm 0.844 lr 5.00e-04 (1.1m)
[split_gamma0.25_s0] step 17/156 loss 2.0399 gnorm 0.248 lr 5.00e-04 (2.1m)
[split_gamma0.25_s0] step 25/156 loss 2.2288 gnorm 0.165 lr 5.00e-04 (3.2m)
[split_gamma0.25_s0] step 33/156 loss 1.7043 gnorm 0.209 lr 5.00e-04 (4.2m)
[split_gamma0.25_s0] step 41/156 loss 1.5993 gnorm 0.570 lr 5.00e-04 (5.2m)
[split_gamma0.25_s0] step 49/156 loss 1.5903 gnorm 0.542 lr 5.00e-04 (6.2m)
[split_gamma0.25_s0] step 52 val_loss 1.2195
[split_gamma0.25_s0] step 57/156 loss 1.6916 gnorm 0.442 lr 5.00e-04 (7.2m)
[split_gamma0.25_s0] step 65/156 loss 1.5502 gnorm 0.538 lr 5.00e-04 (8.2m)
[split_gamma0.25_s0] step 73/156 loss 1.3346 gnorm 0.196 lr 5.00e-04 (9.2m)
[split_gamma0.25_s0] step 81/156 loss 1.4156 gnorm 0.413 lr 5.00e-04 (10.3m)
[split_gamma0.25_s0] step 89/156 loss 1.3006 gnorm 0.213 lr 5.00e-04 (11.3m)
[split_gamma0.25_s0] step 97/156 loss 1.1920 gnorm 0.470 lr 5.00e-04 (12.3m)
[split_gamma0.25_s0] step 104 val_loss 0.9900
[split_gamma0.25_s0] step 105/156 loss 1.3425 gnorm 0.303 lr 5.00e-04 (13.3m)
[split_gamma0.25_s0] step 113/156 loss 1.2879 gnorm 0.169 lr 5.00e-04 (14.3m)
[split_gamma0.25_s0] step 121/156 loss 1.2073 gnorm 0.176 lr 5.00e-04 (15.3m)
[split_gamma0.25_s0] step 129/156 loss 1.4012 gnorm 0.204 lr 5.00e-04 (16.3m)
[split_gamma0.25_s0] step 137/156 loss 1.3357 gnorm 0.162 lr 5.00e-04 (17.3m)
[split_gamma0.25_s0] step 145/156 loss 1.2088 gnorm 0.526 lr 5.00e-04 (18.3m)
[split_gamma0.25_s0] step 153/156 loss 1.2060 gnorm 0.235 lr 5.00e-04 (19.3m)
[split_gamma0.25_s0] step 156/156 loss 0.8526 gnorm 0.246 lr 5.00e-04 (19.6m)
[split_gamma0.25_s0] step 156 val_loss 0.9128
[split_gamma0.25_s0] FINAL val_loss=0.9128 F1=0.2639 EM=0.0 n=187
[split_gamma0.25_s0] saved 36 diff-split tensors
[split_gamma0.25_s0] DONE in 29.4 min -> /work/mingze/Posthoc_differential_memory/out_diffsplit_20260814/split_gamma0.25_s0.json
