Loading weights:   0%|          | 0/398 [00:00<?, ?it/s]Loading weights: 100%|██████████| 398/398 [00:00<00:00, 10776.22it/s]
[split_local256_fixed_s1] diff-split on 12 layers (read_dim=128 w=256 gamma=1.0 dyn=False) trainable=14,155,776
[split_local256_fixed_s1] diff-split trainable after set_trainable: 14,155,776 in 36 tensors
[split_local256_fixed_s1] variant=diff_split sign=0.0 adapter=False train_attn=False layers=36 heads/layer=0 trainable=14,155,776 (adapter=0, attn=7,864,320, steer=6,291,456) anneal_T=78 lr=2e-05 seed=1
Using the latest cached version of the dataset since allenai/qasper couldn't be found on the Hugging Face Hub (offline mode is enabled).
Found the latest cached dataset configuration 'default' at /home/mingze/.cache/huggingface/datasets/allenai___qasper/default/0.0.0/06806e4608976fc2fac0a090ac425d5b2b29caf4 (last modified on Tue Jul 28 03:00:47 2026).
[compose] total=935 (target_n=935) yes/no=28 (3.0%) ; pool yn=282 other=1711
Using the latest cached version of the dataset since allenai/qasper couldn't be found on the Hugging Face Hub (offline mode is enabled).
Found the latest cached dataset configuration 'default' at /home/mingze/.cache/huggingface/datasets/allenai___qasper/default/0.0.0/06806e4608976fc2fac0a090ac425d5b2b29caf4 (last modified on Tue Jul 28 03:00:47 2026).
[split_local256_fixed_s1] train=935 val=187
[split_local256_fixed_s1] step 1/156 loss 2.3682 gnorm 1.645 lr 5.00e-04 (0.1m)
[split_local256_fixed_s1] step 9/156 loss 2.1210 gnorm 4.041 lr 5.00e-04 (1.4m)
[split_local256_fixed_s1] step 17/156 loss 1.4911 gnorm 1.221 lr 5.00e-04 (2.8m)
[split_local256_fixed_s1] step 25/156 loss 1.5571 gnorm 1.008 lr 5.00e-04 (4.1m)
[split_local256_fixed_s1] step 33/156 loss 1.4665 gnorm 0.461 lr 5.00e-04 (5.3m)
[split_local256_fixed_s1] step 41/156 loss 1.1971 gnorm 2.126 lr 5.00e-04 (6.6m)
[split_local256_fixed_s1] step 49/156 loss 1.2833 gnorm 1.067 lr 5.00e-04 (7.9m)
[split_local256_fixed_s1] step 52 val_loss 0.8929
[split_local256_fixed_s1] step 57/156 loss 1.1428 gnorm 0.811 lr 5.00e-04 (9.3m)
[split_local256_fixed_s1] step 65/156 loss 1.2312 gnorm 0.614 lr 5.00e-04 (10.6m)
[split_local256_fixed_s1] step 73/156 loss 1.0248 gnorm 0.445 lr 5.00e-04 (11.9m)
[split_local256_fixed_s1] step 81/156 loss 0.9758 gnorm 0.359 lr 5.00e-04 (13.2m)
[split_local256_fixed_s1] step 89/156 loss 1.2771 gnorm 0.743 lr 5.00e-04 (14.4m)
[split_local256_fixed_s1] step 97/156 loss 1.0919 gnorm 0.438 lr 5.00e-04 (15.7m)
[split_local256_fixed_s1] step 104 val_loss 0.8073
[split_local256_fixed_s1] step 105/156 loss 0.7811 gnorm 0.508 lr 5.00e-04 (17.0m)
[split_local256_fixed_s1] step 113/156 loss 1.1335 gnorm 0.812 lr 5.00e-04 (18.3m)
[split_local256_fixed_s1] step 121/156 loss 1.1204 gnorm 0.616 lr 5.00e-04 (19.6m)
[split_local256_fixed_s1] step 129/156 loss 0.8732 gnorm 0.510 lr 5.00e-04 (20.8m)
[split_local256_fixed_s1] step 137/156 loss 0.9529 gnorm 0.537 lr 5.00e-04 (22.2m)
[split_local256_fixed_s1] step 145/156 loss 0.8800 gnorm 1.623 lr 5.00e-04 (23.5m)
[split_local256_fixed_s1] step 153/156 loss 0.9902 gnorm 0.560 lr 5.00e-04 (24.7m)
[split_local256_fixed_s1] step 156/156 loss 0.9932 gnorm 0.324 lr 5.00e-04 (25.2m)
[split_local256_fixed_s1] step 156 val_loss 0.7675
[split_local256_fixed_s1] FINAL val_loss=0.7675 F1=0.2987 EM=0.0 n=187
[split_local256_fixed_s1] saved 36 diff-split tensors
[split_local256_fixed_s1] DONE in 37.7 min -> /work/mingze/Posthoc_differential_memory/out_diffsplit_20260814/split_local256_fixed_s1.json
