Loading weights:   0%|          | 0/398 [00:00<?, ?it/s]Loading weights: 100%|██████████| 398/398 [00:00<00:00, 8811.47it/s]
[split_current_fixed_s0] diff-split on 12 layers (read_dim=128 w=1 gamma=1.0 dyn=False) trainable=14,155,776
[split_current_fixed_s0] diff-split trainable after set_trainable: 14,155,776 in 36 tensors
[split_current_fixed_s0] variant=diff_split sign=0.0 adapter=False train_attn=False layers=36 heads/layer=0 trainable=14,155,776 (adapter=0, attn=7,864,320, steer=6,291,456) anneal_T=78 lr=2e-05 seed=0
Using the latest cached version of the dataset since allenai/qasper couldn't be found on the Hugging Face Hub (offline mode is enabled).
Found the latest cached dataset configuration 'default' at /home/mingze/.cache/huggingface/datasets/allenai___qasper/default/0.0.0/06806e4608976fc2fac0a090ac425d5b2b29caf4 (last modified on Tue Jul 28 03:00:47 2026).
[compose] total=935 (target_n=935) yes/no=28 (3.0%) ; pool yn=282 other=1711
Using the latest cached version of the dataset since allenai/qasper couldn't be found on the Hugging Face Hub (offline mode is enabled).
Found the latest cached dataset configuration 'default' at /home/mingze/.cache/huggingface/datasets/allenai___qasper/default/0.0.0/06806e4608976fc2fac0a090ac425d5b2b29caf4 (last modified on Tue Jul 28 03:00:47 2026).
[split_current_fixed_s0] train=935 val=187
[split_current_fixed_s0] step 1/156 loss 1.4792 gnorm 0.708 lr 5.00e-04 (0.2m)
[split_current_fixed_s0] step 9/156 loss 1.6547 gnorm 0.744 lr 5.00e-04 (1.4m)
[split_current_fixed_s0] step 17/156 loss 1.4710 gnorm 0.899 lr 5.00e-04 (2.7m)
[split_current_fixed_s0] step 25/156 loss 1.6335 gnorm 0.281 lr 5.00e-04 (4.0m)
[split_current_fixed_s0] step 33/156 loss 1.3135 gnorm 0.448 lr 5.00e-04 (5.3m)
[split_current_fixed_s0] step 41/156 loss 1.2326 gnorm 0.408 lr 5.00e-04 (6.6m)
[split_current_fixed_s0] step 49/156 loss 1.2322 gnorm 0.255 lr 5.00e-04 (7.8m)
[split_current_fixed_s0] step 52 val_loss 0.8438
[split_current_fixed_s0] step 57/156 loss 1.3631 gnorm 0.301 lr 5.00e-04 (9.3m)
[split_current_fixed_s0] step 65/156 loss 1.1015 gnorm 0.602 lr 5.00e-04 (10.6m)
[split_current_fixed_s0] step 73/156 loss 1.0347 gnorm 0.354 lr 5.00e-04 (11.8m)
[split_current_fixed_s0] step 81/156 loss 1.0118 gnorm 0.347 lr 5.00e-04 (13.1m)
[split_current_fixed_s0] step 89/156 loss 1.0608 gnorm 0.211 lr 5.00e-04 (14.4m)
[split_current_fixed_s0] step 97/156 loss 0.9132 gnorm 0.346 lr 5.00e-04 (15.7m)
[split_current_fixed_s0] step 104 val_loss 0.7700
[split_current_fixed_s0] step 105/156 loss 1.0786 gnorm 0.357 lr 5.00e-04 (17.0m)
[split_current_fixed_s0] step 113/156 loss 1.0475 gnorm 0.202 lr 5.00e-04 (18.3m)
[split_current_fixed_s0] step 121/156 loss 0.9278 gnorm 0.241 lr 5.00e-04 (19.5m)
[split_current_fixed_s0] step 129/156 loss 1.1290 gnorm 0.252 lr 5.00e-04 (20.8m)
[split_current_fixed_s0] step 137/156 loss 0.9548 gnorm 0.242 lr 5.00e-04 (22.1m)
[split_current_fixed_s0] step 145/156 loss 0.9410 gnorm 0.250 lr 5.00e-04 (23.3m)
[split_current_fixed_s0] step 153/156 loss 0.9318 gnorm 0.214 lr 5.00e-04 (24.6m)
[split_current_fixed_s0] step 156/156 loss 0.6008 gnorm 0.226 lr 5.00e-04 (25.0m)
[split_current_fixed_s0] step 156 val_loss 0.7335
[split_current_fixed_s0] FINAL val_loss=0.7335 F1=0.2863 EM=0.0 n=187
[split_current_fixed_s0] saved 36 diff-split tensors
[split_current_fixed_s0] DONE in 37.2 min -> /work/mingze/Posthoc_differential_memory/out_diffsplit_20260814/split_current_fixed_s0.json
