[additive_s2] arm=additive params={'total': 107286528, 'trainable': 786432, 'attention': 6030336, 'embedding': 77654528, 'non_embedding': 29632000} tokens/step=131,072 steps=1,525 600,047,616->800,047,616 stage2@None
[additive_s2] step 1/1525 tok 600,178,688 loss 3.5359 gn 0.01 lr 1.67e-05 0 tok/s (0.1m)
[additive_s2] step 50/1525 tok 606,601,216 loss 3.4564 gn 0.01 lr 5.00e-04 90,014 tok/s (1.3m)
[additive_s2] step 100/1525 tok 613,154,816 loss 3.4295 gn 0.01 lr 4.98e-04 90,097 tok/s (2.5m)
[additive_s2] step 150/1525 tok 619,708,416 loss 3.5554 gn 0.01 lr 4.93e-04 90,103 tok/s (3.7m)
[additive_s2] step 200/1525 tok 626,262,016 loss 3.4837 gn 0.01 lr 4.86e-04 89,944 tok/s (4.9m)
[additive_s2] step 250/1525 tok 632,815,616 loss 3.5764 gn 0.01 lr 4.76e-04 89,759 tok/s (6.1m)
[additive_s2] step 300/1525 tok 639,369,216 loss 3.3706 gn 0.01 lr 4.65e-04 89,757 tok/s (7.3m)
[additive_s2] step 350/1525 tok 645,922,816 loss 3.6159 gn 0.01 lr 4.51e-04 89,883 tok/s (8.6m)
[additive_s2] step 400/1525 tok 652,476,416 loss 3.6089 gn 0.01 lr 4.35e-04 90,076 tok/s (9.8m)
[additive_s2] step 450/1525 tok 659,030,016 loss 3.5251 gn 0.01 lr 4.18e-04 90,072 tok/s (11.0m)
[additive_s2] step 500/1525 tok 665,583,616 loss 3.5684 gn 0.01 lr 3.99e-04 90,072 tok/s (12.2m)
[additive_s2] step 500 VAL nll 3.7516 ppl 42.59 bypos {'0-128': 3.9320206449859327, '128-512': 3.703615959061549, '512-1024': 3.7799965430853164, '1024-2048': 3.7528917007483247, '2048-4096': 3.74166856513117}
[additive_s2] step 550/1525 tok 672,137,216 loss 3.5282 gn 0.01 lr 3.79e-04 89,164 tok/s (13.4m)
[additive_s2] step 600/1525 tok 678,690,816 loss 3.4823 gn 0.02 lr 3.57e-04 90,085 tok/s (14.6m)
[additive_s2] step 650/1525 tok 685,244,416 loss 3.4443 gn 0.01 lr 3.35e-04 89,868 tok/s (15.8m)
[additive_s2] step 700/1525 tok 691,798,016 loss 3.5238 gn 0.01 lr 3.11e-04 89,930 tok/s (17.1m)
[additive_s2] step 750/1525 tok 698,351,616 loss 3.4476 gn 0.02 lr 2.88e-04 90,113 tok/s (18.3m)
[additive_s2] step 800/1525 tok 704,905,216 loss 3.5565 gn 0.01 lr 2.64e-04 90,113 tok/s (19.5m)
[additive_s2] step 850/1525 tok 711,458,816 loss 3.4503 gn 0.01 lr 2.41e-04 90,114 tok/s (20.7m)
[additive_s2] step 900/1525 tok 718,012,416 loss 3.4928 gn 0.02 lr 2.18e-04 90,110 tok/s (21.9m)
[additive_s2] step 950/1525 tok 724,566,016 loss 3.5032 gn 0.01 lr 1.95e-04 90,108 tok/s (23.1m)
[additive_s2] step 1000/1525 tok 731,119,616 loss 3.5615 gn 0.02 lr 1.74e-04 90,098 tok/s (24.3m)
[additive_s2] step 1000 VAL nll 3.7507 ppl 42.55 bypos {'0-128': 3.9307735573468356, '128-512': 3.702732026872301, '512-1024': 3.779333063100067, '1024-2048': 3.7521461085760213, '2048-4096': 3.740647128268824}
[additive_s2] step 1050/1525 tok 737,673,216 loss 3.4991 gn 0.01 lr 1.53e-04 89,182 tok/s (25.6m)
[additive_s2] step 1100/1525 tok 744,226,816 loss 3.4714 gn 0.02 lr 1.34e-04 90,102 tok/s (26.8m)
[additive_s2] step 1150/1525 tok 750,780,416 loss 3.4051 gn 0.02 lr 1.16e-04 90,101 tok/s (28.0m)
[additive_s2] step 1200/1525 tok 757,334,016 loss 3.5039 gn 0.02 lr 1.00e-04 90,100 tok/s (29.2m)
[additive_s2] step 1250/1525 tok 763,887,616 loss 3.5085 gn 0.02 lr 8.65e-05 90,113 tok/s (30.4m)
[additive_s2] step 1300/1525 tok 770,441,216 loss 3.5077 gn 0.02 lr 7.47e-05 90,110 tok/s (31.6m)
[additive_s2] step 1350/1525 tok 776,994,816 loss 3.5322 gn 0.02 lr 6.50e-05 90,110 tok/s (32.8m)
[additive_s2] step 1400/1525 tok 783,548,416 loss 3.5582 gn 0.02 lr 5.77e-05 90,114 tok/s (34.0m)
[additive_s2] step 1450/1525 tok 790,102,016 loss 3.6087 gn 0.02 lr 5.28e-05 90,116 tok/s (35.3m)
[additive_s2] step 1500/1525 tok 796,655,616 loss 3.5877 gn 0.02 lr 5.03e-05 90,114 tok/s (36.5m)
[additive_s2] step 1500 VAL nll 3.7505 ppl 42.54 bypos {'0-128': 3.92958883585581, '128-512': 3.7031040401088724, '512-1024': 3.7787872451812863, '1024-2048': 3.7517626616142405, '2048-4096': 3.7405016809584066}
[additive_s2] FINAL nll=3.6698 ppl=39.24 bypos={'0-128': 3.934285048959745, '128-512': 3.697552691842104, '512-1024': 3.6570043300729997, '1024-2048': 3.647571891406366, '2048-4096': 3.662341972483927} in 37.14m
