[additive_s0] arm=additive params={'total': 107286528, 'trainable': 786432, 'attention': 6030336, 'embedding': 77654528, 'non_embedding': 29632000} tokens/step=131,072 steps=1,525 600,047,616->800,047,616 stage2@None
[additive_s0] step 1/1525 tok 600,178,688 loss 3.5461 gn 0.01 lr 1.67e-05 0 tok/s (0.1m)
[additive_s0] step 50/1525 tok 606,601,216 loss 3.4705 gn 0.01 lr 5.00e-04 89,330 tok/s (1.3m)
[additive_s0] step 100/1525 tok 613,154,816 loss 3.4407 gn 0.01 lr 4.98e-04 89,312 tok/s (2.5m)
[additive_s0] step 150/1525 tok 619,708,416 loss 3.5633 gn 0.01 lr 4.93e-04 88,940 tok/s (3.7m)
[additive_s0] step 200/1525 tok 626,262,016 loss 3.4921 gn 0.01 lr 4.86e-04 89,279 tok/s (5.0m)
[additive_s0] step 250/1525 tok 632,815,616 loss 3.5902 gn 0.01 lr 4.76e-04 89,280 tok/s (6.2m)
[additive_s0] step 300/1525 tok 639,369,216 loss 3.3874 gn 0.01 lr 4.65e-04 89,753 tok/s (7.4m)
[additive_s0] step 350/1525 tok 645,922,816 loss 3.6253 gn 0.01 lr 4.51e-04 89,761 tok/s (8.6m)
[additive_s0] step 400/1525 tok 652,476,416 loss 3.6146 gn 0.01 lr 4.35e-04 89,767 tok/s (9.8m)
[additive_s0] step 450/1525 tok 659,030,016 loss 3.5337 gn 0.02 lr 4.18e-04 89,765 tok/s (11.0m)
[additive_s0] step 500/1525 tok 665,583,616 loss 3.5744 gn 0.01 lr 3.99e-04 89,763 tok/s (12.3m)
[additive_s0] step 500 VAL nll 3.7610 ppl 42.99 bypos {'0-128': 3.9674630943263516, '128-512': 3.7177589643424103, '512-1024': 3.787257111093139, '1024-2048': 3.75851612646865, '2048-4096': 3.7508993905969676}
[additive_s0] step 550/1525 tok 672,137,216 loss 3.5359 gn 0.01 lr 3.79e-04 88,848 tok/s (13.5m)
[additive_s0] step 600/1525 tok 678,690,816 loss 3.4925 gn 0.02 lr 3.57e-04 89,777 tok/s (14.7m)
[additive_s0] step 650/1525 tok 685,244,416 loss 3.4507 gn 0.01 lr 3.35e-04 89,771 tok/s (15.9m)
[additive_s0] step 700/1525 tok 691,798,016 loss 3.5329 gn 0.01 lr 3.11e-04 89,764 tok/s (17.1m)
[additive_s0] step 750/1525 tok 698,351,616 loss 3.4583 gn 0.02 lr 2.88e-04 89,765 tok/s (18.4m)
[additive_s0] step 800/1525 tok 704,905,216 loss 3.5701 gn 0.02 lr 2.64e-04 89,761 tok/s (19.6m)
[additive_s0] step 850/1525 tok 711,458,816 loss 3.4583 gn 0.01 lr 2.41e-04 89,764 tok/s (20.8m)
[additive_s0] step 900/1525 tok 718,012,416 loss 3.5070 gn 0.02 lr 2.18e-04 89,764 tok/s (22.0m)
[additive_s0] step 950/1525 tok 724,566,016 loss 3.5125 gn 0.01 lr 1.95e-04 89,766 tok/s (23.2m)
[additive_s0] step 1000/1525 tok 731,119,616 loss 3.5705 gn 0.02 lr 1.74e-04 89,765 tok/s (24.4m)
[additive_s0] step 1000 VAL nll 3.7598 ppl 42.94 bypos {'0-128': 3.964418445917733, '128-512': 3.716162232250239, '512-1024': 3.7864019561222855, '1024-2048': 3.757586373646639, '2048-4096': 3.7495812361291527}
[additive_s0] step 1050/1525 tok 737,673,216 loss 3.5107 gn 0.01 lr 1.53e-04 88,844 tok/s (25.7m)
[additive_s0] step 1100/1525 tok 744,226,816 loss 3.4766 gn 0.02 lr 1.34e-04 89,755 tok/s (26.9m)
[additive_s0] step 1150/1525 tok 750,780,416 loss 3.4146 gn 0.02 lr 1.16e-04 89,752 tok/s (28.1m)
[additive_s0] step 1200/1525 tok 757,334,016 loss 3.5164 gn 0.02 lr 1.00e-04 89,750 tok/s (29.3m)
[additive_s0] step 1250/1525 tok 763,887,616 loss 3.5167 gn 0.02 lr 8.65e-05 89,754 tok/s (30.5m)
[additive_s0] step 1300/1525 tok 770,441,216 loss 3.5232 gn 0.02 lr 7.47e-05 89,465 tok/s (31.8m)
[additive_s0] step 1350/1525 tok 776,994,816 loss 3.5432 gn 0.02 lr 6.50e-05 89,187 tok/s (33.0m)
[additive_s0] step 1400/1525 tok 783,548,416 loss 3.5719 gn 0.02 lr 5.77e-05 88,813 tok/s (34.2m)
[additive_s0] step 1450/1525 tok 790,102,016 loss 3.6144 gn 0.02 lr 5.28e-05 89,274 tok/s (35.4m)
[additive_s0] step 1500/1525 tok 796,655,616 loss 3.5961 gn 0.02 lr 5.03e-05 89,668 tok/s (36.7m)
[additive_s0] step 1500 VAL nll 3.7599 ppl 42.94 bypos {'0-128': 3.965049487084702, '128-512': 3.7162581740286043, '512-1024': 3.786276798838018, '1024-2048': 3.7576166289220123, '2048-4096': 3.7497807270610597}
[additive_s0] FINAL nll=3.6785 ppl=39.59 bypos={'0-128': 3.9560963638497664, '128-512': 3.7059756103199093, '512-1024': 3.6615544762381527, '1024-2048': 3.655817956767844, '2048-4096': 3.6716634212079713} in 37.33m
