Loading weights:   0%|          | 0/398 [00:00<?, ?it/s]Loading weights: 100%|██████████| 398/398 [00:00<00:00, 10018.50it/s]
[additive_4b] arm=additive params={'total': 4036623872, 'trainable': 14155776, 'attention': 957883392, 'embedding': 388956160, 'non_embedding': 3647667712} tokens/step=32,768 steps=1,525 0->50,000,000 stage2@None
[additive_4b] step 1/1525 tok 32,768 loss 2.7617 gn 0.09 lr 1.67e-05 0 tok/s (0.1m)
[additive_4b] step 100/1525 tok 3,276,800 loss 2.6134 gn 0.05 lr 4.98e-04 9,656 tok/s (5.7m)
[additive_4b] step 200/1525 tok 6,553,600 loss 2.5193 gn 0.05 lr 4.86e-04 9,658 tok/s (11.4m)
[additive_4b] step 300/1525 tok 9,830,400 loss 2.3967 gn 0.06 lr 4.65e-04 9,661 tok/s (17.0m)
[additive_4b] step 400/1525 tok 13,107,200 loss 2.3113 gn 0.05 lr 4.35e-04 9,658 tok/s (22.7m)
[additive_4b] step 500/1525 tok 16,384,000 loss 2.6315 gn 0.05 lr 3.99e-04 9,660 tok/s (28.3m)
[additive_4b] step 500 VAL nll 2.7869 ppl 16.23 bypos {'0-128': 3.219699088536463, '128-512': 2.7911857604741996, '512-1024': 2.839686356612091, '1024-2048': 2.7829275156358646, '2048-4096': 2.7477270730068195}
[additive_4b] step 600/1525 tok 19,660,800 loss 2.4637 gn 0.05 lr 3.57e-04 9,542 tok/s (34.1m)
[additive_4b] step 700/1525 tok 22,937,600 loss 2.3907 gn 0.05 lr 3.11e-04 9,643 tok/s (39.7m)
[additive_4b] step 800/1525 tok 26,214,400 loss 2.5642 gn 0.05 lr 2.64e-04 9,649 tok/s (45.4m)
[additive_4b] step 900/1525 tok 29,491,200 loss 2.5121 gn 0.05 lr 2.18e-04 9,650 tok/s (51.0m)
[additive_4b] step 1000/1525 tok 32,768,000 loss 2.7738 gn 0.05 lr 1.74e-04 9,653 tok/s (56.7m)
[additive_4b] step 1000 VAL nll 2.7810 ppl 16.13 bypos {'0-128': 3.20722035384858, '128-512': 2.783808466993401, '512-1024': 2.835965874387657, '1024-2048': 2.777766788150743, '2048-4096': 2.7416446378609267}
[additive_4b] step 1100/1525 tok 36,044,800 loss 2.5907 gn 0.05 lr 1.34e-04 9,536 tok/s (62.4m)
[additive_4b] step 1200/1525 tok 39,321,600 loss 2.5606 gn 0.05 lr 1.00e-04 9,648 tok/s (68.1m)
[additive_4b] step 1300/1525 tok 42,598,400 loss 2.2256 gn 0.05 lr 7.47e-05 9,633 tok/s (73.8m)
[additive_4b] step 1400/1525 tok 45,875,200 loss 2.4869 gn 0.05 lr 5.77e-05 9,653 tok/s (79.4m)
[additive_4b] step 1500/1525 tok 49,152,000 loss 2.5630 gn 0.05 lr 5.03e-05 9,658 tok/s (85.1m)
[additive_4b] step 1500 VAL nll 2.7791 ppl 16.10 bypos {'0-128': 3.2065899862731384, '128-512': 2.7819707231130733, '512-1024': 2.8334002231155173, '1024-2048': 2.7755993631281193, '2048-4096': 2.740047132051149}
[additive_4b] FINAL nll=2.8079 ppl=16.57 bypos={'0-128': 3.213467900327927, '128-512': 2.798398021540775, '512-1024': 2.8180389881405263, '1024-2048': 2.798368025297729, '2048-4096': 2.7865282339901674} in 86.68m
