[additive_s1] arm=additive params={'total': 107286528, 'trainable': 786432, 'attention': 6030336, 'embedding': 77654528, 'non_embedding': 29632000} tokens/step=131,072 steps=1,525 600,047,616->800,047,616 stage2@None
[additive_s1] step 1/1525 tok 600,178,688 loss 3.5407 gn 0.01 lr 1.67e-05 0 tok/s (0.1m)
[additive_s1] step 50/1525 tok 606,601,216 loss 3.4646 gn 0.01 lr 5.00e-04 89,179 tok/s (1.3m)
[additive_s1] step 100/1525 tok 613,154,816 loss 3.4326 gn 0.01 lr 4.98e-04 89,204 tok/s (2.5m)
[additive_s1] step 150/1525 tok 619,708,416 loss 3.5546 gn 0.01 lr 4.93e-04 89,202 tok/s (3.7m)
[additive_s1] step 200/1525 tok 626,262,016 loss 3.4862 gn 0.01 lr 4.86e-04 89,199 tok/s (5.0m)
[additive_s1] step 250/1525 tok 632,815,616 loss 3.5860 gn 0.01 lr 4.76e-04 89,201 tok/s (6.2m)
[additive_s1] step 300/1525 tok 639,369,216 loss 3.3784 gn 0.01 lr 4.65e-04 89,208 tok/s (7.4m)
[additive_s1] step 350/1525 tok 645,922,816 loss 3.6233 gn 0.01 lr 4.51e-04 89,210 tok/s (8.6m)
[additive_s1] step 400/1525 tok 652,476,416 loss 3.6169 gn 0.01 lr 4.35e-04 89,224 tok/s (9.9m)
[additive_s1] step 450/1525 tok 659,030,016 loss 3.5284 gn 0.01 lr 4.18e-04 89,211 tok/s (11.1m)
[additive_s1] step 500/1525 tok 665,583,616 loss 3.5712 gn 0.01 lr 3.99e-04 89,220 tok/s (12.3m)
[additive_s1] step 500 VAL nll 3.7566 ppl 42.80 bypos {'0-128': 3.9549018667068694, '128-512': 3.715732144484471, '512-1024': 3.7826580538175136, '1024-2048': 3.7527042274806286, '2048-4096': 3.7473816666880935}
[additive_s1] step 550/1525 tok 672,137,216 loss 3.5343 gn 0.01 lr 3.79e-04 88,315 tok/s (13.5m)
[additive_s1] step 600/1525 tok 678,690,816 loss 3.4885 gn 0.02 lr 3.57e-04 89,228 tok/s (14.8m)
[additive_s1] step 650/1525 tok 685,244,416 loss 3.4464 gn 0.01 lr 3.35e-04 89,225 tok/s (16.0m)
[additive_s1] step 700/1525 tok 691,798,016 loss 3.5291 gn 0.01 lr 3.11e-04 89,229 tok/s (17.2m)
[additive_s1] step 750/1525 tok 698,351,616 loss 3.4512 gn 0.02 lr 2.88e-04 89,228 tok/s (18.4m)
[additive_s1] step 800/1525 tok 704,905,216 loss 3.5631 gn 0.01 lr 2.64e-04 89,218 tok/s (19.7m)
[additive_s1] step 850/1525 tok 711,458,816 loss 3.4544 gn 0.01 lr 2.41e-04 89,227 tok/s (20.9m)
[additive_s1] step 900/1525 tok 718,012,416 loss 3.4970 gn 0.02 lr 2.18e-04 89,233 tok/s (22.1m)
[additive_s1] step 950/1525 tok 724,566,016 loss 3.5083 gn 0.01 lr 1.95e-04 89,141 tok/s (23.3m)
[additive_s1] step 1000/1525 tok 731,119,616 loss 3.5668 gn 0.02 lr 1.74e-04 89,053 tok/s (24.6m)
[additive_s1] step 1000 VAL nll 3.7556 ppl 42.76 bypos {'0-128': 3.952798006434918, '128-512': 3.7151635417726716, '512-1024': 3.781710352517491, '1024-2048': 3.7516472564550174, '2048-4096': 3.7462816322758674}
[additive_s1] step 1050/1525 tok 737,673,216 loss 3.5052 gn 0.01 lr 1.53e-04 88,342 tok/s (25.8m)
[additive_s1] step 1100/1525 tok 744,226,816 loss 3.4781 gn 0.02 lr 1.34e-04 89,263 tok/s (27.0m)
[additive_s1] step 1150/1525 tok 750,780,416 loss 3.4130 gn 0.02 lr 1.16e-04 89,253 tok/s (28.2m)
[additive_s1] step 1200/1525 tok 757,334,016 loss 3.5114 gn 0.02 lr 1.00e-04 89,258 tok/s (29.5m)
[additive_s1] step 1250/1525 tok 763,887,616 loss 3.5111 gn 0.02 lr 8.65e-05 89,252 tok/s (30.7m)
[additive_s1] step 1300/1525 tok 770,441,216 loss 3.5167 gn 0.01 lr 7.47e-05 89,223 tok/s (31.9m)
[additive_s1] step 1350/1525 tok 776,994,816 loss 3.5378 gn 0.02 lr 6.50e-05 89,269 tok/s (33.1m)
[additive_s1] step 1400/1525 tok 783,548,416 loss 3.5676 gn 0.02 lr 5.77e-05 89,271 tok/s (34.4m)
[additive_s1] step 1450/1525 tok 790,102,016 loss 3.6103 gn 0.02 lr 5.28e-05 89,260 tok/s (35.6m)
[additive_s1] step 1500/1525 tok 796,655,616 loss 3.5874 gn 0.02 lr 5.03e-05 89,252 tok/s (36.8m)
[additive_s1] step 1500 VAL nll 3.7553 ppl 42.75 bypos {'0-128': 3.952297910511028, '128-512': 3.715487663216025, '512-1024': 3.7815350066942655, '1024-2048': 3.751398233781094, '2048-4096': 3.74589628360774}
[additive_s1] FINAL nll=3.6717 ppl=39.32 bypos={'0-128': 3.9418984764107807, '128-512': 3.699922666771682, '512-1024': 3.6563069276347804, '1024-2048': 3.6478313643767457, '2048-4096': 3.6653591561118573} in 37.48m
