[diffv2_s1] arm=native_diffv2 params={'total': 108630016, 'trainable': 108630016, 'attention': 7373824, 'embedding': 77654528, 'non_embedding': 30975488} tokens/step=131,072 steps=6,103 0->800,000,000 stage2@None
[diffv2_s1] step 1/6103 tok 131,072 loss 12.0377 gn 1.64 lr 2.46e-06 0 tok/s (0.1m)
[diffv2_s1] step 50/6103 tok 6,553,600 loss 9.1042 gn 1.96 lr 1.23e-04 92,674 tok/s (1.2m)
[diffv2_s1] step 100/6103 tok 13,107,200 loss 6.7375 gn 1.37 lr 2.46e-04 92,596 tok/s (2.4m)
[diffv2_s1] step 150/6103 tok 19,660,800 loss 5.9537 gn 0.64 lr 3.00e-04 92,580 tok/s (3.6m)
[diffv2_s1] step 200/6103 tok 26,214,400 loss 5.5897 gn 0.69 lr 3.00e-04 92,583 tok/s (4.8m)
[diffv2_s1] step 250/6103 tok 32,768,000 loss 5.3759 gn 0.81 lr 3.00e-04 92,523 tok/s (5.9m)
[diffv2_s1] step 300/6103 tok 39,321,600 loss 5.2067 gn 0.80 lr 2.99e-04 92,621 tok/s (7.1m)
[diffv2_s1] step 350/6103 tok 45,875,200 loss 4.9052 gn 0.80 lr 2.99e-04 92,622 tok/s (8.3m)
[diffv2_s1] step 400/6103 tok 52,428,800 loss 4.7827 gn 0.59 lr 2.99e-04 92,624 tok/s (9.5m)
[diffv2_s1] step 400 VAL nll 5.0252 ppl 152.20 bypos {'0-128': 5.295952354100336, '128-512': 5.066042088044621, '512-1024': 5.01566778443987, '1024-2048': 4.999780600771032, '2048-4096': 5.015753847480905}
[diffv2_s1] step 450/6103 tok 58,982,400 loss 4.6814 gn 0.68 lr 2.98e-04 91,119 tok/s (10.7m)
[diffv2_s1] step 500/6103 tok 65,536,000 loss 4.6408 gn 0.70 lr 2.97e-04 92,532 tok/s (11.9m)
[diffv2_s1] step 550/6103 tok 72,089,600 loss 4.6257 gn 0.56 lr 2.97e-04 92,599 tok/s (13.0m)
[diffv2_s1] step 600/6103 tok 78,643,200 loss 4.5035 gn 0.65 lr 2.96e-04 92,601 tok/s (14.2m)
[diffv2_s1] step 650/6103 tok 85,196,800 loss 4.3697 gn 0.57 lr 2.95e-04 92,599 tok/s (15.4m)
[diffv2_s1] step 700/6103 tok 91,750,400 loss 4.3392 gn 0.69 lr 2.94e-04 92,592 tok/s (16.6m)
[diffv2_s1] step 750/6103 tok 98,304,000 loss 4.4150 gn 0.54 lr 2.93e-04 92,582 tok/s (17.8m)
[diffv2_s1] step 800/6103 tok 104,857,600 loss 4.2767 gn 0.51 lr 2.92e-04 92,621 tok/s (18.9m)
[diffv2_s1] step 800 VAL nll 4.5436 ppl 94.03 bypos {'0-128': 4.747367512630262, '128-512': 4.567873159645463, '512-1024': 4.533975854773757, '1024-2048': 4.525517928988705, '2048-4096': 4.537832580087661}
[diffv2_s1] step 850/6103 tok 111,411,200 loss 4.3840 gn 0.48 lr 2.90e-04 91,174 tok/s (20.1m)
[diffv2_s1] step 900/6103 tok 117,964,800 loss 4.2794 gn 0.51 lr 2.89e-04 92,567 tok/s (21.3m)
[diffv2_s1] step 950/6103 tok 124,518,400 loss 4.2372 gn 0.50 lr 2.87e-04 92,599 tok/s (22.5m)
[diffv2_s1] step 1000/6103 tok 131,072,000 loss 4.2576 gn 0.46 lr 2.86e-04 92,603 tok/s (23.7m)
[diffv2_s1] step 1050/6103 tok 137,625,600 loss 4.2234 gn 0.43 lr 2.84e-04 92,668 tok/s (24.9m)
[diffv2_s1] step 1100/6103 tok 144,179,200 loss 4.1789 gn 0.48 lr 2.83e-04 92,683 tok/s (26.0m)
[diffv2_s1] step 1150/6103 tok 150,732,800 loss 4.1534 gn 0.48 lr 2.81e-04 92,665 tok/s (27.2m)
[diffv2_s1] step 1200/6103 tok 157,286,400 loss 4.1607 gn 0.44 lr 2.79e-04 92,680 tok/s (28.4m)
[diffv2_s1] step 1200 VAL nll 4.3363 ppl 76.43 bypos {'0-128': 4.526668811329614, '128-512': 4.352585853079101, '512-1024': 4.31569498733063, '1024-2048': 4.320029004326194, '2048-4096': 4.334673812683191}
[diffv2_s1] step 1250/6103 tok 163,840,000 loss 4.1434 gn 0.44 lr 2.77e-04 91,148 tok/s (29.6m)
[diffv2_s1] step 1300/6103 tok 170,393,600 loss 4.1397 gn 0.49 lr 2.75e-04 92,520 tok/s (30.8m)
[diffv2_s1] step 1350/6103 tok 176,947,200 loss 3.9735 gn 0.42 lr 2.73e-04 92,567 tok/s (32.0m)
[diffv2_s1] step 1400/6103 tok 183,500,800 loss 3.8073 gn 0.54 lr 2.71e-04 92,520 tok/s (33.1m)
[diffv2_s1] step 1450/6103 tok 190,054,400 loss 3.9871 gn 0.52 lr 2.68e-04 92,521 tok/s (34.3m)
[diffv2_s1] step 1500/6103 tok 196,608,000 loss 3.9944 gn 0.42 lr 2.66e-04 92,523 tok/s (35.5m)
[diffv2_s1] step 1550/6103 tok 203,161,600 loss 3.9666 gn 0.45 lr 2.64e-04 92,515 tok/s (36.7m)
[diffv2_s1] step 1600/6103 tok 209,715,200 loss 3.9087 gn 0.49 lr 2.61e-04 92,495 tok/s (37.9m)
[diffv2_s1] step 1600 VAL nll 4.1742 ppl 64.99 bypos {'0-128': 4.375011083821022, '128-512': 4.192209404754085, '512-1024': 4.15923615935543, '1024-2048': 4.1623413547137, '2048-4096': 4.167954656275302}
[diffv2_s1] step 1650/6103 tok 216,268,800 loss 3.9259 gn 0.40 lr 2.59e-04 91,069 tok/s (39.1m)
[diffv2_s1] step 1700/6103 tok 222,822,400 loss 3.9025 gn 0.41 lr 2.56e-04 92,487 tok/s (40.2m)
[diffv2_s1] step 1750/6103 tok 229,376,000 loss 3.8376 gn 0.37 lr 2.54e-04 92,482 tok/s (41.4m)
[diffv2_s1] step 1800/6103 tok 235,929,600 loss 3.8690 gn 0.47 lr 2.51e-04 92,507 tok/s (42.6m)
[diffv2_s1] step 1850/6103 tok 242,483,200 loss 3.8376 gn 0.40 lr 2.48e-04 92,498 tok/s (43.8m)
[diffv2_s1] step 1900/6103 tok 249,036,800 loss 3.7892 gn 0.40 lr 2.45e-04 92,498 tok/s (45.0m)
[diffv2_s1] step 1950/6103 tok 255,590,400 loss 3.7015 gn 0.40 lr 2.42e-04 92,567 tok/s (46.1m)
[diffv2_s1] step 2000/6103 tok 262,144,000 loss 3.7769 gn 0.37 lr 2.39e-04 92,715 tok/s (47.3m)
[diffv2_s1] step 2000 VAL nll 4.0709 ppl 58.61 bypos {'0-128': 4.283407381047425, '128-512': 4.087188441345916, '512-1024': 4.0587427706262105, '1024-2048': 4.054581271965347, '2048-4096': 4.06569287243185}
[diffv2_s1] step 2050/6103 tok 268,697,600 loss 3.8315 gn 0.40 lr 2.36e-04 91,272 tok/s (48.5m)
[diffv2_s1] step 2100/6103 tok 275,251,200 loss 3.7713 gn 0.39 lr 2.33e-04 92,696 tok/s (49.7m)
[diffv2_s1] step 2150/6103 tok 281,804,800 loss 3.7244 gn 0.47 lr 2.30e-04 92,710 tok/s (50.9m)
[diffv2_s1] step 2200/6103 tok 288,358,400 loss 3.6696 gn 0.40 lr 2.27e-04 92,720 tok/s (52.0m)
[diffv2_s1] step 2250/6103 tok 294,912,000 loss 3.9055 gn 0.39 lr 2.24e-04 92,694 tok/s (53.2m)
[diffv2_s1] step 2300/6103 tok 301,465,600 loss 3.6986 gn 0.39 lr 2.21e-04 92,709 tok/s (54.4m)
[diffv2_s1] step 2350/6103 tok 308,019,200 loss 3.7351 gn 0.42 lr 2.18e-04 92,660 tok/s (55.6m)
[diffv2_s1] step 2400/6103 tok 314,572,800 loss 3.7772 gn 0.38 lr 2.14e-04 92,652 tok/s (56.8m)
[diffv2_s1] step 2400 VAL nll 3.9880 ppl 53.95 bypos {'0-128': 4.193515269903855, '128-512': 4.00681774117398, '512-1024': 3.9720320295943488, '1024-2048': 3.9694674765003324, '2048-4096': 3.9848230529580584}
[diffv2_s1] step 2450/6103 tok 321,126,400 loss 3.7904 gn 0.41 lr 2.11e-04 91,249 tok/s (58.0m)
[diffv2_s1] step 2500/6103 tok 327,680,000 loss 3.7920 gn 0.39 lr 2.08e-04 92,680 tok/s (59.1m)
[diffv2_s1] step 2550/6103 tok 334,233,600 loss 3.7033 gn 0.38 lr 2.04e-04 92,674 tok/s (60.3m)
[diffv2_s1] step 2600/6103 tok 340,787,200 loss 3.6346 gn 0.39 lr 2.01e-04 92,675 tok/s (61.5m)
[diffv2_s1] step 2650/6103 tok 347,340,800 loss 3.6949 gn 0.38 lr 1.97e-04 92,681 tok/s (62.7m)
[diffv2_s1] step 2700/6103 tok 353,894,400 loss 3.7719 gn 0.40 lr 1.94e-04 92,687 tok/s (63.9m)
[diffv2_s1] step 2750/6103 tok 360,448,000 loss 3.7207 gn 0.41 lr 1.91e-04 92,665 tok/s (65.0m)
[diffv2_s1] step 2800/6103 tok 367,001,600 loss 3.6683 gn 0.42 lr 1.87e-04 92,676 tok/s (66.2m)
[diffv2_s1] step 2800 VAL nll 3.9354 ppl 51.18 bypos {'0-128': 4.147903557052956, '128-512': 3.955493367115537, '512-1024': 3.91623525413722, '1024-2048': 3.918493214729976, '2048-4096': 3.931529634970256}
[diffv2_s1] step 2850/6103 tok 373,555,200 loss 3.7122 gn 0.38 lr 1.84e-04 91,265 tok/s (67.4m)
[diffv2_s1] step 2900/6103 tok 380,108,800 loss 3.5220 gn 0.46 lr 1.80e-04 92,702 tok/s (68.6m)
[diffv2_s1] step 2950/6103 tok 386,662,400 loss 3.5511 gn 0.41 lr 1.77e-04 92,696 tok/s (69.8m)
[diffv2_s1] step 3000/6103 tok 393,216,000 loss 3.5870 gn 0.41 lr 1.73e-04 92,643 tok/s (70.9m)
[diffv2_s1] step 3050/6103 tok 399,769,600 loss 3.7688 gn 0.40 lr 1.69e-04 92,465 tok/s (72.1m)
[diffv2_s1] step 3100/6103 tok 406,323,200 loss 3.6427 gn 0.44 lr 1.66e-04 92,411 tok/s (73.3m)
[diffv2_s1] step 3150/6103 tok 412,876,800 loss 3.5221 gn 0.42 lr 1.62e-04 92,509 tok/s (74.5m)
[diffv2_s1] step 3200/6103 tok 419,430,400 loss 3.5047 gn 0.39 lr 1.59e-04 92,522 tok/s (75.7m)
[diffv2_s1] step 3200 VAL nll 3.8944 ppl 49.13 bypos {'0-128': 4.107368761887074, '128-512': 3.9136186066694925, '512-1024': 3.880145453329618, '1024-2048': 3.8754944133530262, '2048-4096': 3.890509633619128}
[diffv2_s1] step 3250/6103 tok 425,984,000 loss 3.6428 gn 0.37 lr 1.55e-04 91,281 tok/s (76.9m)
[diffv2_s1] step 3300/6103 tok 432,537,600 loss 3.6464 gn 0.40 lr 1.52e-04 92,699 tok/s (78.0m)
[diffv2_s1] step 3350/6103 tok 439,091,200 loss 3.7206 gn 0.41 lr 1.48e-04 92,701 tok/s (79.2m)
[diffv2_s1] step 3400/6103 tok 445,644,800 loss 3.6317 gn 0.42 lr 1.45e-04 92,703 tok/s (80.4m)
[diffv2_s1] step 3450/6103 tok 452,198,400 loss 3.4884 gn 0.41 lr 1.41e-04 92,697 tok/s (81.6m)
[diffv2_s1] step 3500/6103 tok 458,752,000 loss 3.5445 gn 0.40 lr 1.38e-04 92,687 tok/s (82.8m)
[diffv2_s1] step 3550/6103 tok 465,305,600 loss 3.5968 gn 0.38 lr 1.34e-04 92,690 tok/s (83.9m)
[diffv2_s1] step 3600/6103 tok 471,859,200 loss 3.5636 gn 0.39 lr 1.31e-04 92,693 tok/s (85.1m)
[diffv2_s1] step 3600 VAL nll 3.8603 ppl 47.48 bypos {'0-128': 4.07204128279983, '128-512': 3.878951218425513, '512-1024': 3.845821742575005, '1024-2048': 3.840125540142373, '2048-4096': 3.857186817140724}
[diffv2_s1] step 3650/6103 tok 478,412,800 loss 3.6170 gn 0.40 lr 1.27e-04 91,253 tok/s (86.3m)
[diffv2_s1] step 3700/6103 tok 484,966,400 loss 3.5723 gn 0.40 lr 1.24e-04 92,689 tok/s (87.5m)
[diffv2_s1] step 3750/6103 tok 491,520,000 loss 3.5604 gn 0.38 lr 1.21e-04 92,687 tok/s (88.7m)
[diffv2_s1] step 3800/6103 tok 498,073,600 loss 3.5228 gn 0.39 lr 1.17e-04 92,706 tok/s (89.8m)
[diffv2_s1] step 3850/6103 tok 504,627,200 loss 3.6286 gn 0.42 lr 1.14e-04 92,687 tok/s (91.0m)
[diffv2_s1] step 3900/6103 tok 511,180,800 loss 3.5762 gn 0.37 lr 1.11e-04 92,703 tok/s (92.2m)
[diffv2_s1] step 3950/6103 tok 517,734,400 loss 3.5921 gn 0.40 lr 1.08e-04 92,689 tok/s (93.4m)
[diffv2_s1] step 4000/6103 tok 524,288,000 loss 3.4998 gn 0.38 lr 1.04e-04 92,679 tok/s (94.6m)
[diffv2_s1] step 4000 VAL nll 3.8317 ppl 46.14 bypos {'0-128': 4.050415472948373, '128-512': 3.847611604571123, '512-1024': 3.8201243309941333, '1024-2048': 3.8130294930954607, '2048-4096': 3.8272813868977367}
[diffv2_s1] step 4050/6103 tok 530,841,600 loss 3.4882 gn 0.41 lr 1.01e-04 91,244 tok/s (95.8m)
[diffv2_s1] step 4100/6103 tok 537,395,200 loss 3.5712 gn 0.40 lr 9.81e-05 92,695 tok/s (96.9m)
[diffv2_s1] step 4150/6103 tok 543,948,800 loss 3.5619 gn 0.38 lr 9.50e-05 92,698 tok/s (98.1m)
[diffv2_s1] step 4200/6103 tok 550,502,400 loss 3.5490 gn 0.41 lr 9.20e-05 92,714 tok/s (99.3m)
[diffv2_s1] step 4250/6103 tok 557,056,000 loss 3.5044 gn 0.39 lr 8.91e-05 92,706 tok/s (100.5m)
[diffv2_s1] step 4300/6103 tok 563,609,600 loss 3.6031 gn 0.41 lr 8.61e-05 92,698 tok/s (101.6m)
[diffv2_s1] step 4350/6103 tok 570,163,200 loss 3.5039 gn 0.38 lr 8.33e-05 92,708 tok/s (102.8m)
[diffv2_s1] step 4400/6103 tok 576,716,800 loss 3.5694 gn 0.41 lr 8.05e-05 92,699 tok/s (104.0m)
[diffv2_s1] step 4400 VAL nll 3.8095 ppl 45.13 bypos {'0-128': 4.021028524320144, '128-512': 3.8237025289043345, '512-1024': 3.796348890506991, '1024-2048': 3.7924698779751207, '2048-4096': 3.8054190009413142}
[diffv2_s1] step 4450/6103 tok 583,270,400 loss 3.5608 gn 0.38 lr 7.78e-05 91,241 tok/s (105.2m)
[diffv2_s1] step 4500/6103 tok 589,824,000 loss 3.5131 gn 0.39 lr 7.51e-05 92,698 tok/s (106.4m)
[diffv2_s1] step 4550/6103 tok 596,377,600 loss 3.6035 gn 0.38 lr 7.25e-05 92,708 tok/s (107.6m)
[diffv2_s1] step 4600/6103 tok 602,931,200 loss 3.5340 gn 0.38 lr 6.99e-05 92,696 tok/s (108.7m)
[diffv2_s1] step 4650/6103 tok 609,484,800 loss 3.6245 gn 0.39 lr 6.74e-05 92,678 tok/s (109.9m)
[diffv2_s1] step 4700/6103 tok 616,038,400 loss 3.4817 gn 0.39 lr 6.50e-05 92,681 tok/s (111.1m)
[diffv2_s1] step 4750/6103 tok 622,592,000 loss 3.5577 gn 0.41 lr 6.27e-05 92,697 tok/s (112.3m)
[diffv2_s1] step 4800/6103 tok 629,145,600 loss 3.4635 gn 0.41 lr 6.04e-05 92,695 tok/s (113.4m)
[diffv2_s1] step 4800 VAL nll 3.7910 ppl 44.30 bypos {'0-128': 4.003995642136317, '128-512': 3.8091154664785734, '512-1024': 3.7774680015583257, '1024-2048': 3.772848921040899, '2048-4096': 3.786767154098104}
[diffv2_s1] step 4850/6103 tok 635,699,200 loss 3.3553 gn 0.39 lr 5.82e-05 91,263 tok/s (114.6m)
[diffv2_s1] step 4900/6103 tok 642,252,800 loss 3.4588 gn 0.41 lr 5.61e-05 92,708 tok/s (115.8m)
[diffv2_s1] step 4950/6103 tok 648,806,400 loss 3.5341 gn 0.37 lr 5.40e-05 92,696 tok/s (117.0m)
[diffv2_s1] step 5000/6103 tok 655,360,000 loss 3.5610 gn 0.40 lr 5.20e-05 92,687 tok/s (118.2m)
[diffv2_s1] step 5050/6103 tok 661,913,600 loss 3.5673 gn 0.40 lr 5.01e-05 92,705 tok/s (119.4m)
[diffv2_s1] step 5100/6103 tok 668,467,200 loss 3.3669 gn 0.37 lr 4.83e-05 92,696 tok/s (120.5m)
[diffv2_s1] step 5150/6103 tok 675,020,800 loss 3.4423 gn 0.38 lr 4.66e-05 92,670 tok/s (121.7m)
[diffv2_s1] step 5200/6103 tok 681,574,400 loss 3.5548 gn 0.38 lr 4.49e-05 92,680 tok/s (122.9m)
[diffv2_s1] step 5200 VAL nll 3.7750 ppl 43.60 bypos {'0-128': 3.98977061819636, '128-512': 3.7902897862630027, '512-1024': 3.7588900716688407, '1024-2048': 3.758613698494267, '2048-4096': 3.7709901975376883}
[diffv2_s1] step 5250/6103 tok 688,128,000 loss 3.6018 gn 0.40 lr 4.33e-05 91,256 tok/s (124.1m)
[diffv2_s1] step 5300/6103 tok 694,681,600 loss 3.4394 gn 0.38 lr 4.18e-05 92,690 tok/s (125.3m)
[diffv2_s1] step 5350/6103 tok 701,235,200 loss 3.6316 gn 0.40 lr 4.04e-05 92,680 tok/s (126.4m)
[diffv2_s1] step 5400/6103 tok 707,788,800 loss 3.4537 gn 0.38 lr 3.91e-05 92,683 tok/s (127.6m)
[diffv2_s1] step 5450/6103 tok 714,342,400 loss 3.4578 gn 0.38 lr 3.79e-05 92,694 tok/s (128.8m)
[diffv2_s1] step 5500/6103 tok 720,896,000 loss 3.4577 gn 0.40 lr 3.67e-05 92,679 tok/s (130.0m)
[diffv2_s1] step 5550/6103 tok 727,449,600 loss 3.4178 gn 0.39 lr 3.57e-05 92,677 tok/s (131.2m)
[diffv2_s1] step 5600/6103 tok 734,003,200 loss 3.4197 gn 0.41 lr 3.47e-05 92,684 tok/s (132.3m)
[diffv2_s1] step 5600 VAL nll 3.7653 ppl 43.17 bypos {'0-128': 3.9815440651233303, '128-512': 3.777902917359635, '512-1024': 3.7495530727414135, '1024-2048': 3.748147927970378, '2048-4096': 3.761849000469287}
[diffv2_s1] step 5650/6103 tok 740,556,800 loss 3.3636 gn 0.39 lr 3.38e-05 91,250 tok/s (133.5m)
[diffv2_s1] step 5700/6103 tok 747,110,400 loss 3.6083 gn 0.39 lr 3.30e-05 92,677 tok/s (134.7m)
[diffv2_s1] step 5750/6103 tok 753,664,000 loss 3.5029 gn 0.39 lr 3.23e-05 92,693 tok/s (135.9m)
[diffv2_s1] step 5800/6103 tok 760,217,600 loss 3.4512 gn 0.41 lr 3.17e-05 92,696 tok/s (137.1m)
[diffv2_s1] step 5850/6103 tok 766,771,200 loss 3.5592 gn 0.39 lr 3.12e-05 92,663 tok/s (138.3m)
[diffv2_s1] step 5900/6103 tok 773,324,800 loss 3.4146 gn 0.39 lr 3.08e-05 92,664 tok/s (139.4m)
[diffv2_s1] step 5950/6103 tok 779,878,400 loss 3.5173 gn 0.40 lr 3.04e-05 92,706 tok/s (140.6m)
[diffv2_s1] step 6000/6103 tok 786,432,000 loss 3.4426 gn 0.40 lr 3.02e-05 92,686 tok/s (141.8m)
[diffv2_s1] step 6000 VAL nll 3.7588 ppl 42.90 bypos {'0-128': 3.976695772600465, '128-512': 3.77488158148563, '512-1024': 3.744683487996255, '1024-2048': 3.741020830539845, '2048-4096': 3.7545739047010627}
[diffv2_s1] step 6050/6103 tok 792,985,600 loss 3.3494 gn 0.40 lr 3.01e-05 91,251 tok/s (143.0m)
[diffv2_s1] step 6100/6103 tok 799,539,200 loss 3.5383 gn 0.44 lr 3.00e-05 92,659 tok/s (144.2m)
[diffv2_s1] FINAL nll=3.6057 ppl=36.81 bypos={'0-128': 3.8892831375313364, '128-512': 3.6506039546953133, '512-1024': 3.602451222948104, '1024-2048': 3.5969551183693613, '2048-4096': 3.5847704231644535} in 144.31m
