[diffv2_s0] arm=native_diffv2 params={'total': 108630016, 'trainable': 108630016, 'attention': 7373824, 'embedding': 77654528, 'non_embedding': 30975488} tokens/step=131,072 steps=6,103 0->800,000,000 stage2@None
[diffv2_s0] step 1/6103 tok 131,072 loss 12.0271 gn 1.62 lr 2.46e-06 0 tok/s (0.1m)
[diffv2_s0] step 50/6103 tok 6,553,600 loss 9.1621 gn 2.00 lr 1.23e-04 92,159 tok/s (1.3m)
[diffv2_s0] step 100/6103 tok 13,107,200 loss 6.6942 gn 0.82 lr 2.46e-04 92,169 tok/s (2.4m)
[diffv2_s0] step 150/6103 tok 19,660,800 loss 5.9309 gn 0.66 lr 3.00e-04 92,185 tok/s (3.6m)
[diffv2_s0] step 200/6103 tok 26,214,400 loss 5.5762 gn 0.79 lr 3.00e-04 92,154 tok/s (4.8m)
[diffv2_s0] step 250/6103 tok 32,768,000 loss 5.3654 gn 0.96 lr 3.00e-04 92,110 tok/s (6.0m)
[diffv2_s0] step 300/6103 tok 39,321,600 loss 5.1928 gn 0.65 lr 2.99e-04 92,081 tok/s (7.2m)
[diffv2_s0] step 350/6103 tok 45,875,200 loss 4.9007 gn 0.69 lr 2.99e-04 91,935 tok/s (8.4m)
[diffv2_s0] step 400/6103 tok 52,428,800 loss 4.7833 gn 0.71 lr 2.99e-04 92,061 tok/s (9.6m)
[diffv2_s0] step 400 VAL nll 5.0241 ppl 152.03 bypos {'0-128': 5.2855379971333605, '128-512': 5.062717384020137, '512-1024': 5.019950637931743, '1024-2048': 4.997217513338569, '2048-4096': 5.0150052585515255}
[diffv2_s0] step 450/6103 tok 58,982,400 loss 4.6829 gn 0.58 lr 2.98e-04 89,710 tok/s (10.8m)
[diffv2_s0] step 500/6103 tok 65,536,000 loss 4.6414 gn 0.66 lr 2.97e-04 92,071 tok/s (12.0m)
[diffv2_s0] step 550/6103 tok 72,089,600 loss 4.6289 gn 0.64 lr 2.97e-04 92,156 tok/s (13.1m)
[diffv2_s0] step 600/6103 tok 78,643,200 loss 4.5029 gn 0.54 lr 2.96e-04 91,806 tok/s (14.3m)
[diffv2_s0] step 650/6103 tok 85,196,800 loss 4.3688 gn 0.50 lr 2.95e-04 91,972 tok/s (15.5m)
[diffv2_s0] step 700/6103 tok 91,750,400 loss 4.3352 gn 0.60 lr 2.94e-04 92,095 tok/s (16.7m)
[diffv2_s0] step 750/6103 tok 98,304,000 loss 4.4161 gn 0.54 lr 2.93e-04 92,149 tok/s (17.9m)
[diffv2_s0] step 800/6103 tok 104,857,600 loss 4.2741 gn 0.49 lr 2.92e-04 92,118 tok/s (19.1m)
[diffv2_s0] step 800 VAL nll 4.5410 ppl 93.78 bypos {'0-128': 4.7289105973787855, '128-512': 4.5639127376293045, '512-1024': 4.537733941990268, '1024-2048': 4.519437173287152, '2048-4096': 4.536485090518064}
[diffv2_s0] step 850/6103 tok 111,411,200 loss 4.3800 gn 0.52 lr 2.90e-04 90,722 tok/s (20.3m)
[diffv2_s0] step 900/6103 tok 117,964,800 loss 4.2840 gn 0.55 lr 2.89e-04 92,037 tok/s (21.5m)
[diffv2_s0] step 950/6103 tok 124,518,400 loss 4.2369 gn 0.47 lr 2.87e-04 92,146 tok/s (22.7m)
[diffv2_s0] step 1000/6103 tok 131,072,000 loss 4.2600 gn 0.48 lr 2.86e-04 92,057 tok/s (23.8m)
[diffv2_s0] step 1050/6103 tok 137,625,600 loss 4.2243 gn 0.45 lr 2.84e-04 92,154 tok/s (25.0m)
[diffv2_s0] step 1100/6103 tok 144,179,200 loss 4.1802 gn 0.50 lr 2.83e-04 92,135 tok/s (26.2m)
[diffv2_s0] step 1150/6103 tok 150,732,800 loss 4.1551 gn 0.43 lr 2.81e-04 92,130 tok/s (27.4m)
[diffv2_s0] step 1200/6103 tok 157,286,400 loss 4.1634 gn 0.45 lr 2.79e-04 92,130 tok/s (28.6m)
[diffv2_s0] step 1200 VAL nll 4.3335 ppl 76.21 bypos {'0-128': 4.5143767893109725, '128-512': 4.350667592115883, '512-1024': 4.321100137954659, '1024-2048': 4.314965106043402, '2048-4096': 4.331293814922517}
[diffv2_s0] step 1250/6103 tok 163,840,000 loss 4.1456 gn 0.45 lr 2.77e-04 90,725 tok/s (29.8m)
[diffv2_s0] step 1300/6103 tok 170,393,600 loss 4.1445 gn 0.43 lr 2.75e-04 92,079 tok/s (31.0m)
[diffv2_s0] step 1350/6103 tok 176,947,200 loss 3.9744 gn 0.44 lr 2.73e-04 92,134 tok/s (32.2m)
[diffv2_s0] step 1400/6103 tok 183,500,800 loss 3.8217 gn 0.52 lr 2.71e-04 92,171 tok/s (33.3m)
[diffv2_s0] step 1450/6103 tok 190,054,400 loss 4.0026 gn 0.51 lr 2.68e-04 92,264 tok/s (34.5m)
[diffv2_s0] step 1500/6103 tok 196,608,000 loss 3.9965 gn 0.41 lr 2.66e-04 92,234 tok/s (35.7m)
[diffv2_s0] step 1550/6103 tok 203,161,600 loss 3.9708 gn 0.44 lr 2.64e-04 92,246 tok/s (36.9m)
[diffv2_s0] step 1600/6103 tok 209,715,200 loss 3.9227 gn 0.48 lr 2.61e-04 92,245 tok/s (38.1m)
[diffv2_s0] step 1600 VAL nll 4.1755 ppl 65.07 bypos {'0-128': 4.376053119039568, '128-512': 4.188921190410686, '512-1024': 4.170896362322935, '1024-2048': 4.159152972222673, '2048-4096': 4.1696818064617185}
[diffv2_s0] step 1650/6103 tok 216,268,800 loss 3.9317 gn 0.40 lr 2.59e-04 90,755 tok/s (39.3m)
[diffv2_s0] step 1700/6103 tok 222,822,400 loss 3.9015 gn 0.38 lr 2.56e-04 92,209 tok/s (40.5m)
[diffv2_s0] step 1750/6103 tok 229,376,000 loss 3.8390 gn 0.39 lr 2.54e-04 92,246 tok/s (41.6m)
[diffv2_s0] step 1800/6103 tok 235,929,600 loss 3.8750 gn 0.48 lr 2.51e-04 92,226 tok/s (42.8m)
[diffv2_s0] step 1850/6103 tok 242,483,200 loss 3.8376 gn 0.42 lr 2.48e-04 92,254 tok/s (44.0m)
[diffv2_s0] step 1900/6103 tok 249,036,800 loss 3.7930 gn 0.42 lr 2.45e-04 92,256 tok/s (45.2m)
[diffv2_s0] step 1950/6103 tok 255,590,400 loss 3.7038 gn 0.43 lr 2.42e-04 92,252 tok/s (46.4m)
[diffv2_s0] step 2000/6103 tok 262,144,000 loss 3.7759 gn 0.38 lr 2.39e-04 92,251 tok/s (47.6m)
[diffv2_s0] step 2000 VAL nll 4.0667 ppl 58.36 bypos {'0-128': 4.284602039940978, '128-512': 4.08322352101743, '512-1024': 4.05782729395446, '1024-2048': 4.04821369280933, '2048-4096': 4.061396319658294}
[diffv2_s0] step 2050/6103 tok 268,697,600 loss 3.8317 gn 0.41 lr 2.36e-04 90,756 tok/s (48.8m)
[diffv2_s0] step 2100/6103 tok 275,251,200 loss 3.7688 gn 0.38 lr 2.33e-04 91,856 tok/s (50.0m)
[diffv2_s0] step 2150/6103 tok 281,804,800 loss 3.7233 gn 0.47 lr 2.30e-04 91,399 tok/s (51.2m)
[diffv2_s0] step 2200/6103 tok 288,358,400 loss 3.6697 gn 0.42 lr 2.27e-04 91,453 tok/s (52.4m)
[diffv2_s0] step 2250/6103 tok 294,912,000 loss 3.9061 gn 0.41 lr 2.24e-04 91,492 tok/s (53.5m)
[diffv2_s0] step 2300/6103 tok 301,465,600 loss 3.6969 gn 0.38 lr 2.21e-04 91,324 tok/s (54.7m)
[diffv2_s0] step 2350/6103 tok 308,019,200 loss 3.7306 gn 0.41 lr 2.18e-04 91,309 tok/s (55.9m)
[diffv2_s0] step 2400/6103 tok 314,572,800 loss 3.7759 gn 0.38 lr 2.14e-04 91,264 tok/s (57.1m)
[diffv2_s0] step 2400 VAL nll 3.9854 ppl 53.81 bypos {'0-128': 4.186095478306839, '128-512': 4.006261499550192, '512-1024': 3.9817430898989805, '1024-2048': 3.964000751100107, '2048-4096': 3.9805651031750537}
[diffv2_s0] step 2450/6103 tok 321,126,400 loss 3.7860 gn 0.40 lr 2.11e-04 89,815 tok/s (58.4m)
[diffv2_s0] step 2500/6103 tok 327,680,000 loss 3.7919 gn 0.38 lr 2.08e-04 91,243 tok/s (59.5m)
[diffv2_s0] step 2550/6103 tok 334,233,600 loss 3.7000 gn 0.39 lr 2.04e-04 91,451 tok/s (60.7m)
[diffv2_s0] step 2600/6103 tok 340,787,200 loss 3.6322 gn 0.40 lr 2.01e-04 65,269 tok/s (62.4m)
[diffv2_s0] step 2650/6103 tok 347,340,800 loss 3.6925 gn 0.40 lr 1.97e-04 91,228 tok/s (63.6m)
[diffv2_s0] step 2700/6103 tok 353,894,400 loss 3.7675 gn 0.40 lr 1.94e-04 91,276 tok/s (64.8m)
[diffv2_s0] step 2750/6103 tok 360,448,000 loss 3.7217 gn 0.42 lr 1.91e-04 91,177 tok/s (66.0m)
[diffv2_s0] step 2800/6103 tok 367,001,600 loss 3.6617 gn 0.41 lr 1.87e-04 91,435 tok/s (67.2m)
[diffv2_s0] step 2800 VAL nll 3.9321 ppl 51.01 bypos {'0-128': 4.137884225715538, '128-512': 3.951664416594639, '512-1024': 3.9204505917313455, '1024-2048': 3.9149953493856167, '2048-4096': 3.9270118513049397}
[diffv2_s0] step 2850/6103 tok 373,555,200 loss 3.7055 gn 0.38 lr 1.84e-04 90,015 tok/s (68.4m)
[diffv2_s0] step 2900/6103 tok 380,108,800 loss 3.5147 gn 0.43 lr 1.80e-04 91,733 tok/s (69.6m)
[diffv2_s0] step 2950/6103 tok 386,662,400 loss 3.5531 gn 0.44 lr 1.77e-04 91,954 tok/s (70.8m)
[diffv2_s0] step 3000/6103 tok 393,216,000 loss 3.5883 gn 0.42 lr 1.73e-04 91,422 tok/s (72.0m)
[diffv2_s0] step 3050/6103 tok 399,769,600 loss 3.7665 gn 0.40 lr 1.69e-04 91,714 tok/s (73.2m)
[diffv2_s0] step 3100/6103 tok 406,323,200 loss 3.6371 gn 0.41 lr 1.66e-04 91,815 tok/s (74.4m)
[diffv2_s0] step 3150/6103 tok 412,876,800 loss 3.5215 gn 0.40 lr 1.62e-04 91,508 tok/s (75.6m)
[diffv2_s0] step 3200/6103 tok 419,430,400 loss 3.5010 gn 0.38 lr 1.59e-04 91,575 tok/s (76.8m)
[diffv2_s0] step 3200 VAL nll 3.8901 ppl 48.92 bypos {'0-128': 4.101400013910336, '128-512': 3.9077599141770634, '512-1024': 3.8849545980967406, '1024-2048': 3.8719602732980345, '2048-4096': 3.883961544842523}
[diffv2_s0] step 3250/6103 tok 425,984,000 loss 3.6381 gn 0.37 lr 1.55e-04 89,975 tok/s (78.0m)
[diffv2_s0] step 3300/6103 tok 432,537,600 loss 3.6401 gn 0.41 lr 1.52e-04 91,541 tok/s (79.2m)
[diffv2_s0] step 3350/6103 tok 439,091,200 loss 3.7167 gn 0.42 lr 1.48e-04 91,506 tok/s (80.4m)
[diffv2_s0] step 3400/6103 tok 445,644,800 loss 3.6231 gn 0.42 lr 1.45e-04 91,457 tok/s (81.6m)
[diffv2_s0] step 3450/6103 tok 452,198,400 loss 3.4867 gn 0.41 lr 1.41e-04 91,486 tok/s (82.7m)
[diffv2_s0] step 3500/6103 tok 458,752,000 loss 3.5411 gn 0.41 lr 1.38e-04 92,015 tok/s (83.9m)
[diffv2_s0] step 3550/6103 tok 465,305,600 loss 3.5909 gn 0.38 lr 1.34e-04 92,234 tok/s (85.1m)
[diffv2_s0] step 3600/6103 tok 471,859,200 loss 3.5596 gn 0.40 lr 1.31e-04 92,251 tok/s (86.3m)
[diffv2_s0] step 3600 VAL nll 3.8558 ppl 47.27 bypos {'0-128': 4.069366132907135, '128-512': 3.873601379253197, '512-1024': 3.847265597344368, '1024-2048': 3.83555020744852, '2048-4096': 3.8513630372722982}
[diffv2_s0] step 3650/6103 tok 478,412,800 loss 3.6121 gn 0.41 lr 1.27e-04 90,824 tok/s (87.5m)
[diffv2_s0] step 3700/6103 tok 484,966,400 loss 3.5691 gn 0.42 lr 1.24e-04 92,251 tok/s (88.7m)
[diffv2_s0] step 3750/6103 tok 491,520,000 loss 3.5528 gn 0.38 lr 1.21e-04 92,251 tok/s (89.9m)
[diffv2_s0] step 3800/6103 tok 498,073,600 loss 3.5224 gn 0.40 lr 1.17e-04 92,250 tok/s (91.1m)
[diffv2_s0] step 3850/6103 tok 504,627,200 loss 3.6247 gn 0.41 lr 1.14e-04 92,249 tok/s (92.2m)
[diffv2_s0] step 3900/6103 tok 511,180,800 loss 3.5684 gn 0.38 lr 1.11e-04 92,251 tok/s (93.4m)
[diffv2_s0] step 3950/6103 tok 517,734,400 loss 3.5889 gn 0.40 lr 1.08e-04 92,237 tok/s (94.6m)
[diffv2_s0] step 4000/6103 tok 524,288,000 loss 3.4946 gn 0.39 lr 1.04e-04 92,235 tok/s (95.8m)
[diffv2_s0] step 4000 VAL nll 3.8270 ppl 45.92 bypos {'0-128': 4.045288447980369, '128-512': 3.8405472621131955, '512-1024': 3.820009392790837, '1024-2048': 3.80838623356985, '2048-4096': 3.8218204676603604}
[diffv2_s0] step 4050/6103 tok 530,841,600 loss 3.4812 gn 0.39 lr 1.01e-04 90,812 tok/s (97.0m)
[diffv2_s0] step 4100/6103 tok 537,395,200 loss 3.5647 gn 0.39 lr 9.81e-05 92,239 tok/s (98.2m)
[diffv2_s0] step 4150/6103 tok 543,948,800 loss 3.5607 gn 0.39 lr 9.50e-05 92,247 tok/s (99.4m)
[diffv2_s0] step 4200/6103 tok 550,502,400 loss 3.5430 gn 0.42 lr 9.20e-05 92,238 tok/s (100.5m)
[diffv2_s0] step 4250/6103 tok 557,056,000 loss 3.5005 gn 0.39 lr 8.91e-05 92,157 tok/s (101.7m)
[diffv2_s0] step 4300/6103 tok 563,609,600 loss 3.6014 gn 0.40 lr 8.61e-05 92,210 tok/s (102.9m)
[diffv2_s0] step 4350/6103 tok 570,163,200 loss 3.5022 gn 0.39 lr 8.33e-05 92,199 tok/s (104.1m)
[diffv2_s0] step 4400/6103 tok 576,716,800 loss 3.5653 gn 0.41 lr 8.05e-05 92,217 tok/s (105.3m)
[diffv2_s0] step 4400 VAL nll 3.8063 ppl 44.98 bypos {'0-128': 4.020014016894606, '128-512': 3.8219732055889417, '512-1024': 3.7971982629943675, '1024-2048': 3.788454862842176, '2048-4096': 3.801113246453625}
[diffv2_s0] step 4450/6103 tok 583,270,400 loss 3.5559 gn 0.39 lr 7.78e-05 90,798 tok/s (106.5m)
[diffv2_s0] step 4500/6103 tok 589,824,000 loss 3.5103 gn 0.40 lr 7.51e-05 92,187 tok/s (107.7m)
[diffv2_s0] step 4550/6103 tok 596,377,600 loss 3.5998 gn 0.38 lr 7.25e-05 92,172 tok/s (108.9m)
[diffv2_s0] step 4600/6103 tok 602,931,200 loss 3.5290 gn 0.39 lr 6.99e-05 92,161 tok/s (110.0m)
[diffv2_s0] step 4650/6103 tok 609,484,800 loss 3.6207 gn 0.39 lr 6.74e-05 92,172 tok/s (111.2m)
[diffv2_s0] step 4700/6103 tok 616,038,400 loss 3.4800 gn 0.42 lr 6.50e-05 92,161 tok/s (112.4m)
[diffv2_s0] step 4750/6103 tok 622,592,000 loss 3.5542 gn 0.40 lr 6.27e-05 92,178 tok/s (113.6m)
[diffv2_s0] step 4800/6103 tok 629,145,600 loss 3.4605 gn 0.42 lr 6.04e-05 92,172 tok/s (114.8m)
[diffv2_s0] step 4800 VAL nll 3.7864 ppl 44.10 bypos {'0-128': 4.002133037840224, '128-512': 3.802972273412261, '512-1024': 3.7773119559528716, '1024-2048': 3.7684099506229156, '2048-4096': 3.7811441855028116}
[diffv2_s0] step 4850/6103 tok 635,699,200 loss 3.3594 gn 0.46 lr 5.82e-05 90,753 tok/s (116.0m)
[diffv2_s0] step 4900/6103 tok 642,252,800 loss 3.4591 gn 0.42 lr 5.61e-05 92,174 tok/s (117.2m)
[diffv2_s0] step 4950/6103 tok 648,806,400 loss 3.5311 gn 0.38 lr 5.40e-05 92,204 tok/s (118.4m)
[diffv2_s0] step 5000/6103 tok 655,360,000 loss 3.5563 gn 0.40 lr 5.20e-05 92,263 tok/s (119.5m)
[diffv2_s0] step 5050/6103 tok 661,913,600 loss 3.5623 gn 0.40 lr 5.01e-05 92,257 tok/s (120.7m)
[diffv2_s0] step 5100/6103 tok 668,467,200 loss 3.3687 gn 0.37 lr 4.83e-05 92,217 tok/s (121.9m)
[diffv2_s0] step 5150/6103 tok 675,020,800 loss 3.4427 gn 0.39 lr 4.66e-05 92,220 tok/s (123.1m)
[diffv2_s0] step 5200/6103 tok 681,574,400 loss 3.5512 gn 0.38 lr 4.49e-05 92,208 tok/s (124.3m)
[diffv2_s0] step 5200 VAL nll 3.7716 ppl 43.45 bypos {'0-128': 3.9878238959212524, '128-512': 3.7866075323082717, '512-1024': 3.7617479053154455, '1024-2048': 3.7542072002503706, '2048-4096': 3.766409628656025}
[diffv2_s0] step 5250/6103 tok 688,128,000 loss 3.6009 gn 0.39 lr 4.33e-05 90,828 tok/s (125.5m)
[diffv2_s0] step 5300/6103 tok 694,681,600 loss 3.4320 gn 0.39 lr 4.18e-05 92,262 tok/s (126.7m)
[diffv2_s0] step 5350/6103 tok 701,235,200 loss 3.6275 gn 0.41 lr 4.04e-05 92,205 tok/s (127.8m)
[diffv2_s0] step 5400/6103 tok 707,788,800 loss 3.4529 gn 0.38 lr 3.91e-05 92,238 tok/s (129.0m)
[diffv2_s0] step 5450/6103 tok 714,342,400 loss 3.4536 gn 0.38 lr 3.79e-05 92,401 tok/s (130.2m)
[diffv2_s0] step 5500/6103 tok 720,896,000 loss 3.4554 gn 0.41 lr 3.67e-05 92,332 tok/s (131.4m)
[diffv2_s0] step 5550/6103 tok 727,449,600 loss 3.4118 gn 0.38 lr 3.57e-05 92,201 tok/s (132.6m)
[diffv2_s0] step 5600/6103 tok 734,003,200 loss 3.4162 gn 0.40 lr 3.47e-05 92,191 tok/s (133.8m)
[diffv2_s0] step 5600 VAL nll 3.7620 ppl 43.04 bypos {'0-128': 3.9789639751782317, '128-512': 3.7755187425811036, '512-1024': 3.751200564585716, '1024-2048': 3.7435887646741386, '2048-4096': 3.757867667784312}
[diffv2_s0] step 5650/6103 tok 740,556,800 loss 3.3607 gn 0.39 lr 3.38e-05 91,000 tok/s (135.0m)
[diffv2_s0] step 5700/6103 tok 747,110,400 loss 3.6058 gn 0.39 lr 3.30e-05 92,411 tok/s (136.1m)
[diffv2_s0] step 5750/6103 tok 753,664,000 loss 3.4993 gn 0.39 lr 3.23e-05 92,198 tok/s (137.3m)
[diffv2_s0] step 5800/6103 tok 760,217,600 loss 3.4485 gn 0.40 lr 3.17e-05 92,158 tok/s (138.5m)
[diffv2_s0] step 5850/6103 tok 766,771,200 loss 3.5568 gn 0.38 lr 3.12e-05 92,332 tok/s (139.7m)
[diffv2_s0] step 5900/6103 tok 773,324,800 loss 3.4091 gn 0.38 lr 3.08e-05 92,463 tok/s (140.9m)
[diffv2_s0] step 5950/6103 tok 779,878,400 loss 3.5115 gn 0.39 lr 3.04e-05 92,369 tok/s (142.1m)
[diffv2_s0] step 6000/6103 tok 786,432,000 loss 3.4386 gn 0.38 lr 3.02e-05 92,231 tok/s (143.3m)
[diffv2_s0] step 6000 VAL nll 3.7544 ppl 42.71 bypos {'0-128': 3.9714192932974157, '128-512': 3.7703971510010583, '512-1024': 3.742789907005184, '1024-2048': 3.7363834269639717, '2048-4096': 3.7496979737119602}
[diffv2_s0] step 6050/6103 tok 792,985,600 loss 3.3469 gn 0.40 lr 3.01e-05 90,770 tok/s (144.5m)
[diffv2_s0] step 6100/6103 tok 799,539,200 loss 3.5370 gn 0.43 lr 3.00e-05 92,176 tok/s (145.6m)
[diffv2_s0] FINAL nll=3.6045 ppl=36.76 bypos={'0-128': 3.8894171208671047, '128-512': 3.6477193921267683, '512-1024': 3.6058224640615455, '1024-2048': 3.5953256072269366, '2048-4096': 3.582783515512688} in 145.78m
