[diffv2_s2] arm=native_diffv2 params={'total': 108630016, 'trainable': 108630016, 'attention': 7373824, 'embedding': 77654528, 'non_embedding': 30975488} tokens/step=131,072 steps=6,103 0->800,000,000 stage2@None
[diffv2_s2] step 1/6103 tok 131,072 loss 12.0229 gn 1.97 lr 2.46e-06 0 tok/s (0.1m)
[diffv2_s2] step 50/6103 tok 6,553,600 loss 9.1058 gn 1.98 lr 1.23e-04 93,324 tok/s (1.2m)
[diffv2_s2] step 100/6103 tok 13,107,200 loss 6.7194 gn 0.57 lr 2.46e-04 93,106 tok/s (2.4m)
[diffv2_s2] step 150/6103 tok 19,660,800 loss 5.9239 gn 0.66 lr 3.00e-04 93,068 tok/s (3.6m)
[diffv2_s2] step 200/6103 tok 26,214,400 loss 5.5523 gn 0.74 lr 3.00e-04 93,065 tok/s (4.7m)
[diffv2_s2] step 250/6103 tok 32,768,000 loss 5.3457 gn 0.67 lr 3.00e-04 93,086 tok/s (5.9m)
[diffv2_s2] step 300/6103 tok 39,321,600 loss 5.1840 gn 0.75 lr 2.99e-04 93,173 tok/s (7.1m)
[diffv2_s2] step 350/6103 tok 45,875,200 loss 4.8935 gn 0.75 lr 2.99e-04 93,190 tok/s (8.3m)
[diffv2_s2] step 400/6103 tok 52,428,800 loss 4.7706 gn 0.53 lr 2.99e-04 93,197 tok/s (9.4m)
[diffv2_s2] step 400 VAL nll 5.0124 ppl 150.26 bypos {'0-128': 5.26064053140999, '128-512': 5.051743238263195, '512-1024': 5.0046568959953674, '1024-2048': 4.989096934305849, '2048-4096': 5.003051444377369}
[diffv2_s2] step 450/6103 tok 58,982,400 loss 4.6761 gn 0.63 lr 2.98e-04 91,745 tok/s (10.6m)
[diffv2_s2] step 500/6103 tok 65,536,000 loss 4.6293 gn 0.69 lr 2.97e-04 93,150 tok/s (11.8m)
[diffv2_s2] step 550/6103 tok 72,089,600 loss 4.6174 gn 0.71 lr 2.97e-04 93,192 tok/s (13.0m)
[diffv2_s2] step 600/6103 tok 78,643,200 loss 4.4947 gn 0.60 lr 2.96e-04 93,194 tok/s (14.1m)
[diffv2_s2] step 650/6103 tok 85,196,800 loss 4.3630 gn 0.54 lr 2.95e-04 93,189 tok/s (15.3m)
[diffv2_s2] step 700/6103 tok 91,750,400 loss 4.3202 gn 0.65 lr 2.94e-04 93,186 tok/s (16.5m)
[diffv2_s2] step 750/6103 tok 98,304,000 loss 4.4039 gn 0.61 lr 2.93e-04 93,173 tok/s (17.7m)
[diffv2_s2] step 800/6103 tok 104,857,600 loss 4.2670 gn 0.44 lr 2.92e-04 93,188 tok/s (18.8m)
[diffv2_s2] step 800 VAL nll 4.5359 ppl 93.31 bypos {'0-128': 4.719078971324507, '128-512': 4.552864428486449, '512-1024': 4.526189203137278, '1024-2048': 4.518705194526731, '2048-4096': 4.532253720665287}
[diffv2_s2] step 850/6103 tok 111,411,200 loss 4.3679 gn 0.49 lr 2.90e-04 91,741 tok/s (20.0m)
[diffv2_s2] step 900/6103 tok 117,964,800 loss 4.2617 gn 0.50 lr 2.89e-04 93,185 tok/s (21.2m)
[diffv2_s2] step 950/6103 tok 124,518,400 loss 4.2212 gn 0.50 lr 2.87e-04 93,178 tok/s (22.4m)
[diffv2_s2] step 1000/6103 tok 131,072,000 loss 4.2311 gn 0.44 lr 2.86e-04 93,186 tok/s (23.5m)
[diffv2_s2] step 1050/6103 tok 137,625,600 loss 4.1961 gn 0.42 lr 2.84e-04 93,193 tok/s (24.7m)
[diffv2_s2] step 1100/6103 tok 144,179,200 loss 4.1583 gn 0.52 lr 2.83e-04 93,199 tok/s (25.9m)
[diffv2_s2] step 1150/6103 tok 150,732,800 loss 4.1128 gn 0.44 lr 2.81e-04 93,215 tok/s (27.0m)
[diffv2_s2] step 1200/6103 tok 157,286,400 loss 4.1209 gn 0.45 lr 2.79e-04 93,200 tok/s (28.2m)
[diffv2_s2] step 1200 VAL nll 4.3035 ppl 73.96 bypos {'0-128': 4.5044226305672055, '128-512': 4.322924411549877, '512-1024': 4.291095323887603, '1024-2048': 4.285423294853857, '2048-4096': 4.2994149224012785}
[diffv2_s2] step 1250/6103 tok 163,840,000 loss 4.1134 gn 0.46 lr 2.77e-04 91,752 tok/s (29.4m)
[diffv2_s2] step 1300/6103 tok 170,393,600 loss 4.1095 gn 0.47 lr 2.75e-04 93,218 tok/s (30.6m)
[diffv2_s2] step 1350/6103 tok 176,947,200 loss 3.9429 gn 0.44 lr 2.73e-04 93,269 tok/s (31.8m)
[diffv2_s2] step 1400/6103 tok 183,500,800 loss 3.7646 gn 0.47 lr 2.71e-04 93,208 tok/s (32.9m)
[diffv2_s2] step 1450/6103 tok 190,054,400 loss 3.9379 gn 0.47 lr 2.68e-04 93,199 tok/s (34.1m)
[diffv2_s2] step 1500/6103 tok 196,608,000 loss 3.9575 gn 0.45 lr 2.66e-04 93,181 tok/s (35.3m)
[diffv2_s2] step 1550/6103 tok 203,161,600 loss 3.9326 gn 0.41 lr 2.64e-04 93,174 tok/s (36.4m)
[diffv2_s2] step 1600/6103 tok 209,715,200 loss 3.8768 gn 0.51 lr 2.61e-04 93,228 tok/s (37.6m)
[diffv2_s2] step 1600 VAL nll 4.1480 ppl 63.31 bypos {'0-128': 4.348363367870036, '128-512': 4.162640975657155, '512-1024': 4.134000270266569, '1024-2048': 4.1315386111635135, '2048-4096': 4.1444679852661634}
[diffv2_s2] step 1650/6103 tok 216,268,800 loss 3.9044 gn 0.41 lr 2.59e-04 91,847 tok/s (38.8m)
[diffv2_s2] step 1700/6103 tok 222,822,400 loss 3.8785 gn 0.39 lr 2.56e-04 93,255 tok/s (40.0m)
[diffv2_s2] step 1750/6103 tok 229,376,000 loss 3.8097 gn 0.42 lr 2.54e-04 93,245 tok/s (41.1m)
[diffv2_s2] step 1800/6103 tok 235,929,600 loss 3.8467 gn 0.44 lr 2.51e-04 93,232 tok/s (42.3m)
[diffv2_s2] step 1850/6103 tok 242,483,200 loss 3.8160 gn 0.41 lr 2.48e-04 93,255 tok/s (43.5m)
[diffv2_s2] step 1900/6103 tok 249,036,800 loss 3.7695 gn 0.42 lr 2.45e-04 93,279 tok/s (44.7m)
[diffv2_s2] step 1950/6103 tok 255,590,400 loss 3.6799 gn 0.39 lr 2.42e-04 93,231 tok/s (45.8m)
[diffv2_s2] step 2000/6103 tok 262,144,000 loss 3.7589 gn 0.39 lr 2.39e-04 93,217 tok/s (47.0m)
[diffv2_s2] step 2000 VAL nll 4.0491 ppl 57.34 bypos {'0-128': 4.261082019967148, '128-512': 4.06568523579826, '512-1024': 4.033532267543691, '1024-2048': 4.031685540397998, '2048-4096': 4.04526408295045}
[diffv2_s2] step 2050/6103 tok 268,697,600 loss 3.8093 gn 0.40 lr 2.36e-04 91,782 tok/s (48.2m)
[diffv2_s2] step 2100/6103 tok 275,251,200 loss 3.7536 gn 0.39 lr 2.33e-04 93,224 tok/s (49.4m)
[diffv2_s2] step 2150/6103 tok 281,804,800 loss 3.7007 gn 0.48 lr 2.30e-04 93,221 tok/s (50.5m)
[diffv2_s2] step 2200/6103 tok 288,358,400 loss 3.6498 gn 0.42 lr 2.27e-04 93,204 tok/s (51.7m)
[diffv2_s2] step 2250/6103 tok 294,912,000 loss 3.8831 gn 0.40 lr 2.24e-04 93,214 tok/s (52.9m)
[diffv2_s2] step 2300/6103 tok 301,465,600 loss 3.6814 gn 0.40 lr 2.21e-04 93,208 tok/s (54.1m)
[diffv2_s2] step 2350/6103 tok 308,019,200 loss 3.7133 gn 0.41 lr 2.18e-04 93,212 tok/s (55.2m)
[diffv2_s2] step 2400/6103 tok 314,572,800 loss 3.7589 gn 0.39 lr 2.14e-04 93,219 tok/s (56.4m)
[diffv2_s2] step 2400 VAL nll 3.9732 ppl 53.16 bypos {'0-128': 4.184845923765266, '128-512': 3.9918542583251906, '512-1024': 3.960283458266197, '1024-2048': 3.9543752592054577, '2048-4096': 3.9691435787571736}
[diffv2_s2] step 2450/6103 tok 321,126,400 loss 3.7682 gn 0.39 lr 2.11e-04 91,779 tok/s (57.6m)
[diffv2_s2] step 2500/6103 tok 327,680,000 loss 3.7781 gn 0.39 lr 2.08e-04 93,193 tok/s (58.8m)
[diffv2_s2] step 2550/6103 tok 334,233,600 loss 3.6869 gn 0.37 lr 2.04e-04 93,189 tok/s (59.9m)
[diffv2_s2] step 2600/6103 tok 340,787,200 loss 3.6139 gn 0.39 lr 2.01e-04 93,221 tok/s (61.1m)
[diffv2_s2] step 2650/6103 tok 347,340,800 loss 3.6766 gn 0.37 lr 1.97e-04 93,217 tok/s (62.3m)
[diffv2_s2] step 2700/6103 tok 353,894,400 loss 3.7538 gn 0.39 lr 1.94e-04 93,204 tok/s (63.4m)
[diffv2_s2] step 2750/6103 tok 360,448,000 loss 3.7033 gn 0.40 lr 1.91e-04 93,221 tok/s (64.6m)
[diffv2_s2] step 2800/6103 tok 367,001,600 loss 3.6444 gn 0.39 lr 1.87e-04 93,208 tok/s (65.8m)
[diffv2_s2] step 2800 VAL nll 3.9199 ppl 50.39 bypos {'0-128': 4.135074180261995, '128-512': 3.93842140211882, '512-1024': 3.904322778584376, '1024-2048': 3.9036217102460204, '2048-4096': 3.9149911784630507}
[diffv2_s2] step 2850/6103 tok 373,555,200 loss 3.6954 gn 0.39 lr 1.84e-04 91,783 tok/s (67.0m)
[diffv2_s2] step 2900/6103 tok 380,108,800 loss 3.4985 gn 0.40 lr 1.80e-04 93,210 tok/s (68.2m)
[diffv2_s2] step 2950/6103 tok 386,662,400 loss 3.5349 gn 0.40 lr 1.77e-04 93,207 tok/s (69.3m)
[diffv2_s2] step 3000/6103 tok 393,216,000 loss 3.5719 gn 0.39 lr 1.73e-04 93,240 tok/s (70.5m)
[diffv2_s2] step 3050/6103 tok 399,769,600 loss 3.7544 gn 0.39 lr 1.69e-04 93,144 tok/s (71.7m)
[diffv2_s2] step 3100/6103 tok 406,323,200 loss 3.6232 gn 0.41 lr 1.66e-04 93,259 tok/s (72.8m)
[diffv2_s2] step 3150/6103 tok 412,876,800 loss 3.5085 gn 0.41 lr 1.62e-04 93,264 tok/s (74.0m)
[diffv2_s2] step 3200/6103 tok 419,430,400 loss 3.4880 gn 0.37 lr 1.59e-04 93,225 tok/s (75.2m)
[diffv2_s2] step 3200 VAL nll 3.8783 ppl 48.34 bypos {'0-128': 4.094614025113572, '128-512': 3.895286746919723, '512-1024': 3.8678116177812, '1024-2048': 3.8618129596298316, '2048-4096': 3.87249179479598}
[diffv2_s2] step 3250/6103 tok 425,984,000 loss 3.6288 gn 0.37 lr 1.55e-04 91,788 tok/s (76.4m)
[diffv2_s2] step 3300/6103 tok 432,537,600 loss 3.6291 gn 0.39 lr 1.52e-04 93,206 tok/s (77.5m)
[diffv2_s2] step 3350/6103 tok 439,091,200 loss 3.7045 gn 0.41 lr 1.48e-04 93,214 tok/s (78.7m)
[diffv2_s2] step 3400/6103 tok 445,644,800 loss 3.6143 gn 0.43 lr 1.45e-04 93,201 tok/s (79.9m)
[diffv2_s2] step 3450/6103 tok 452,198,400 loss 3.4729 gn 0.40 lr 1.41e-04 93,205 tok/s (81.1m)
[diffv2_s2] step 3500/6103 tok 458,752,000 loss 3.5331 gn 0.40 lr 1.38e-04 93,199 tok/s (82.2m)
[diffv2_s2] step 3550/6103 tok 465,305,600 loss 3.5831 gn 0.40 lr 1.34e-04 93,210 tok/s (83.4m)
[diffv2_s2] step 3600/6103 tok 471,859,200 loss 3.5470 gn 0.40 lr 1.31e-04 93,264 tok/s (84.6m)
[diffv2_s2] step 3600 VAL nll 3.8453 ppl 46.77 bypos {'0-128': 4.057504739461876, '128-512': 3.864660015179344, '512-1024': 3.8331544287763535, '1024-2048': 3.8279507252348712, '2048-4096': 3.84002723903242}
[diffv2_s2] step 3650/6103 tok 478,412,800 loss 3.6034 gn 0.41 lr 1.27e-04 91,850 tok/s (85.8m)
[diffv2_s2] step 3700/6103 tok 484,966,400 loss 3.5593 gn 0.39 lr 1.24e-04 93,308 tok/s (86.9m)
[diffv2_s2] step 3750/6103 tok 491,520,000 loss 3.5446 gn 0.40 lr 1.21e-04 93,290 tok/s (88.1m)
[diffv2_s2] step 3800/6103 tok 498,073,600 loss 3.5114 gn 0.40 lr 1.17e-04 93,235 tok/s (89.3m)
[diffv2_s2] step 3850/6103 tok 504,627,200 loss 3.6139 gn 0.39 lr 1.14e-04 93,199 tok/s (90.4m)
[diffv2_s2] step 3900/6103 tok 511,180,800 loss 3.5581 gn 0.38 lr 1.11e-04 93,209 tok/s (91.6m)
[diffv2_s2] step 3950/6103 tok 517,734,400 loss 3.5762 gn 0.40 lr 1.08e-04 93,223 tok/s (92.8m)
[diffv2_s2] step 4000/6103 tok 524,288,000 loss 3.4818 gn 0.38 lr 1.04e-04 93,229 tok/s (94.0m)
[diffv2_s2] step 4000 VAL nll 3.8174 ppl 45.49 bypos {'0-128': 4.02907593310087, '128-512': 3.8324947787104313, '512-1024': 3.8077740671995137, '1024-2048': 3.800773770313837, '2048-4096': 3.812085743389097}
[diffv2_s2] step 4050/6103 tok 530,841,600 loss 3.4708 gn 0.38 lr 1.01e-04 91,784 tok/s (95.2m)
[diffv2_s2] step 4100/6103 tok 537,395,200 loss 3.5563 gn 0.38 lr 9.81e-05 93,229 tok/s (96.3m)
[diffv2_s2] step 4150/6103 tok 543,948,800 loss 3.5520 gn 0.38 lr 9.50e-05 93,188 tok/s (97.5m)
[diffv2_s2] step 4200/6103 tok 550,502,400 loss 3.5327 gn 0.43 lr 9.20e-05 93,200 tok/s (98.7m)
[diffv2_s2] step 4250/6103 tok 557,056,000 loss 3.4923 gn 0.37 lr 8.91e-05 93,215 tok/s (99.8m)
[diffv2_s2] step 4300/6103 tok 563,609,600 loss 3.5893 gn 0.39 lr 8.61e-05 93,206 tok/s (101.0m)
[diffv2_s2] step 4350/6103 tok 570,163,200 loss 3.4937 gn 0.37 lr 8.33e-05 93,188 tok/s (102.2m)
[diffv2_s2] step 4400/6103 tok 576,716,800 loss 3.5549 gn 0.41 lr 8.05e-05 93,207 tok/s (103.4m)
[diffv2_s2] step 4400 VAL nll 3.7956 ppl 44.50 bypos {'0-128': 4.009026345260509, '128-512': 3.8116778695012337, '512-1024': 3.785223702125485, '1024-2048': 3.7800347427164933, '2048-4096': 3.789541507418556}
[diffv2_s2] step 4450/6103 tok 583,270,400 loss 3.5482 gn 0.39 lr 7.78e-05 91,775 tok/s (104.5m)
[diffv2_s2] step 4500/6103 tok 589,824,000 loss 3.5019 gn 0.40 lr 7.51e-05 93,218 tok/s (105.7m)
[diffv2_s2] step 4550/6103 tok 596,377,600 loss 3.5868 gn 0.39 lr 7.25e-05 93,223 tok/s (106.9m)
[diffv2_s2] step 4600/6103 tok 602,931,200 loss 3.5179 gn 0.38 lr 6.99e-05 93,233 tok/s (108.1m)
[diffv2_s2] step 4650/6103 tok 609,484,800 loss 3.6081 gn 0.38 lr 6.74e-05 93,224 tok/s (109.2m)
[diffv2_s2] step 4700/6103 tok 616,038,400 loss 3.4711 gn 0.39 lr 6.50e-05 93,225 tok/s (110.4m)
[diffv2_s2] step 4750/6103 tok 622,592,000 loss 3.5437 gn 0.40 lr 6.27e-05 93,230 tok/s (111.6m)
[diffv2_s2] step 4800/6103 tok 629,145,600 loss 3.4486 gn 0.40 lr 6.04e-05 93,230 tok/s (112.7m)
[diffv2_s2] step 4800 VAL nll 3.7767 ppl 43.67 bypos {'0-128': 3.9862975013988518, '128-512': 3.793812792670186, '512-1024': 3.767602112129895, '1024-2048': 3.761408611197481, '2048-4096': 3.7702779661026975}
[diffv2_s2] step 4850/6103 tok 635,699,200 loss 3.3443 gn 0.40 lr 5.82e-05 91,803 tok/s (113.9m)
[diffv2_s2] step 4900/6103 tok 642,252,800 loss 3.4450 gn 0.41 lr 5.61e-05 93,233 tok/s (115.1m)
[diffv2_s2] step 4950/6103 tok 648,806,400 loss 3.5254 gn 0.38 lr 5.40e-05 93,234 tok/s (116.3m)
[diffv2_s2] step 5000/6103 tok 655,360,000 loss 3.5447 gn 0.39 lr 5.20e-05 93,225 tok/s (117.5m)
[diffv2_s2] step 5050/6103 tok 661,913,600 loss 3.5570 gn 0.39 lr 5.01e-05 93,220 tok/s (118.6m)
[diffv2_s2] step 5100/6103 tok 668,467,200 loss 3.3577 gn 0.38 lr 4.83e-05 93,220 tok/s (119.8m)
[diffv2_s2] step 5150/6103 tok 675,020,800 loss 3.4346 gn 0.38 lr 4.66e-05 93,230 tok/s (121.0m)
[diffv2_s2] step 5200/6103 tok 681,574,400 loss 3.5405 gn 0.37 lr 4.49e-05 93,200 tok/s (122.1m)
[diffv2_s2] step 5200 VAL nll 3.7617 ppl 43.02 bypos {'0-128': 3.9749720707267215, '128-512': 3.7761954780935554, '512-1024': 3.747756976489754, '1024-2048': 3.7466518637397703, '2048-4096': 3.7566967360333776}
[diffv2_s2] step 5250/6103 tok 688,128,000 loss 3.5916 gn 0.39 lr 4.33e-05 91,800 tok/s (123.3m)
[diffv2_s2] step 5300/6103 tok 694,681,600 loss 3.4257 gn 0.37 lr 4.18e-05 93,240 tok/s (124.5m)
[diffv2_s2] step 5350/6103 tok 701,235,200 loss 3.6230 gn 0.40 lr 4.04e-05 93,204 tok/s (125.7m)
[diffv2_s2] step 5400/6103 tok 707,788,800 loss 3.4445 gn 0.38 lr 3.91e-05 93,218 tok/s (126.8m)
[diffv2_s2] step 5450/6103 tok 714,342,400 loss 3.4431 gn 0.38 lr 3.79e-05 93,217 tok/s (128.0m)
[diffv2_s2] step 5500/6103 tok 720,896,000 loss 3.4478 gn 0.39 lr 3.67e-05 93,227 tok/s (129.2m)
[diffv2_s2] step 5550/6103 tok 727,449,600 loss 3.4045 gn 0.38 lr 3.57e-05 93,241 tok/s (130.4m)
[diffv2_s2] step 5600/6103 tok 734,003,200 loss 3.4070 gn 0.40 lr 3.47e-05 93,223 tok/s (131.5m)
[diffv2_s2] step 5600 VAL nll 3.7527 ppl 42.64 bypos {'0-128': 3.968905380886312, '128-512': 3.7666975071832716, '512-1024': 3.741358735982116, '1024-2048': 3.736622572209675, '2048-4096': 3.7475270308844166}
[diffv2_s2] step 5650/6103 tok 740,556,800 loss 3.3520 gn 0.37 lr 3.38e-05 91,779 tok/s (132.7m)
[diffv2_s2] step 5700/6103 tok 747,110,400 loss 3.5970 gn 0.39 lr 3.30e-05 93,217 tok/s (133.9m)
[diffv2_s2] step 5750/6103 tok 753,664,000 loss 3.4889 gn 0.38 lr 3.23e-05 93,196 tok/s (135.1m)
[diffv2_s2] step 5800/6103 tok 760,217,600 loss 3.4395 gn 0.39 lr 3.17e-05 93,216 tok/s (136.2m)
[diffv2_s2] step 5850/6103 tok 766,771,200 loss 3.5480 gn 0.38 lr 3.12e-05 93,209 tok/s (137.4m)
[diffv2_s2] step 5900/6103 tok 773,324,800 loss 3.4014 gn 0.39 lr 3.08e-05 93,204 tok/s (138.6m)
[diffv2_s2] step 5950/6103 tok 779,878,400 loss 3.5039 gn 0.39 lr 3.04e-05 93,193 tok/s (139.8m)
[diffv2_s2] step 6000/6103 tok 786,432,000 loss 3.4296 gn 0.40 lr 3.02e-05 93,194 tok/s (140.9m)
[diffv2_s2] step 6000 VAL nll 3.7458 ppl 42.34 bypos {'0-128': 3.9608156101557768, '128-512': 3.7622732825655496, '512-1024': 3.7350262483015513, '1024-2048': 3.7297588455001973, '2048-4096': 3.7399858231684124}
[diffv2_s2] step 6050/6103 tok 792,985,600 loss 3.3363 gn 0.38 lr 3.01e-05 91,785 tok/s (142.1m)
[diffv2_s2] step 6100/6103 tok 799,539,200 loss 3.5242 gn 0.42 lr 3.00e-05 93,216 tok/s (143.3m)
[diffv2_s2] FINAL nll=3.5935 ppl=36.36 bypos={'0-128': 3.8761884639147457, '128-512': 3.6421762193737557, '512-1024': 3.5911299544384114, '1024-2048': 3.585047188233892, '2048-4096': 3.5714743178205257} in 143.43m
