[layout_evidence4_s0] arm=lowrank params={'total': 107286528, 'trainable': 786432, 'attention': 6030336, 'embedding': 77654528, 'non_embedding': 29632000} tokens/step=131,072 steps=1,525 600,047,616->800,047,616 stage2@None
[layout_evidence4_s0] step 1/1525 tok 600,178,688 loss 3.5461 gn 0.01 lr 1.67e-05 0 tok/s (0.1m)
[layout_evidence4_s0] step 50/1525 tok 606,601,216 loss 3.4721 gn 0.02 lr 5.00e-04 105,474 tok/s (1.1m)
[layout_evidence4_s0] step 100/1525 tok 613,154,816 loss 3.4423 gn 0.02 lr 4.98e-04 105,730 tok/s (2.1m)
[layout_evidence4_s0] step 150/1525 tok 619,708,416 loss 3.5644 gn 0.01 lr 4.93e-04 105,690 tok/s (3.2m)
[layout_evidence4_s0] step 200/1525 tok 626,262,016 loss 3.4938 gn 0.01 lr 4.86e-04 105,610 tok/s (4.2m)
[layout_evidence4_s0] step 250/1525 tok 632,815,616 loss 3.5916 gn 0.02 lr 4.76e-04 105,611 tok/s (5.2m)
[layout_evidence4_s0] step 300/1525 tok 639,369,216 loss 3.3887 gn 0.02 lr 4.65e-04 105,628 tok/s (6.3m)
[layout_evidence4_s0] step 350/1525 tok 645,922,816 loss 3.6269 gn 0.01 lr 4.51e-04 105,618 tok/s (7.3m)
[layout_evidence4_s0] step 400/1525 tok 652,476,416 loss 3.6161 gn 0.01 lr 4.35e-04 105,623 tok/s (8.3m)
[layout_evidence4_s0] step 450/1525 tok 659,030,016 loss 3.5355 gn 0.02 lr 4.18e-04 105,621 tok/s (9.4m)
[layout_evidence4_s0] step 500/1525 tok 665,583,616 loss 3.5767 gn 0.02 lr 3.99e-04 105,622 tok/s (10.4m)
[layout_evidence4_s0] step 500 VAL nll 3.7625 ppl 43.06 bypos {'0-128': 3.9681369521814105, '128-512': 3.7193385188827643, '512-1024': 3.7894705160947137, '1024-2048': 3.7610588344392433, '2048-4096': 3.7516822224779767}
[layout_evidence4_s0] step 550/1525 tok 672,137,216 loss 3.5375 gn 0.02 lr 3.79e-04 104,633 tok/s (11.4m)
[layout_evidence4_s0] step 600/1525 tok 678,690,816 loss 3.4936 gn 0.02 lr 3.57e-04 105,625 tok/s (12.5m)
[layout_evidence4_s0] step 650/1525 tok 685,244,416 loss 3.4532 gn 0.01 lr 3.35e-04 105,644 tok/s (13.5m)
[layout_evidence4_s0] step 700/1525 tok 691,798,016 loss 3.5338 gn 0.02 lr 3.11e-04 105,618 tok/s (14.5m)
[layout_evidence4_s0] step 750/1525 tok 698,351,616 loss 3.4601 gn 0.02 lr 2.88e-04 105,626 tok/s (15.6m)
[layout_evidence4_s0] step 800/1525 tok 704,905,216 loss 3.5723 gn 0.02 lr 2.64e-04 105,630 tok/s (16.6m)
[layout_evidence4_s0] step 850/1525 tok 711,458,816 loss 3.4604 gn 0.01 lr 2.41e-04 105,625 tok/s (17.7m)
[layout_evidence4_s0] step 900/1525 tok 718,012,416 loss 3.5088 gn 0.02 lr 2.18e-04 105,625 tok/s (18.7m)
[layout_evidence4_s0] step 950/1525 tok 724,566,016 loss 3.5140 gn 0.02 lr 1.95e-04 105,630 tok/s (19.7m)
[layout_evidence4_s0] step 1000/1525 tok 731,119,616 loss 3.5723 gn 0.02 lr 1.74e-04 105,625 tok/s (20.8m)
[layout_evidence4_s0] step 1000 VAL nll 3.7613 ppl 43.00 bypos {'0-128': 3.9670288809028165, '128-512': 3.717691601750533, '512-1024': 3.7881759953049943, '1024-2048': 3.7599362190428476, '2048-4096': 3.750583492490889}
[layout_evidence4_s0] step 1050/1525 tok 737,673,216 loss 3.5128 gn 0.01 lr 1.53e-04 104,642 tok/s (21.8m)
[layout_evidence4_s0] step 1100/1525 tok 744,226,816 loss 3.4789 gn 0.02 lr 1.34e-04 105,627 tok/s (22.8m)
[layout_evidence4_s0] step 1150/1525 tok 750,780,416 loss 3.4174 gn 0.02 lr 1.16e-04 105,643 tok/s (23.9m)
[layout_evidence4_s0] step 1200/1525 tok 757,334,016 loss 3.5184 gn 0.02 lr 1.00e-04 105,648 tok/s (24.9m)
[layout_evidence4_s0] step 1250/1525 tok 763,887,616 loss 3.5189 gn 0.02 lr 8.65e-05 105,608 tok/s (25.9m)
[layout_evidence4_s0] step 1300/1525 tok 770,441,216 loss 3.5244 gn 0.02 lr 7.47e-05 105,559 tok/s (27.0m)
[layout_evidence4_s0] step 1350/1525 tok 776,994,816 loss 3.5450 gn 0.02 lr 6.50e-05 105,609 tok/s (28.0m)
[layout_evidence4_s0] step 1400/1525 tok 783,548,416 loss 3.5741 gn 0.02 lr 5.77e-05 105,596 tok/s (29.0m)
[layout_evidence4_s0] step 1450/1525 tok 790,102,016 loss 3.6170 gn 0.02 lr 5.28e-05 105,522 tok/s (30.1m)
[layout_evidence4_s0] step 1500/1525 tok 796,655,616 loss 3.5983 gn 0.02 lr 5.03e-05 105,638 tok/s (31.1m)
[layout_evidence4_s0] step 1500 VAL nll 3.7610 ppl 42.99 bypos {'0-128': 3.967178516335416, '128-512': 3.7175372439874947, '512-1024': 3.7879959325392476, '1024-2048': 3.759937679437631, '2048-4096': 3.75012972857192}
[layout_evidence4_s0] FINAL nll=3.6802 ppl=39.65 bypos={'0-128': 3.9584998207480364, '128-512': 3.7078482350837967, '512-1024': 3.663690555669181, '1024-2048': 3.657970272112226, '2048-4096': 3.672830262772826} in 31.67m
