[layout_first4_s0] arm=lowrank params={'total': 107286528, 'trainable': 786432, 'attention': 6030336, 'embedding': 77654528, 'non_embedding': 29632000} tokens/step=131,072 steps=1,525 600,047,616->800,047,616 stage2@None
[layout_first4_s0] step 1/1525 tok 600,178,688 loss 3.5461 gn 0.02 lr 1.67e-05 0 tok/s (0.1m)
[layout_first4_s0] step 50/1525 tok 606,601,216 loss 3.4722 gn 0.02 lr 5.00e-04 105,557 tok/s (1.1m)
[layout_first4_s0] step 100/1525 tok 613,154,816 loss 3.4422 gn 0.01 lr 4.98e-04 105,546 tok/s (2.1m)
[layout_first4_s0] step 150/1525 tok 619,708,416 loss 3.5643 gn 0.01 lr 4.93e-04 105,590 tok/s (3.2m)
[layout_first4_s0] step 200/1525 tok 626,262,016 loss 3.4937 gn 0.01 lr 4.86e-04 105,597 tok/s (4.2m)
[layout_first4_s0] step 250/1525 tok 632,815,616 loss 3.5917 gn 0.02 lr 4.76e-04 105,601 tok/s (5.2m)
[layout_first4_s0] step 300/1525 tok 639,369,216 loss 3.3896 gn 0.01 lr 4.65e-04 105,608 tok/s (6.3m)
[layout_first4_s0] step 350/1525 tok 645,922,816 loss 3.6273 gn 0.02 lr 4.51e-04 105,602 tok/s (7.3m)
[layout_first4_s0] step 400/1525 tok 652,476,416 loss 3.6164 gn 0.01 lr 4.35e-04 105,599 tok/s (8.3m)
[layout_first4_s0] step 450/1525 tok 659,030,016 loss 3.5355 gn 0.02 lr 4.18e-04 105,592 tok/s (9.4m)
[layout_first4_s0] step 500/1525 tok 665,583,616 loss 3.5766 gn 0.02 lr 3.99e-04 105,588 tok/s (10.4m)
[layout_first4_s0] step 500 VAL nll 3.7628 ppl 43.07 bypos {'0-128': 3.9692641838842846, '128-512': 3.7205520407411803, '512-1024': 3.7899752668947078, '1024-2048': 3.7607080688379053, '2048-4096': 3.752120359113813}
[layout_first4_s0] step 550/1525 tok 672,137,216 loss 3.5380 gn 0.02 lr 3.79e-04 104,579 tok/s (11.5m)
[layout_first4_s0] step 600/1525 tok 678,690,816 loss 3.4939 gn 0.02 lr 3.57e-04 105,576 tok/s (12.5m)
[layout_first4_s0] step 650/1525 tok 685,244,416 loss 3.4528 gn 0.01 lr 3.35e-04 105,576 tok/s (13.5m)
[layout_first4_s0] step 700/1525 tok 691,798,016 loss 3.5341 gn 0.02 lr 3.11e-04 105,545 tok/s (14.6m)
[layout_first4_s0] step 750/1525 tok 698,351,616 loss 3.4604 gn 0.02 lr 2.88e-04 105,564 tok/s (15.6m)
[layout_first4_s0] step 800/1525 tok 704,905,216 loss 3.5724 gn 0.02 lr 2.64e-04 105,562 tok/s (16.6m)
[layout_first4_s0] step 850/1525 tok 711,458,816 loss 3.4607 gn 0.01 lr 2.41e-04 105,574 tok/s (17.7m)
[layout_first4_s0] step 900/1525 tok 718,012,416 loss 3.5092 gn 0.02 lr 2.18e-04 105,683 tok/s (18.7m)
[layout_first4_s0] step 950/1525 tok 724,566,016 loss 3.5145 gn 0.02 lr 1.95e-04 105,715 tok/s (19.7m)
[layout_first4_s0] step 1000/1525 tok 731,119,616 loss 3.5732 gn 0.02 lr 1.74e-04 105,574 tok/s (20.8m)
[layout_first4_s0] step 1000 VAL nll 3.7616 ppl 43.02 bypos {'0-128': 3.96872170543978, '128-512': 3.718039674211342, '512-1024': 3.789448786670327, '1024-2048': 3.7594226726542788, '2048-4096': 3.75095832747147}
[layout_first4_s0] step 1050/1525 tok 737,673,216 loss 3.5127 gn 0.02 lr 1.53e-04 104,602 tok/s (21.8m)
[layout_first4_s0] step 1100/1525 tok 744,226,816 loss 3.4788 gn 0.02 lr 1.34e-04 105,589 tok/s (22.8m)
[layout_first4_s0] step 1150/1525 tok 750,780,416 loss 3.4178 gn 0.02 lr 1.16e-04 105,582 tok/s (23.9m)
[layout_first4_s0] step 1200/1525 tok 757,334,016 loss 3.5187 gn 0.02 lr 1.00e-04 105,587 tok/s (24.9m)
[layout_first4_s0] step 1250/1525 tok 763,887,616 loss 3.5187 gn 0.02 lr 8.65e-05 105,557 tok/s (25.9m)
[layout_first4_s0] step 1300/1525 tok 770,441,216 loss 3.5248 gn 0.02 lr 7.47e-05 105,491 tok/s (27.0m)
[layout_first4_s0] step 1350/1525 tok 776,994,816 loss 3.5449 gn 0.02 lr 6.50e-05 105,551 tok/s (28.0m)
[layout_first4_s0] step 1400/1525 tok 783,548,416 loss 3.5746 gn 0.02 lr 5.77e-05 105,542 tok/s (29.0m)
[layout_first4_s0] step 1450/1525 tok 790,102,016 loss 3.6175 gn 0.02 lr 5.28e-05 105,465 tok/s (30.1m)
[layout_first4_s0] step 1500/1525 tok 796,655,616 loss 3.5986 gn 0.02 lr 5.03e-05 105,569 tok/s (31.1m)
[layout_first4_s0] step 1500 VAL nll 3.7612 ppl 43.00 bypos {'0-128': 3.9691330770478004, '128-512': 3.717643314376694, '512-1024': 3.789059263626841, '1024-2048': 3.7590354481510464, '2048-4096': 3.7504873952561826}
[layout_first4_s0] FINAL nll=3.6806 ppl=39.67 bypos={'0-128': 3.9591832946562153, '128-512': 3.7087118792209366, '512-1024': 3.6646287201208763, '1024-2048': 3.657755847689201, '2048-4096': 3.6733567316787665} in 31.68m
