[layout_midlate4_s0] arm=lowrank params={'total': 107286528, 'trainable': 786432, 'attention': 6030336, 'embedding': 77654528, 'non_embedding': 29632000} tokens/step=131,072 steps=1,525 600,047,616->800,047,616 stage2@None
[layout_midlate4_s0] step 1/1525 tok 600,178,688 loss 3.5461 gn 0.01 lr 1.67e-05 0 tok/s (0.1m)
[layout_midlate4_s0] step 50/1525 tok 606,601,216 loss 3.4722 gn 0.02 lr 5.00e-04 112,097 tok/s (1.0m)
[layout_midlate4_s0] step 100/1525 tok 613,154,816 loss 3.4424 gn 0.01 lr 4.98e-04 111,958 tok/s (2.0m)
[layout_midlate4_s0] step 150/1525 tok 619,708,416 loss 3.5647 gn 0.01 lr 4.93e-04 112,296 tok/s (3.0m)
[layout_midlate4_s0] step 200/1525 tok 626,262,016 loss 3.4937 gn 0.01 lr 4.86e-04 112,298 tok/s (4.0m)
[layout_midlate4_s0] step 250/1525 tok 632,815,616 loss 3.5921 gn 0.02 lr 4.76e-04 112,298 tok/s (4.9m)
[layout_midlate4_s0] step 300/1525 tok 639,369,216 loss 3.3892 gn 0.02 lr 4.65e-04 112,308 tok/s (5.9m)
[layout_midlate4_s0] step 350/1525 tok 645,922,816 loss 3.6268 gn 0.01 lr 4.51e-04 112,307 tok/s (6.9m)
[layout_midlate4_s0] step 400/1525 tok 652,476,416 loss 3.6162 gn 0.01 lr 4.35e-04 112,319 tok/s (7.8m)
[layout_midlate4_s0] step 450/1525 tok 659,030,016 loss 3.5350 gn 0.02 lr 4.18e-04 112,316 tok/s (8.8m)
[layout_midlate4_s0] step 500/1525 tok 665,583,616 loss 3.5769 gn 0.02 lr 3.99e-04 112,308 tok/s (9.8m)
[layout_midlate4_s0] step 500 VAL nll 3.7621 ppl 43.04 bypos {'0-128': 3.970530411142196, '128-512': 3.719274959958922, '512-1024': 3.788959229001732, '1024-2048': 3.760261300106974, '2048-4096': 3.75132355733638}
[layout_midlate4_s0] step 550/1525 tok 672,137,216 loss 3.5375 gn 0.01 lr 3.79e-04 111,177 tok/s (10.8m)
[layout_midlate4_s0] step 600/1525 tok 678,690,816 loss 3.4941 gn 0.02 lr 3.57e-04 112,312 tok/s (11.7m)
[layout_midlate4_s0] step 650/1525 tok 685,244,416 loss 3.4529 gn 0.01 lr 3.35e-04 112,288 tok/s (12.7m)
[layout_midlate4_s0] step 700/1525 tok 691,798,016 loss 3.5346 gn 0.02 lr 3.11e-04 112,280 tok/s (13.7m)
[layout_midlate4_s0] step 750/1525 tok 698,351,616 loss 3.4602 gn 0.02 lr 2.88e-04 112,260 tok/s (14.7m)
[layout_midlate4_s0] step 800/1525 tok 704,905,216 loss 3.5726 gn 0.02 lr 2.64e-04 112,281 tok/s (15.6m)
[layout_midlate4_s0] step 850/1525 tok 711,458,816 loss 3.4600 gn 0.01 lr 2.41e-04 112,280 tok/s (16.6m)
[layout_midlate4_s0] step 900/1525 tok 718,012,416 loss 3.5086 gn 0.02 lr 2.18e-04 112,284 tok/s (17.6m)
[layout_midlate4_s0] step 950/1525 tok 724,566,016 loss 3.5143 gn 0.02 lr 1.95e-04 112,298 tok/s (18.6m)
[layout_midlate4_s0] step 1000/1525 tok 731,119,616 loss 3.5722 gn 0.02 lr 1.74e-04 112,297 tok/s (19.5m)
[layout_midlate4_s0] step 1000 VAL nll 3.7613 ppl 43.00 bypos {'0-128': 3.971322597917947, '128-512': 3.718082495462688, '512-1024': 3.7884143464012188, '1024-2048': 3.759084300523915, '2048-4096': 3.7505670969381635}
[layout_midlate4_s0] step 1050/1525 tok 737,673,216 loss 3.5129 gn 0.02 lr 1.53e-04 111,161 tok/s (20.5m)
[layout_midlate4_s0] step 1100/1525 tok 744,226,816 loss 3.4788 gn 0.02 lr 1.34e-04 112,257 tok/s (21.5m)
[layout_midlate4_s0] step 1150/1525 tok 750,780,416 loss 3.4170 gn 0.02 lr 1.16e-04 112,268 tok/s (22.5m)
[layout_midlate4_s0] step 1200/1525 tok 757,334,016 loss 3.5184 gn 0.02 lr 1.00e-04 112,261 tok/s (23.4m)
[layout_midlate4_s0] step 1250/1525 tok 763,887,616 loss 3.5187 gn 0.02 lr 8.65e-05 112,266 tok/s (24.4m)
[layout_midlate4_s0] step 1300/1525 tok 770,441,216 loss 3.5243 gn 0.02 lr 7.47e-05 112,253 tok/s (25.4m)
[layout_midlate4_s0] step 1350/1525 tok 776,994,816 loss 3.5453 gn 0.02 lr 6.50e-05 112,224 tok/s (26.3m)
[layout_midlate4_s0] step 1400/1525 tok 783,548,416 loss 3.5743 gn 0.02 lr 5.77e-05 112,165 tok/s (27.3m)
[layout_midlate4_s0] step 1450/1525 tok 790,102,016 loss 3.6167 gn 0.02 lr 5.28e-05 112,222 tok/s (28.3m)
[layout_midlate4_s0] step 1500/1525 tok 796,655,616 loss 3.5987 gn 0.02 lr 5.03e-05 112,220 tok/s (29.3m)
[layout_midlate4_s0] step 1500 VAL nll 3.7610 ppl 42.99 bypos {'0-128': 3.9710590086659217, '128-512': 3.7178569082394723, '512-1024': 3.788194214393433, '1024-2048': 3.7592447502403825, '2048-4096': 3.749992739834325}
[layout_midlate4_s0] FINAL nll=3.6801 ppl=39.65 bypos={'0-128': 3.9593783899424984, '128-512': 3.707982962787644, '512-1024': 3.6638260613038667, '1024-2048': 3.6574826463248, '2048-4096': 3.672793145647441} in 29.8m
