[layout_last4_s0] arm=lowrank params={'total': 107286528, 'trainable': 786432, 'attention': 6030336, 'embedding': 77654528, 'non_embedding': 29632000} tokens/step=131,072 steps=1,525 600,047,616->800,047,616 stage2@None
[layout_last4_s0] step 1/1525 tok 600,178,688 loss 3.5461 gn 0.01 lr 1.67e-05 0 tok/s (0.1m)
[layout_last4_s0] step 50/1525 tok 606,601,216 loss 3.4721 gn 0.01 lr 5.00e-04 118,621 tok/s (1.0m)
[layout_last4_s0] step 100/1525 tok 613,154,816 loss 3.4429 gn 0.01 lr 4.98e-04 118,646 tok/s (1.9m)
[layout_last4_s0] step 150/1525 tok 619,708,416 loss 3.5654 gn 0.01 lr 4.93e-04 118,042 tok/s (2.8m)
[layout_last4_s0] step 200/1525 tok 626,262,016 loss 3.4941 gn 0.01 lr 4.86e-04 117,979 tok/s (3.8m)
[layout_last4_s0] step 250/1525 tok 632,815,616 loss 3.5929 gn 0.01 lr 4.76e-04 118,021 tok/s (4.7m)
[layout_last4_s0] step 300/1525 tok 639,369,216 loss 3.3897 gn 0.01 lr 4.65e-04 118,028 tok/s (5.6m)
[layout_last4_s0] step 350/1525 tok 645,922,816 loss 3.6273 gn 0.01 lr 4.51e-04 118,047 tok/s (6.5m)
[layout_last4_s0] step 400/1525 tok 652,476,416 loss 3.6168 gn 0.01 lr 4.35e-04 118,069 tok/s (7.5m)
[layout_last4_s0] step 450/1525 tok 659,030,016 loss 3.5357 gn 0.01 lr 4.18e-04 118,211 tok/s (8.4m)
[layout_last4_s0] step 500/1525 tok 665,583,616 loss 3.5775 gn 0.01 lr 3.99e-04 118,233 tok/s (9.3m)
[layout_last4_s0] step 500 VAL nll 3.7627 ppl 43.07 bypos {'0-128': 3.9704319481300487, '128-512': 3.7190939562357954, '512-1024': 3.78975530962959, '1024-2048': 3.761156759876278, '2048-4096': 3.7519660650179336}
[layout_last4_s0] step 550/1525 tok 672,137,216 loss 3.5386 gn 0.01 lr 3.79e-04 116,948 tok/s (10.2m)
[layout_last4_s0] step 600/1525 tok 678,690,816 loss 3.4952 gn 0.01 lr 3.57e-04 118,047 tok/s (11.2m)
[layout_last4_s0] step 650/1525 tok 685,244,416 loss 3.4539 gn 0.01 lr 3.35e-04 118,066 tok/s (12.1m)
[layout_last4_s0] step 700/1525 tok 691,798,016 loss 3.5351 gn 0.01 lr 3.11e-04 118,095 tok/s (13.0m)
[layout_last4_s0] step 750/1525 tok 698,351,616 loss 3.4607 gn 0.01 lr 2.88e-04 118,087 tok/s (13.9m)
[layout_last4_s0] step 800/1525 tok 704,905,216 loss 3.5729 gn 0.01 lr 2.64e-04 118,107 tok/s (14.9m)
[layout_last4_s0] step 850/1525 tok 711,458,816 loss 3.4608 gn 0.01 lr 2.41e-04 118,069 tok/s (15.8m)
[layout_last4_s0] step 900/1525 tok 718,012,416 loss 3.5089 gn 0.01 lr 2.18e-04 118,078 tok/s (16.7m)
[layout_last4_s0] step 950/1525 tok 724,566,016 loss 3.5151 gn 0.01 lr 1.95e-04 118,134 tok/s (17.6m)
[layout_last4_s0] step 1000/1525 tok 731,119,616 loss 3.5730 gn 0.01 lr 1.74e-04 118,112 tok/s (18.6m)
[layout_last4_s0] step 1000 VAL nll 3.7621 ppl 43.04 bypos {'0-128': 3.969590944189484, '128-512': 3.7196595804612667, '512-1024': 3.788474709741186, '1024-2048': 3.760203688148577, '2048-4096': 3.7514226001610442}
[layout_last4_s0] step 1050/1525 tok 737,673,216 loss 3.5136 gn 0.01 lr 1.53e-04 116,863 tok/s (19.5m)
[layout_last4_s0] step 1100/1525 tok 744,226,816 loss 3.4796 gn 0.01 lr 1.34e-04 118,113 tok/s (20.4m)
[layout_last4_s0] step 1150/1525 tok 750,780,416 loss 3.4176 gn 0.01 lr 1.16e-04 118,096 tok/s (21.3m)
[layout_last4_s0] step 1200/1525 tok 757,334,016 loss 3.5195 gn 0.01 lr 1.00e-04 118,088 tok/s (22.3m)
[layout_last4_s0] step 1250/1525 tok 763,887,616 loss 3.5195 gn 0.01 lr 8.65e-05 118,027 tok/s (23.2m)
[layout_last4_s0] step 1300/1525 tok 770,441,216 loss 3.5251 gn 0.01 lr 7.47e-05 118,044 tok/s (24.1m)
[layout_last4_s0] step 1350/1525 tok 776,994,816 loss 3.5461 gn 0.01 lr 6.50e-05 118,102 tok/s (25.0m)
[layout_last4_s0] step 1400/1525 tok 783,548,416 loss 3.5750 gn 0.01 lr 5.77e-05 118,137 tok/s (26.0m)
[layout_last4_s0] step 1450/1525 tok 790,102,016 loss 3.6172 gn 0.01 lr 5.28e-05 118,150 tok/s (26.9m)
[layout_last4_s0] step 1500/1525 tok 796,655,616 loss 3.5997 gn 0.01 lr 5.03e-05 118,138 tok/s (27.8m)
[layout_last4_s0] step 1500 VAL nll 3.7618 ppl 43.03 bypos {'0-128': 3.9692449538077668, '128-512': 3.7194183373195515, '512-1024': 3.788736356629682, '1024-2048': 3.760163220307315, '2048-4096': 3.7508866400949357}
[layout_last4_s0] FINAL nll=3.6809 ppl=39.68 bypos={'0-128': 3.9593945405107953, '128-512': 3.7083594688359227, '512-1024': 3.664146809250938, '1024-2048': 3.6586042035066746, '2048-4096': 3.673687506142812} in 28.33m
