[localreader_s2] arm=localreader params={'total': 107286528, 'trainable': 786432, 'attention': 6030336, 'embedding': 77654528, 'non_embedding': 29632000} tokens/step=131,072 steps=1,525 600,047,616->800,047,616 stage2@None
[localreader_s2] step 1/1525 tok 600,178,688 loss 3.5359 gn 0.00 lr 1.67e-05 0 tok/s (0.1m)
[localreader_s2] step 50/1525 tok 606,601,216 loss 3.4581 gn 0.01 lr 5.00e-04 86,261 tok/s (1.3m)
[localreader_s2] step 100/1525 tok 613,154,816 loss 3.4324 gn 0.00 lr 4.98e-04 86,253 tok/s (2.6m)
[localreader_s2] step 150/1525 tok 619,708,416 loss 3.5575 gn 0.00 lr 4.93e-04 86,252 tok/s (3.9m)
[localreader_s2] step 200/1525 tok 626,262,016 loss 3.4860 gn 0.00 lr 4.86e-04 86,235 tok/s (5.1m)
[localreader_s2] step 250/1525 tok 632,815,616 loss 3.5791 gn 0.00 lr 4.76e-04 86,233 tok/s (6.4m)
[localreader_s2] step 300/1525 tok 639,369,216 loss 3.3745 gn 0.00 lr 4.65e-04 86,209 tok/s (7.7m)
[localreader_s2] step 350/1525 tok 645,922,816 loss 3.6193 gn 0.00 lr 4.51e-04 86,255 tok/s (8.9m)
[localreader_s2] step 400/1525 tok 652,476,416 loss 3.6122 gn 0.00 lr 4.35e-04 86,237 tok/s (10.2m)
[localreader_s2] step 450/1525 tok 659,030,016 loss 3.5280 gn 0.00 lr 4.18e-04 86,236 tok/s (11.5m)
[localreader_s2] step 500/1525 tok 665,583,616 loss 3.5713 gn 0.00 lr 3.99e-04 86,238 tok/s (12.7m)
[localreader_s2] step 500 VAL nll 3.7548 ppl 42.72 bypos {'0-128': 3.9347998540089364, '128-512': 3.707184091881169, '512-1024': 3.7835611977868853, '1024-2048': 3.7566616863505837, '2048-4096': 3.744255125101589}
[localreader_s2] step 550/1525 tok 672,137,216 loss 3.5318 gn 0.00 lr 3.79e-04 85,399 tok/s (14.0m)
[localreader_s2] step 600/1525 tok 678,690,816 loss 3.4857 gn 0.00 lr 3.57e-04 85,014 tok/s (15.3m)
[localreader_s2] step 650/1525 tok 685,244,416 loss 3.4480 gn 0.00 lr 3.35e-04 86,112 tok/s (16.6m)
[localreader_s2] step 700/1525 tok 691,798,016 loss 3.5277 gn 0.00 lr 3.11e-04 86,104 tok/s (17.8m)
[localreader_s2] step 750/1525 tok 698,351,616 loss 3.4519 gn 0.00 lr 2.88e-04 86,110 tok/s (19.1m)
[localreader_s2] step 800/1525 tok 704,905,216 loss 3.5607 gn 0.00 lr 2.64e-04 86,118 tok/s (20.4m)
[localreader_s2] step 850/1525 tok 711,458,816 loss 3.4543 gn 0.00 lr 2.41e-04 86,127 tok/s (21.6m)
[localreader_s2] step 900/1525 tok 718,012,416 loss 3.4972 gn 0.00 lr 2.18e-04 86,112 tok/s (22.9m)
[localreader_s2] step 950/1525 tok 724,566,016 loss 3.5075 gn 0.00 lr 1.95e-04 86,115 tok/s (24.2m)
[localreader_s2] step 1000/1525 tok 731,119,616 loss 3.5661 gn 0.00 lr 1.74e-04 86,096 tok/s (25.4m)
[localreader_s2] step 1000 VAL nll 3.7544 ppl 42.71 bypos {'0-128': 3.934497316658309, '128-512': 3.7061661974260214, '512-1024': 3.782943731629902, '1024-2048': 3.7563384294566733, '2048-4096': 3.7440036450388137}
[localreader_s2] step 1050/1525 tok 737,673,216 loss 3.5034 gn 0.00 lr 1.53e-04 85,290 tok/s (26.7m)
[localreader_s2] step 1100/1525 tok 744,226,816 loss 3.4760 gn 0.01 lr 1.34e-04 86,129 tok/s (28.0m)
[localreader_s2] step 1150/1525 tok 750,780,416 loss 3.4096 gn 0.00 lr 1.16e-04 86,122 tok/s (29.2m)
[localreader_s2] step 1200/1525 tok 757,334,016 loss 3.5095 gn 0.00 lr 1.00e-04 86,115 tok/s (30.5m)
[localreader_s2] step 1250/1525 tok 763,887,616 loss 3.5127 gn 0.00 lr 8.65e-05 86,125 tok/s (31.8m)
[localreader_s2] step 1300/1525 tok 770,441,216 loss 3.5125 gn 0.00 lr 7.47e-05 86,129 tok/s (33.1m)
[localreader_s2] step 1350/1525 tok 776,994,816 loss 3.5368 gn 0.00 lr 6.50e-05 86,129 tok/s (34.3m)
[localreader_s2] step 1400/1525 tok 783,548,416 loss 3.5627 gn 0.00 lr 5.77e-05 86,105 tok/s (35.6m)
[localreader_s2] step 1450/1525 tok 790,102,016 loss 3.6134 gn 0.01 lr 5.28e-05 85,759 tok/s (36.9m)
[localreader_s2] step 1500/1525 tok 796,655,616 loss 3.5924 gn 0.00 lr 5.03e-05 86,241 tok/s (38.1m)
[localreader_s2] step 1500 VAL nll 3.7542 ppl 42.70 bypos {'0-128': 3.9346647050351073, '128-512': 3.7064946139508526, '512-1024': 3.782829248674601, '1024-2048': 3.7562889327658953, '2048-4096': 3.743692324202109}
[localreader_s2] FINAL nll=3.6738 ppl=39.40 bypos={'0-128': 3.939418234765578, '128-512': 3.702155683801935, '512-1024': 3.6602335237502093, '1024-2048': 3.6516651029268337, '2048-4096': 3.66637344473316} in 38.83m
