[localreader_s1] arm=localreader params={'total': 107286528, 'trainable': 786432, 'attention': 6030336, 'embedding': 77654528, 'non_embedding': 29632000} tokens/step=131,072 steps=1,525 600,047,616->800,047,616 stage2@None
[localreader_s1] step 1/1525 tok 600,178,688 loss 3.5407 gn 0.00 lr 1.67e-05 0 tok/s (0.1m)
[localreader_s1] step 50/1525 tok 606,601,216 loss 3.4664 gn 0.00 lr 5.00e-04 85,812 tok/s (1.3m)
[localreader_s1] step 100/1525 tok 613,154,816 loss 3.4356 gn 0.00 lr 4.98e-04 85,792 tok/s (2.6m)
[localreader_s1] step 150/1525 tok 619,708,416 loss 3.5573 gn 0.00 lr 4.93e-04 85,804 tok/s (3.9m)
[localreader_s1] step 200/1525 tok 626,262,016 loss 3.4892 gn 0.00 lr 4.86e-04 85,803 tok/s (5.1m)
[localreader_s1] step 250/1525 tok 632,815,616 loss 3.5888 gn 0.00 lr 4.76e-04 85,797 tok/s (6.4m)
[localreader_s1] step 300/1525 tok 639,369,216 loss 3.3817 gn 0.01 lr 4.65e-04 85,783 tok/s (7.7m)
[localreader_s1] step 350/1525 tok 645,922,816 loss 3.6269 gn 0.00 lr 4.51e-04 85,756 tok/s (9.0m)
[localreader_s1] step 400/1525 tok 652,476,416 loss 3.6195 gn 0.00 lr 4.35e-04 85,747 tok/s (10.2m)
[localreader_s1] step 450/1525 tok 659,030,016 loss 3.5314 gn 0.00 lr 4.18e-04 85,767 tok/s (11.5m)
[localreader_s1] step 500/1525 tok 665,583,616 loss 3.5748 gn 0.00 lr 3.99e-04 85,782 tok/s (12.8m)
[localreader_s1] step 500 VAL nll 3.7608 ppl 42.98 bypos {'0-128': 3.9573999236691364, '128-512': 3.720418568650518, '512-1024': 3.7877080117718362, '1024-2048': 3.757193012896863, '2048-4096': 3.7512538980902717}
[localreader_s1] step 550/1525 tok 672,137,216 loss 3.5377 gn 0.00 lr 3.79e-04 84,925 tok/s (14.1m)
[localreader_s1] step 600/1525 tok 678,690,816 loss 3.4928 gn 0.01 lr 3.57e-04 85,774 tok/s (15.3m)
[localreader_s1] step 650/1525 tok 685,244,416 loss 3.4506 gn 0.00 lr 3.35e-04 85,803 tok/s (16.6m)
[localreader_s1] step 700/1525 tok 691,798,016 loss 3.5328 gn 0.00 lr 3.11e-04 85,799 tok/s (17.9m)
[localreader_s1] step 750/1525 tok 698,351,616 loss 3.4553 gn 0.01 lr 2.88e-04 85,794 tok/s (19.2m)
[localreader_s1] step 800/1525 tok 704,905,216 loss 3.5669 gn 0.00 lr 2.64e-04 85,787 tok/s (20.4m)
[localreader_s1] step 850/1525 tok 711,458,816 loss 3.4583 gn 0.00 lr 2.41e-04 85,796 tok/s (21.7m)
[localreader_s1] step 900/1525 tok 718,012,416 loss 3.5009 gn 0.01 lr 2.18e-04 85,795 tok/s (23.0m)
[localreader_s1] step 950/1525 tok 724,566,016 loss 3.5123 gn 0.00 lr 1.95e-04 85,785 tok/s (24.3m)
[localreader_s1] step 1000/1525 tok 731,119,616 loss 3.5723 gn 0.00 lr 1.74e-04 85,791 tok/s (25.5m)
[localreader_s1] step 1000 VAL nll 3.7604 ppl 42.96 bypos {'0-128': 3.958507620575766, '128-512': 3.7200522547049673, '512-1024': 3.787278889956011, '1024-2048': 3.7566133394358436, '2048-4096': 3.7507138439698537}
[localreader_s1] step 1050/1525 tok 737,673,216 loss 3.5087 gn 0.00 lr 1.53e-04 84,955 tok/s (26.8m)
[localreader_s1] step 1100/1525 tok 744,226,816 loss 3.4823 gn 0.00 lr 1.34e-04 85,775 tok/s (28.1m)
[localreader_s1] step 1150/1525 tok 750,780,416 loss 3.4169 gn 0.01 lr 1.16e-04 85,777 tok/s (29.4m)
[localreader_s1] step 1200/1525 tok 757,334,016 loss 3.5161 gn 0.01 lr 1.00e-04 85,428 tok/s (30.6m)
[localreader_s1] step 1250/1525 tok 763,887,616 loss 3.5156 gn 0.00 lr 8.65e-05 85,420 tok/s (31.9m)
[localreader_s1] step 1300/1525 tok 770,441,216 loss 3.5219 gn 0.00 lr 7.47e-05 85,651 tok/s (33.2m)
[localreader_s1] step 1350/1525 tok 776,994,816 loss 3.5423 gn 0.00 lr 6.50e-05 84,612 tok/s (34.5m)
[localreader_s1] step 1400/1525 tok 783,548,416 loss 3.5721 gn 0.00 lr 5.77e-05 85,804 tok/s (35.8m)
[localreader_s1] step 1450/1525 tok 790,102,016 loss 3.6148 gn 0.01 lr 5.28e-05 85,848 tok/s (37.0m)
[localreader_s1] step 1500/1525 tok 796,655,616 loss 3.5921 gn 0.00 lr 5.03e-05 85,842 tok/s (38.3m)
[localreader_s1] step 1500 VAL nll 3.7602 ppl 42.96 bypos {'0-128': 3.95827913471841, '128-512': 3.7200942938478048, '512-1024': 3.787131654049532, '1024-2048': 3.7564297492849326, '2048-4096': 3.7504643041625516}
[localreader_s1] FINAL nll=3.6761 ppl=39.49 bypos={'0-128': 3.9462255201460534, '128-512': 3.7047979193397746, '512-1024': 3.6600060158981584, '1024-2048': 3.6524007641031897, '2048-4096': 3.6697449494404015} in 39.01m
