[localreader_s0] arm=localreader params={'total': 107286528, 'trainable': 786432, 'attention': 6030336, 'embedding': 77654528, 'non_embedding': 29632000} tokens/step=131,072 steps=1,525 600,047,616->800,047,616 stage2@None
[localreader_s0] step 1/1525 tok 600,178,688 loss 3.5461 gn 0.00 lr 1.67e-05 0 tok/s (0.1m)
[localreader_s0] step 50/1525 tok 606,601,216 loss 3.4726 gn 0.00 lr 5.00e-04 86,593 tok/s (1.3m)
[localreader_s0] step 100/1525 tok 613,154,816 loss 3.4435 gn 0.00 lr 4.98e-04 86,078 tok/s (2.6m)
[localreader_s0] step 150/1525 tok 619,708,416 loss 3.5653 gn 0.00 lr 4.93e-04 86,514 tok/s (3.8m)
[localreader_s0] step 200/1525 tok 626,262,016 loss 3.4949 gn 0.00 lr 4.86e-04 86,532 tok/s (5.1m)
[localreader_s0] step 250/1525 tok 632,815,616 loss 3.5934 gn 0.00 lr 4.76e-04 86,603 tok/s (6.4m)
[localreader_s0] step 300/1525 tok 639,369,216 loss 3.3911 gn 0.00 lr 4.65e-04 86,576 tok/s (7.6m)
[localreader_s0] step 350/1525 tok 645,922,816 loss 3.6283 gn 0.00 lr 4.51e-04 86,559 tok/s (8.9m)
[localreader_s0] step 400/1525 tok 652,476,416 loss 3.6173 gn 0.00 lr 4.35e-04 86,576 tok/s (10.2m)
[localreader_s0] step 450/1525 tok 659,030,016 loss 3.5364 gn 0.00 lr 4.18e-04 86,509 tok/s (11.4m)
[localreader_s0] step 500/1525 tok 665,583,616 loss 3.5777 gn 0.00 lr 3.99e-04 86,537 tok/s (12.7m)
[localreader_s0] step 500 VAL nll 3.7645 ppl 43.14 bypos {'0-128': 3.9710892407621046, '128-512': 3.722162487642308, '512-1024': 3.791716076819784, '1024-2048': 3.762402290075637, '2048-4096': 3.7537134882449323}
[localreader_s0] step 550/1525 tok 672,137,216 loss 3.5394 gn 0.00 lr 3.79e-04 85,715 tok/s (14.0m)
[localreader_s0] step 600/1525 tok 678,690,816 loss 3.4960 gn 0.01 lr 3.57e-04 86,556 tok/s (15.2m)
[localreader_s0] step 650/1525 tok 685,244,416 loss 3.4548 gn 0.00 lr 3.35e-04 86,539 tok/s (16.5m)
[localreader_s0] step 700/1525 tok 691,798,016 loss 3.5364 gn 0.00 lr 3.11e-04 86,564 tok/s (17.7m)
[localreader_s0] step 750/1525 tok 698,351,616 loss 3.4623 gn 0.00 lr 2.88e-04 86,666 tok/s (19.0m)
[localreader_s0] step 800/1525 tok 704,905,216 loss 3.5744 gn 0.00 lr 2.64e-04 86,575 tok/s (20.3m)
[localreader_s0] step 850/1525 tok 711,458,816 loss 3.4623 gn 0.00 lr 2.41e-04 86,580 tok/s (21.5m)
[localreader_s0] step 900/1525 tok 718,012,416 loss 3.5108 gn 0.00 lr 2.18e-04 86,574 tok/s (22.8m)
[localreader_s0] step 950/1525 tok 724,566,016 loss 3.5166 gn 0.00 lr 1.95e-04 86,566 tok/s (24.0m)
[localreader_s0] step 1000/1525 tok 731,119,616 loss 3.5748 gn 0.00 lr 1.74e-04 86,528 tok/s (25.3m)
[localreader_s0] step 1000 VAL nll 3.7642 ppl 43.13 bypos {'0-128': 3.970977922687279, '128-512': 3.7214708628356328, '512-1024': 3.7910181439810846, '1024-2048': 3.762204103862059, '2048-4096': 3.7536161980088747}
[localreader_s0] step 1050/1525 tok 737,673,216 loss 3.5149 gn 0.00 lr 1.53e-04 85,693 tok/s (26.6m)
[localreader_s0] step 1100/1525 tok 744,226,816 loss 3.4809 gn 0.01 lr 1.34e-04 86,549 tok/s (27.8m)
[localreader_s0] step 1150/1525 tok 750,780,416 loss 3.4195 gn 0.00 lr 1.16e-04 86,519 tok/s (29.1m)
[localreader_s0] step 1200/1525 tok 757,334,016 loss 3.5205 gn 0.01 lr 1.00e-04 85,360 tok/s (30.4m)
[localreader_s0] step 1250/1525 tok 763,887,616 loss 3.5210 gn 0.00 lr 8.65e-05 86,253 tok/s (31.7m)
[localreader_s0] step 1300/1525 tok 770,441,216 loss 3.5273 gn 0.00 lr 7.47e-05 85,933 tok/s (32.9m)
[localreader_s0] step 1350/1525 tok 776,994,816 loss 3.5475 gn 0.00 lr 6.50e-05 86,471 tok/s (34.2m)
[localreader_s0] step 1400/1525 tok 783,548,416 loss 3.5768 gn 0.00 lr 5.77e-05 86,550 tok/s (35.5m)
[localreader_s0] step 1450/1525 tok 790,102,016 loss 3.6193 gn 0.01 lr 5.28e-05 86,500 tok/s (36.7m)
[localreader_s0] step 1500/1525 tok 796,655,616 loss 3.6006 gn 0.00 lr 5.03e-05 86,556 tok/s (38.0m)
[localreader_s0] step 1500 VAL nll 3.7641 ppl 43.13 bypos {'0-128': 3.9711207188101234, '128-512': 3.721575875509602, '512-1024': 3.7910490880504546, '1024-2048': 3.7619420035854105, '2048-4096': 3.753483771682172}
[localreader_s0] FINAL nll=3.6828 ppl=39.76 bypos={'0-128': 3.9613871382483716, '128-512': 3.7106367827879416, '512-1024': 3.666287699004612, '1024-2048': 3.6603628020455403, '2048-4096': 3.6756011012742014} in 38.67m
