Loading weights:   0%|          | 0/398 [00:00<?, ?it/s]Loading weights: 100%|██████████| 398/398 [00:00<00:00, 10502.78it/s]
[lowrank_4b] arm=lowrank params={'total': 4036605440, 'trainable': 14137344, 'attention': 957864960, 'embedding': 388956160, 'non_embedding': 3647649280} tokens/step=32,768 steps=1,525 0->50,000,000 stage2@None
[lowrank_4b] step 1/1525 tok 32,768 loss 2.7617 gn 0.24 lr 1.67e-05 0 tok/s (0.1m)
[lowrank_4b] step 100/1525 tok 3,276,800 loss 2.6297 gn 0.05 lr 4.98e-04 8,610 tok/s (6.4m)
[lowrank_4b] step 200/1525 tok 6,553,600 loss 2.5369 gn 0.05 lr 4.86e-04 8,626 tok/s (12.7m)
[lowrank_4b] step 300/1525 tok 9,830,400 loss 2.4151 gn 0.06 lr 4.65e-04 8,625 tok/s (19.1m)
[lowrank_4b] step 400/1525 tok 13,107,200 loss 2.3274 gn 0.06 lr 4.35e-04 8,623 tok/s (25.4m)
[lowrank_4b] step 500/1525 tok 16,384,000 loss 2.6476 gn 0.05 lr 3.99e-04 8,625 tok/s (31.7m)
[lowrank_4b] step 500 VAL nll 2.8008 ppl 16.46 bypos {'0-128': 3.27547931603137, '128-512': 2.8057185446386548, '512-1024': 2.8553361090149068, '1024-2048': 2.798371682685887, '2048-4096': 2.7578084220166406}
[lowrank_4b] step 600/1525 tok 19,660,800 loss 2.4781 gn 0.06 lr 3.57e-04 8,517 tok/s (38.1m)
[lowrank_4b] step 700/1525 tok 22,937,600 loss 2.4024 gn 0.05 lr 3.11e-04 8,605 tok/s (44.5m)
[lowrank_4b] step 800/1525 tok 26,214,400 loss 2.5787 gn 0.05 lr 2.64e-04 8,615 tok/s (50.8m)
[lowrank_4b] step 900/1525 tok 29,491,200 loss 2.5221 gn 0.05 lr 2.18e-04 8,615 tok/s (57.2m)
[lowrank_4b] step 1000/1525 tok 32,768,000 loss 2.7843 gn 0.06 lr 1.74e-04 8,609 tok/s (63.5m)
[lowrank_4b] step 1000 VAL nll 2.7935 ppl 16.34 bypos {'0-128': 3.2649981288956162, '128-512': 2.7985271089135764, '512-1024': 2.8471321508457565, '1024-2048': 2.790257274013893, '2048-4096': 2.7511862636911566}
[lowrank_4b] step 1100/1525 tok 36,044,800 loss 2.6058 gn 0.06 lr 1.34e-04 8,509 tok/s (69.9m)
[lowrank_4b] step 1200/1525 tok 39,321,600 loss 2.5708 gn 0.05 lr 1.00e-04 8,607 tok/s (76.3m)
[lowrank_4b] step 1300/1525 tok 42,598,400 loss 2.2418 gn 0.06 lr 7.47e-05 8,613 tok/s (82.6m)
[lowrank_4b] step 1400/1525 tok 45,875,200 loss 2.5010 gn 0.05 lr 5.77e-05 8,613 tok/s (89.0m)
[lowrank_4b] step 1500/1525 tok 49,152,000 loss 2.5738 gn 0.05 lr 5.03e-05 8,613 tok/s (95.3m)
[lowrank_4b] step 1500 VAL nll 2.7913 ppl 16.30 bypos {'0-128': 3.262831066161242, '128-512': 2.795885259512757, '512-1024': 2.84467907778442, '1024-2048': 2.7886781077189124, '2048-4096': 2.7488791754199227}
[lowrank_4b] FINAL nll=2.8196 ppl=16.77 bypos={'0-128': 3.2660324820581517, '128-512': 2.815694794601446, '512-1024': 2.8291470901380324, '1024-2048': 2.8102929502463088, '2048-4096': 2.794605407832614} in 97.11m
