[lowrank_r192_s0] arm=lowrank params={'total': 108072960, 'trainable': 1572864, 'attention': 6816768, 'embedding': 77654528, 'non_embedding': 30418432} tokens/step=131,072 steps=1,525 600,047,616->800,047,616 stage2@None
[lowrank_r192_s0] step 1/1525 tok 600,178,688 loss 3.5461 gn 0.02 lr 1.67e-05 0 tok/s (0.1m)
[lowrank_r192_s0] step 50/1525 tok 606,601,216 loss 3.4714 gn 0.02 lr 5.00e-04 97,205 tok/s (1.2m)
[lowrank_r192_s0] step 100/1525 tok 613,154,816 loss 3.4408 gn 0.02 lr 4.98e-04 67,730 tok/s (2.8m)
[lowrank_r192_s0] step 150/1525 tok 619,708,416 loss 3.5633 gn 0.02 lr 4.93e-04 45,300 tok/s (5.2m)
[lowrank_r192_s0] step 200/1525 tok 626,262,016 loss 3.4922 gn 0.02 lr 4.86e-04 45,706 tok/s (7.6m)
[lowrank_r192_s0] step 250/1525 tok 632,815,616 loss 3.5903 gn 0.02 lr 4.76e-04 45,684 tok/s (10.0m)
[lowrank_r192_s0] step 300/1525 tok 639,369,216 loss 3.3871 gn 0.02 lr 4.65e-04 55,069 tok/s (12.0m)
[lowrank_r192_s0] step 350/1525 tok 645,922,816 loss 3.6250 gn 0.02 lr 4.51e-04 97,159 tok/s (13.1m)
[lowrank_r192_s0] step 400/1525 tok 652,476,416 loss 3.6147 gn 0.02 lr 4.35e-04 96,813 tok/s (14.2m)
[lowrank_r192_s0] step 450/1525 tok 659,030,016 loss 3.5334 gn 0.02 lr 4.18e-04 60,661 tok/s (16.0m)
[lowrank_r192_s0] step 500/1525 tok 665,583,616 loss 3.5750 gn 0.02 lr 3.99e-04 44,554 tok/s (18.5m)
[lowrank_r192_s0] step 500 VAL nll 3.7606 ppl 42.98 bypos {'0-128': 3.967396421194323, '128-512': 3.7176819245822372, '512-1024': 3.7876420444102767, '1024-2048': 3.7586282125672508, '2048-4096': 3.749989004284337}
[lowrank_r192_s0] step 550/1525 tok 672,137,216 loss 3.5357 gn 0.02 lr 3.79e-04 44,134 tok/s (21.0m)
[lowrank_r192_s0] step 600/1525 tok 678,690,816 loss 3.4915 gn 0.02 lr 3.57e-04 45,751 tok/s (23.3m)
[lowrank_r192_s0] step 650/1525 tok 685,244,416 loss 3.4507 gn 0.02 lr 3.35e-04 45,659 tok/s (25.7m)
[lowrank_r192_s0] step 700/1525 tok 691,798,016 loss 3.5315 gn 0.02 lr 3.11e-04 45,669 tok/s (28.1m)
[lowrank_r192_s0] step 750/1525 tok 698,351,616 loss 3.4574 gn 0.02 lr 2.88e-04 45,651 tok/s (30.5m)
[lowrank_r192_s0] step 800/1525 tok 704,905,216 loss 3.5698 gn 0.02 lr 2.64e-04 45,686 tok/s (32.9m)
[lowrank_r192_s0] step 850/1525 tok 711,458,816 loss 3.4575 gn 0.02 lr 2.41e-04 45,792 tok/s (35.3m)
[lowrank_r192_s0] step 900/1525 tok 718,012,416 loss 3.5062 gn 0.02 lr 2.18e-04 45,665 tok/s (37.7m)
[lowrank_r192_s0] step 950/1525 tok 724,566,016 loss 3.5113 gn 0.02 lr 1.95e-04 45,666 tok/s (40.1m)
[lowrank_r192_s0] step 1000/1525 tok 731,119,616 loss 3.5694 gn 0.02 lr 1.74e-04 45,668 tok/s (42.5m)
[lowrank_r192_s0] step 1000 VAL nll 3.7590 ppl 42.91 bypos {'0-128': 3.9673034705488774, '128-512': 3.715992367777408, '512-1024': 3.7863083208191557, '1024-2048': 3.7565788592453897, '2048-4096': 3.748401721719778}
[lowrank_r192_s0] step 1050/1525 tok 737,673,216 loss 3.5104 gn 0.02 lr 1.53e-04 45,320 tok/s (44.9m)
[lowrank_r192_s0] step 1100/1525 tok 744,226,816 loss 3.4761 gn 0.02 lr 1.34e-04 45,677 tok/s (47.3m)
[lowrank_r192_s0] step 1150/1525 tok 750,780,416 loss 3.4146 gn 0.02 lr 1.16e-04 45,665 tok/s (49.7m)
[lowrank_r192_s0] step 1200/1525 tok 757,334,016 loss 3.5155 gn 0.02 lr 1.00e-04 58,035 tok/s (51.5m)
[lowrank_r192_s0] step 1250/1525 tok 763,887,616 loss 3.5156 gn 0.02 lr 8.65e-05 96,809 tok/s (52.7m)
[lowrank_r192_s0] step 1300/1525 tok 770,441,216 loss 3.5212 gn 0.02 lr 7.47e-05 97,545 tok/s (53.8m)
[lowrank_r192_s0] step 1350/1525 tok 776,994,816 loss 3.5420 gn 0.02 lr 6.50e-05 97,571 tok/s (54.9m)
[lowrank_r192_s0] step 1400/1525 tok 783,548,416 loss 3.5714 gn 0.02 lr 5.77e-05 97,580 tok/s (56.0m)
[lowrank_r192_s0] step 1450/1525 tok 790,102,016 loss 3.6137 gn 0.02 lr 5.28e-05 97,568 tok/s (57.2m)
[lowrank_r192_s0] step 1500/1525 tok 796,655,616 loss 3.5953 gn 0.02 lr 5.03e-05 97,549 tok/s (58.3m)
[lowrank_r192_s0] step 1500 VAL nll 3.7585 ppl 42.89 bypos {'0-128': 3.966919833677, '128-512': 3.7156629731345756, '512-1024': 3.785873496159035, '1024-2048': 3.7566508160721863, '2048-4096': 3.747649726588375}
[lowrank_r192_s0] FINAL nll=3.6776 ppl=39.55 bypos={'0-128': 3.9557030889535234, '128-512': 3.705460996996662, '512-1024': 3.6613961041744973, '1024-2048': 3.654926214889949, '2048-4096': 3.67028846478257} in 58.88m
