[lowrank_s2] arm=lowrank params={'total': 107286528, 'trainable': 786432, 'attention': 6030336, 'embedding': 77654528, 'non_embedding': 29632000} tokens/step=131,072 steps=1,525 600,047,616->800,047,616 stage2@None
[lowrank_s2] step 1/1525 tok 600,178,688 loss 3.5359 gn 0.01 lr 1.67e-05 0 tok/s (0.1m)
[lowrank_s2] step 50/1525 tok 606,601,216 loss 3.4568 gn 0.02 lr 5.00e-04 96,081 tok/s (1.2m)
[lowrank_s2] step 100/1525 tok 613,154,816 loss 3.4304 gn 0.01 lr 4.98e-04 97,350 tok/s (2.3m)
[lowrank_s2] step 150/1525 tok 619,708,416 loss 3.5559 gn 0.01 lr 4.93e-04 97,393 tok/s (3.4m)
[lowrank_s2] step 200/1525 tok 626,262,016 loss 3.4837 gn 0.01 lr 4.86e-04 97,505 tok/s (4.6m)
[lowrank_s2] step 250/1525 tok 632,815,616 loss 3.5766 gn 0.01 lr 4.76e-04 97,481 tok/s (5.7m)
[lowrank_s2] step 300/1525 tok 639,369,216 loss 3.3719 gn 0.02 lr 4.65e-04 97,451 tok/s (6.8m)
[lowrank_s2] step 350/1525 tok 645,922,816 loss 3.6162 gn 0.01 lr 4.51e-04 97,407 tok/s (7.9m)
[lowrank_s2] step 400/1525 tok 652,476,416 loss 3.6091 gn 0.01 lr 4.35e-04 97,442 tok/s (9.0m)
[lowrank_s2] step 450/1525 tok 659,030,016 loss 3.5254 gn 0.02 lr 4.18e-04 97,435 tok/s (10.2m)
[lowrank_s2] step 500/1525 tok 665,583,616 loss 3.5691 gn 0.02 lr 3.99e-04 97,423 tok/s (11.3m)
[lowrank_s2] step 500 VAL nll 3.7519 ppl 42.60 bypos {'0-128': 3.932410345258571, '128-512': 3.7051408510830073, '512-1024': 3.7802570773550226, '1024-2048': 3.75405880064597, '2048-4096': 3.741303236935766}
[lowrank_s2] step 550/1525 tok 672,137,216 loss 3.5287 gn 0.02 lr 3.79e-04 96,522 tok/s (12.4m)
[lowrank_s2] step 600/1525 tok 678,690,816 loss 3.4826 gn 0.02 lr 3.57e-04 97,429 tok/s (13.5m)
[lowrank_s2] step 650/1525 tok 685,244,416 loss 3.4448 gn 0.02 lr 3.35e-04 97,355 tok/s (14.7m)
[lowrank_s2] step 700/1525 tok 691,798,016 loss 3.5245 gn 0.02 lr 3.11e-04 97,398 tok/s (15.8m)
[lowrank_s2] step 750/1525 tok 698,351,616 loss 3.4481 gn 0.02 lr 2.88e-04 97,328 tok/s (16.9m)
[lowrank_s2] step 800/1525 tok 704,905,216 loss 3.5573 gn 0.02 lr 2.64e-04 97,386 tok/s (18.0m)
[lowrank_s2] step 850/1525 tok 711,458,816 loss 3.4504 gn 0.02 lr 2.41e-04 97,390 tok/s (19.1m)
[lowrank_s2] step 900/1525 tok 718,012,416 loss 3.4933 gn 0.02 lr 2.18e-04 95,231 tok/s (20.3m)
[lowrank_s2] step 950/1525 tok 724,566,016 loss 3.5038 gn 0.02 lr 1.95e-04 96,801 tok/s (21.4m)
[lowrank_s2] step 1000/1525 tok 731,119,616 loss 3.5621 gn 0.02 lr 1.74e-04 97,312 tok/s (22.5m)
[lowrank_s2] step 1000 VAL nll 3.7504 ppl 42.54 bypos {'0-128': 3.9301576030521126, '128-512': 3.702755433976146, '512-1024': 3.77814869932482, '1024-2048': 3.75283921214041, '2048-4096': 3.7400174871424943}
[lowrank_s2] step 1050/1525 tok 737,673,216 loss 3.5003 gn 0.02 lr 1.53e-04 96,537 tok/s (23.7m)
[lowrank_s2] step 1100/1525 tok 744,226,816 loss 3.4726 gn 0.02 lr 1.34e-04 97,471 tok/s (24.8m)
[lowrank_s2] step 1150/1525 tok 750,780,416 loss 3.4059 gn 0.02 lr 1.16e-04 97,468 tok/s (25.9m)
[lowrank_s2] step 1200/1525 tok 757,334,016 loss 3.5051 gn 0.02 lr 1.00e-04 97,449 tok/s (27.0m)
[lowrank_s2] step 1250/1525 tok 763,887,616 loss 3.5081 gn 0.02 lr 8.65e-05 97,287 tok/s (28.2m)
[lowrank_s2] step 1300/1525 tok 770,441,216 loss 3.5080 gn 0.02 lr 7.47e-05 97,389 tok/s (29.3m)
[lowrank_s2] step 1350/1525 tok 776,994,816 loss 3.5326 gn 0.02 lr 6.50e-05 97,576 tok/s (30.4m)
[lowrank_s2] step 1400/1525 tok 783,548,416 loss 3.5587 gn 0.02 lr 5.77e-05 97,410 tok/s (31.5m)
[lowrank_s2] step 1450/1525 tok 790,102,016 loss 3.6091 gn 0.02 lr 5.28e-05 97,466 tok/s (32.6m)
[lowrank_s2] step 1500/1525 tok 796,655,616 loss 3.5883 gn 0.02 lr 5.03e-05 97,386 tok/s (33.8m)
[lowrank_s2] step 1500 VAL nll 3.7502 ppl 42.53 bypos {'0-128': 3.9297795356885565, '128-512': 3.7024758708087133, '512-1024': 3.7782727654367383, '1024-2048': 3.7526659648345237, '2048-4096': 3.739643843036972}
[lowrank_s2] FINAL nll=3.6700 ppl=39.25 bypos={'0-128': 3.9367700332645272, '128-512': 3.699141559368105, '512-1024': 3.656527917425663, '1024-2048': 3.647962048760869, '2048-4096': 3.6622763652648844} in 34.38m
