[lowrank_s1] arm=lowrank params={'total': 107286528, 'trainable': 786432, 'attention': 6030336, 'embedding': 77654528, 'non_embedding': 29632000} tokens/step=131,072 steps=1,525 600,047,616->800,047,616 stage2@None
[lowrank_s1] step 1/1525 tok 600,178,688 loss 3.5407 gn 0.01 lr 1.67e-05 0 tok/s (0.1m)
[lowrank_s1] step 50/1525 tok 606,601,216 loss 3.4653 gn 0.02 lr 5.00e-04 97,081 tok/s (1.2m)
[lowrank_s1] step 100/1525 tok 613,154,816 loss 3.4335 gn 0.01 lr 4.98e-04 97,130 tok/s (2.3m)
[lowrank_s1] step 150/1525 tok 619,708,416 loss 3.5552 gn 0.01 lr 4.93e-04 97,058 tok/s (3.4m)
[lowrank_s1] step 200/1525 tok 626,262,016 loss 3.4871 gn 0.01 lr 4.86e-04 97,192 tok/s (4.6m)
[lowrank_s1] step 250/1525 tok 632,815,616 loss 3.5860 gn 0.02 lr 4.76e-04 97,221 tok/s (5.7m)
[lowrank_s1] step 300/1525 tok 639,369,216 loss 3.3793 gn 0.02 lr 4.65e-04 97,199 tok/s (6.8m)
[lowrank_s1] step 350/1525 tok 645,922,816 loss 3.6239 gn 0.02 lr 4.51e-04 97,206 tok/s (7.9m)
[lowrank_s1] step 400/1525 tok 652,476,416 loss 3.6166 gn 0.02 lr 4.35e-04 97,237 tok/s (9.0m)
[lowrank_s1] step 450/1525 tok 659,030,016 loss 3.5286 gn 0.02 lr 4.18e-04 97,239 tok/s (10.2m)
[lowrank_s1] step 500/1525 tok 665,583,616 loss 3.5716 gn 0.02 lr 3.99e-04 97,227 tok/s (11.3m)
[lowrank_s1] step 500 VAL nll 3.7575 ppl 42.84 bypos {'0-128': 3.9554952096993645, '128-512': 3.7173371331427547, '512-1024': 3.783954417772229, '1024-2048': 3.7541288875486307, '2048-4096': 3.7477094040874492}
[lowrank_s1] step 550/1525 tok 672,137,216 loss 3.5343 gn 0.02 lr 3.79e-04 96,372 tok/s (12.4m)
[lowrank_s1] step 600/1525 tok 678,690,816 loss 3.4888 gn 0.02 lr 3.57e-04 97,273 tok/s (13.6m)
[lowrank_s1] step 650/1525 tok 685,244,416 loss 3.4472 gn 0.02 lr 3.35e-04 97,405 tok/s (14.7m)
[lowrank_s1] step 700/1525 tok 691,798,016 loss 3.5291 gn 0.02 lr 3.11e-04 97,483 tok/s (15.8m)
[lowrank_s1] step 750/1525 tok 698,351,616 loss 3.4516 gn 0.02 lr 2.88e-04 97,492 tok/s (16.9m)
[lowrank_s1] step 800/1525 tok 704,905,216 loss 3.5634 gn 0.02 lr 2.64e-04 97,497 tok/s (18.0m)
[lowrank_s1] step 850/1525 tok 711,458,816 loss 3.4546 gn 0.02 lr 2.41e-04 97,492 tok/s (19.2m)
[lowrank_s1] step 900/1525 tok 718,012,416 loss 3.4971 gn 0.02 lr 2.18e-04 97,494 tok/s (20.3m)
[lowrank_s1] step 950/1525 tok 724,566,016 loss 3.5085 gn 0.02 lr 1.95e-04 97,493 tok/s (21.4m)
[lowrank_s1] step 1000/1525 tok 731,119,616 loss 3.5673 gn 0.02 lr 1.74e-04 97,501 tok/s (22.5m)
[lowrank_s1] step 1000 VAL nll 3.7565 ppl 42.80 bypos {'0-128': 3.9557582934714475, '128-512': 3.717065172057943, '512-1024': 3.78327264253503, '1024-2048': 3.7530488073790083, '2048-4096': 3.7465559567907296}
[lowrank_s1] step 1050/1525 tok 737,673,216 loss 3.5053 gn 0.02 lr 1.53e-04 96,603 tok/s (23.6m)
[lowrank_s1] step 1100/1525 tok 744,226,816 loss 3.4785 gn 0.02 lr 1.34e-04 97,501 tok/s (24.8m)
[lowrank_s1] step 1150/1525 tok 750,780,416 loss 3.4137 gn 0.02 lr 1.16e-04 97,500 tok/s (25.9m)
[lowrank_s1] step 1200/1525 tok 757,334,016 loss 3.5120 gn 0.02 lr 1.00e-04 97,496 tok/s (27.0m)
[lowrank_s1] step 1250/1525 tok 763,887,616 loss 3.5117 gn 0.02 lr 8.65e-05 97,500 tok/s (28.1m)
[lowrank_s1] step 1300/1525 tok 770,441,216 loss 3.5168 gn 0.02 lr 7.47e-05 97,494 tok/s (29.2m)
[lowrank_s1] step 1350/1525 tok 776,994,816 loss 3.5372 gn 0.02 lr 6.50e-05 97,496 tok/s (30.4m)
[lowrank_s1] step 1400/1525 tok 783,548,416 loss 3.5676 gn 0.02 lr 5.77e-05 97,399 tok/s (31.5m)
[lowrank_s1] step 1450/1525 tok 790,102,016 loss 3.6102 gn 0.02 lr 5.28e-05 97,326 tok/s (32.6m)
[lowrank_s1] step 1500/1525 tok 796,655,616 loss 3.5882 gn 0.02 lr 5.03e-05 97,291 tok/s (33.7m)
[lowrank_s1] step 1500 VAL nll 3.7560 ppl 42.78 bypos {'0-128': 3.954861811194583, '128-512': 3.7166545874039, '512-1024': 3.782776498136516, '1024-2048': 3.7525234638799776, '2048-4096': 3.74593994924829}
[lowrank_s1] FINAL nll=3.6721 ppl=39.34 bypos={'0-128': 3.9443491601961282, '128-512': 3.701391935353108, '512-1024': 3.6566478681898396, '1024-2048': 3.6482470367164286, '2048-4096': 3.6654269819140692} in 34.35m
