[lowrank_s0] arm=lowrank params={'total': 107286528, 'trainable': 786432, 'attention': 6030336, 'embedding': 77654528, 'non_embedding': 29632000} tokens/step=131,072 steps=1,525 600,047,616->800,047,616 stage2@None
[lowrank_s0] step 1/1525 tok 600,178,688 loss 3.5461 gn 0.01 lr 1.67e-05 0 tok/s (0.1m)
[lowrank_s0] step 50/1525 tok 606,601,216 loss 3.4716 gn 0.02 lr 5.00e-04 97,343 tok/s (1.2m)
[lowrank_s0] step 100/1525 tok 613,154,816 loss 3.4413 gn 0.01 lr 4.98e-04 97,359 tok/s (2.3m)
[lowrank_s0] step 150/1525 tok 619,708,416 loss 3.5636 gn 0.01 lr 4.93e-04 97,372 tok/s (3.4m)
[lowrank_s0] step 200/1525 tok 626,262,016 loss 3.4926 gn 0.01 lr 4.86e-04 97,466 tok/s (4.5m)
[lowrank_s0] step 250/1525 tok 632,815,616 loss 3.5909 gn 0.02 lr 4.76e-04 97,417 tok/s (5.7m)
[lowrank_s0] step 300/1525 tok 639,369,216 loss 3.3878 gn 0.02 lr 4.65e-04 97,471 tok/s (6.8m)
[lowrank_s0] step 350/1525 tok 645,922,816 loss 3.6252 gn 0.02 lr 4.51e-04 97,663 tok/s (7.9m)
[lowrank_s0] step 400/1525 tok 652,476,416 loss 3.6149 gn 0.02 lr 4.35e-04 97,667 tok/s (9.0m)
[lowrank_s0] step 450/1525 tok 659,030,016 loss 3.5339 gn 0.02 lr 4.18e-04 97,654 tok/s (10.1m)
[lowrank_s0] step 500/1525 tok 665,583,616 loss 3.5755 gn 0.02 lr 3.99e-04 97,615 tok/s (11.3m)
[lowrank_s0] step 500 VAL nll 3.7610 ppl 42.99 bypos {'0-128': 3.968815390634841, '128-512': 3.7176731582983247, '512-1024': 3.788626004249441, '1024-2048': 3.759133591557635, '2048-4096': 3.7502068252641307}
[lowrank_s0] step 550/1525 tok 672,137,216 loss 3.5363 gn 0.02 lr 3.79e-04 96,688 tok/s (12.4m)
[lowrank_s0] step 600/1525 tok 678,690,816 loss 3.4922 gn 0.02 lr 3.57e-04 97,686 tok/s (13.5m)
[lowrank_s0] step 650/1525 tok 685,244,416 loss 3.4514 gn 0.02 lr 3.35e-04 97,668 tok/s (14.6m)
[lowrank_s0] step 700/1525 tok 691,798,016 loss 3.5324 gn 0.02 lr 3.11e-04 97,661 tok/s (15.7m)
[lowrank_s0] step 750/1525 tok 698,351,616 loss 3.4582 gn 0.02 lr 2.88e-04 97,619 tok/s (16.9m)
[lowrank_s0] step 800/1525 tok 704,905,216 loss 3.5704 gn 0.02 lr 2.64e-04 97,645 tok/s (18.0m)
[lowrank_s0] step 850/1525 tok 711,458,816 loss 3.4584 gn 0.02 lr 2.41e-04 97,673 tok/s (19.1m)
[lowrank_s0] step 900/1525 tok 718,012,416 loss 3.5069 gn 0.02 lr 2.18e-04 97,669 tok/s (20.2m)
[lowrank_s0] step 950/1525 tok 724,566,016 loss 3.5124 gn 0.02 lr 1.95e-04 97,682 tok/s (21.3m)
[lowrank_s0] step 1000/1525 tok 731,119,616 loss 3.5705 gn 0.02 lr 1.74e-04 97,671 tok/s (22.5m)
[lowrank_s0] step 1000 VAL nll 3.7596 ppl 42.93 bypos {'0-128': 3.9689354005678403, '128-512': 3.7156957647322533, '512-1024': 3.786937424721489, '1024-2048': 3.7574467858441616, '2048-4096': 3.7490713603929366}
[lowrank_s0] step 1050/1525 tok 737,673,216 loss 3.5113 gn 0.02 lr 1.53e-04 96,784 tok/s (23.6m)
[lowrank_s0] step 1100/1525 tok 744,226,816 loss 3.4770 gn 0.02 lr 1.34e-04 97,536 tok/s (24.7m)
[lowrank_s0] step 1150/1525 tok 750,780,416 loss 3.4155 gn 0.02 lr 1.16e-04 96,929 tok/s (25.8m)
[lowrank_s0] step 1200/1525 tok 757,334,016 loss 3.5166 gn 0.02 lr 1.00e-04 97,544 tok/s (27.0m)
[lowrank_s0] step 1250/1525 tok 763,887,616 loss 3.5167 gn 0.02 lr 8.65e-05 97,565 tok/s (28.1m)
[lowrank_s0] step 1300/1525 tok 770,441,216 loss 3.5226 gn 0.02 lr 7.47e-05 97,644 tok/s (29.2m)
[lowrank_s0] step 1350/1525 tok 776,994,816 loss 3.5431 gn 0.02 lr 6.50e-05 97,646 tok/s (30.3m)
[lowrank_s0] step 1400/1525 tok 783,548,416 loss 3.5724 gn 0.02 lr 5.77e-05 97,638 tok/s (31.4m)
[lowrank_s0] step 1450/1525 tok 790,102,016 loss 3.6149 gn 0.02 lr 5.28e-05 95,117 tok/s (32.6m)
[lowrank_s0] step 1500/1525 tok 796,655,616 loss 3.5966 gn 0.02 lr 5.03e-05 97,607 tok/s (33.7m)
[lowrank_s0] step 1500 VAL nll 3.7593 ppl 42.92 bypos {'0-128': 3.9684241024158666, '128-512': 3.715915136694502, '512-1024': 3.78685920902731, '1024-2048': 3.757488481950139, '2048-4096': 3.7484626712276694}
[lowrank_s0] FINAL nll=3.6785 ppl=39.59 bypos={'0-128': 3.957472216456742, '128-512': 3.7063018413383326, '512-1024': 3.6622371516008467, '1024-2048': 3.6560472535752684, '2048-4096': 3.671222087669459} in 34.31m
