[postnorm_s2] arm=lowrank params={'total': 107286528, 'trainable': 786432, 'attention': 6030336, 'embedding': 77654528, 'non_embedding': 29632000} tokens/step=131,072 steps=1,525 600,047,616->800,047,616 stage2@None
[postnorm_s2] step 1/1525 tok 600,178,688 loss 3.5359 gn 0.01 lr 1.67e-05 0 tok/s (0.1m)
[postnorm_s2] step 50/1525 tok 606,601,216 loss 3.4570 gn 0.01 lr 5.00e-04 99,328 tok/s (1.2m)
[postnorm_s2] step 100/1525 tok 613,154,816 loss 3.4304 gn 0.01 lr 4.98e-04 69,941 tok/s (2.7m)
[postnorm_s2] step 150/1525 tok 619,708,416 loss 3.5560 gn 0.01 lr 4.93e-04 46,036 tok/s (5.1m)
[postnorm_s2] step 200/1525 tok 626,262,016 loss 3.4838 gn 0.01 lr 4.86e-04 46,147 tok/s (7.5m)
[postnorm_s2] step 250/1525 tok 632,815,616 loss 3.5766 gn 0.01 lr 4.76e-04 46,137 tok/s (9.8m)
[postnorm_s2] step 300/1525 tok 639,369,216 loss 3.3717 gn 0.01 lr 4.65e-04 53,230 tok/s (11.9m)
[postnorm_s2] step 350/1525 tok 645,922,816 loss 3.6165 gn 0.01 lr 4.51e-04 100,966 tok/s (13.0m)
[postnorm_s2] step 400/1525 tok 652,476,416 loss 3.6093 gn 0.01 lr 4.35e-04 98,397 tok/s (14.1m)
[postnorm_s2] step 450/1525 tok 659,030,016 loss 3.5254 gn 0.01 lr 4.18e-04 71,343 tok/s (15.6m)
[postnorm_s2] step 500/1525 tok 665,583,616 loss 3.5688 gn 0.02 lr 3.99e-04 45,947 tok/s (18.0m)
[postnorm_s2] step 500 VAL nll 3.7521 ppl 42.61 bypos {'0-128': 3.931980313147349, '128-512': 3.704429946662057, '512-1024': 3.779996655127004, '1024-2048': 3.7544105083667216, '2048-4096': 3.741585861153335}
[postnorm_s2] step 550/1525 tok 672,137,216 loss 3.5291 gn 0.01 lr 3.79e-04 45,482 tok/s (20.4m)
[postnorm_s2] step 600/1525 tok 678,690,816 loss 3.4826 gn 0.02 lr 3.57e-04 46,207 tok/s (22.7m)
[postnorm_s2] step 650/1525 tok 685,244,416 loss 3.4448 gn 0.01 lr 3.35e-04 46,186 tok/s (25.1m)
[postnorm_s2] step 700/1525 tok 691,798,016 loss 3.5246 gn 0.02 lr 3.11e-04 46,153 tok/s (27.5m)
[postnorm_s2] step 750/1525 tok 698,351,616 loss 3.4482 gn 0.02 lr 2.88e-04 46,146 tok/s (29.8m)
[postnorm_s2] step 800/1525 tok 704,905,216 loss 3.5573 gn 0.02 lr 2.64e-04 46,170 tok/s (32.2m)
[postnorm_s2] step 850/1525 tok 711,458,816 loss 3.4506 gn 0.01 lr 2.41e-04 46,287 tok/s (34.6m)
[postnorm_s2] step 900/1525 tok 718,012,416 loss 3.4934 gn 0.02 lr 2.18e-04 46,154 tok/s (36.9m)
[postnorm_s2] step 950/1525 tok 724,566,016 loss 3.5036 gn 0.01 lr 1.95e-04 46,173 tok/s (39.3m)
[postnorm_s2] step 1000/1525 tok 731,119,616 loss 3.5623 gn 0.02 lr 1.74e-04 46,151 tok/s (41.7m)
[postnorm_s2] step 1000 VAL nll 3.7506 ppl 42.55 bypos {'0-128': 3.9303081846594523, '128-512': 3.702139962789106, '512-1024': 3.7781966312306907, '1024-2048': 3.7529749289059264, '2048-4096': 3.7403681849365067}
[postnorm_s2] step 1050/1525 tok 737,673,216 loss 3.5002 gn 0.01 lr 1.53e-04 45,829 tok/s (44.1m)
[postnorm_s2] step 1100/1525 tok 744,226,816 loss 3.4726 gn 0.02 lr 1.34e-04 46,145 tok/s (46.4m)
[postnorm_s2] step 1150/1525 tok 750,780,416 loss 3.4062 gn 0.02 lr 1.16e-04 46,153 tok/s (48.8m)
[postnorm_s2] step 1200/1525 tok 757,334,016 loss 3.5051 gn 0.02 lr 1.00e-04 47,234 tok/s (51.1m)
[postnorm_s2] step 1250/1525 tok 763,887,616 loss 3.5082 gn 0.02 lr 8.65e-05 100,139 tok/s (52.2m)
[postnorm_s2] step 1300/1525 tok 770,441,216 loss 3.5080 gn 0.01 lr 7.47e-05 100,895 tok/s (53.3m)
[postnorm_s2] step 1350/1525 tok 776,994,816 loss 3.5330 gn 0.01 lr 6.50e-05 100,870 tok/s (54.4m)
[postnorm_s2] step 1400/1525 tok 783,548,416 loss 3.5589 gn 0.02 lr 5.77e-05 100,865 tok/s (55.4m)
[postnorm_s2] step 1450/1525 tok 790,102,016 loss 3.6092 gn 0.02 lr 5.28e-05 100,861 tok/s (56.5m)
[postnorm_s2] step 1500/1525 tok 796,655,616 loss 3.5883 gn 0.02 lr 5.03e-05 100,860 tok/s (57.6m)
[postnorm_s2] step 1500 VAL nll 3.7505 ppl 42.54 bypos {'0-128': 3.9298847780339194, '128-512': 3.702180496988861, '512-1024': 3.778753438694793, '1024-2048': 3.7528795138409743, '2048-4096': 3.7400292892529614}
[postnorm_s2] FINAL nll=3.6703 ppl=39.26 bypos={'0-128': 3.9371072300756476, '128-512': 3.699254728493841, '512-1024': 3.656900539080682, '1024-2048': 3.648054918508418, '2048-4096': 3.6625656223359346} in 58.2m
