[postnorm_s1] arm=lowrank params={'total': 107286528, 'trainable': 786432, 'attention': 6030336, 'embedding': 77654528, 'non_embedding': 29632000} tokens/step=131,072 steps=1,525 600,047,616->800,047,616 stage2@None
[postnorm_s1] step 1/1525 tok 600,178,688 loss 3.5407 gn 0.01 lr 1.67e-05 0 tok/s (0.1m)
[postnorm_s1] step 50/1525 tok 606,601,216 loss 3.4653 gn 0.01 lr 5.00e-04 99,731 tok/s (1.2m)
[postnorm_s1] step 100/1525 tok 613,154,816 loss 3.4336 gn 0.01 lr 4.98e-04 97,811 tok/s (2.3m)
[postnorm_s1] step 150/1525 tok 619,708,416 loss 3.5555 gn 0.01 lr 4.93e-04 76,945 tok/s (3.7m)
[postnorm_s1] step 200/1525 tok 626,262,016 loss 3.4870 gn 0.01 lr 4.86e-04 46,240 tok/s (6.1m)
[postnorm_s1] step 250/1525 tok 632,815,616 loss 3.5860 gn 0.01 lr 4.76e-04 93,622 tok/s (7.2m)
[postnorm_s1] step 300/1525 tok 639,369,216 loss 3.3790 gn 0.02 lr 4.65e-04 98,126 tok/s (8.3m)
[postnorm_s1] step 350/1525 tok 645,922,816 loss 3.6239 gn 0.01 lr 4.51e-04 81,759 tok/s (9.7m)
[postnorm_s1] step 400/1525 tok 652,476,416 loss 3.6168 gn 0.01 lr 4.35e-04 46,261 tok/s (12.0m)
[postnorm_s1] step 450/1525 tok 659,030,016 loss 3.5287 gn 0.01 lr 4.18e-04 88,199 tok/s (13.3m)
[postnorm_s1] step 500/1525 tok 665,583,616 loss 3.5714 gn 0.01 lr 3.99e-04 98,814 tok/s (14.4m)
[postnorm_s1] step 500 VAL nll 3.7575 ppl 42.84 bypos {'0-128': 3.9554458648378485, '128-512': 3.7178319313534414, '512-1024': 3.784321125730645, '1024-2048': 3.754113521773356, '2048-4096': 3.74758904506878}
[postnorm_s1] step 550/1525 tok 672,137,216 loss 3.5342 gn 0.02 lr 3.79e-04 98,322 tok/s (15.5m)
[postnorm_s1] step 600/1525 tok 678,690,816 loss 3.4888 gn 0.02 lr 3.57e-04 99,259 tok/s (16.6m)
[postnorm_s1] step 650/1525 tok 685,244,416 loss 3.4473 gn 0.01 lr 3.35e-04 99,218 tok/s (17.7m)
[postnorm_s1] step 700/1525 tok 691,798,016 loss 3.5292 gn 0.02 lr 3.11e-04 99,272 tok/s (18.8m)
[postnorm_s1] step 750/1525 tok 698,351,616 loss 3.4517 gn 0.02 lr 2.88e-04 99,269 tok/s (19.9m)
[postnorm_s1] step 800/1525 tok 704,905,216 loss 3.5635 gn 0.02 lr 2.64e-04 99,517 tok/s (21.0m)
[postnorm_s1] step 850/1525 tok 711,458,816 loss 3.4547 gn 0.02 lr 2.41e-04 99,394 tok/s (22.1m)
[postnorm_s1] step 900/1525 tok 718,012,416 loss 3.4971 gn 0.02 lr 2.18e-04 99,236 tok/s (23.2m)
[postnorm_s1] step 950/1525 tok 724,566,016 loss 3.5084 gn 0.02 lr 1.95e-04 99,354 tok/s (24.3m)
[postnorm_s1] step 1000/1525 tok 731,119,616 loss 3.5673 gn 0.02 lr 1.74e-04 98,909 tok/s (25.4m)
[postnorm_s1] step 1000 VAL nll 3.7566 ppl 42.80 bypos {'0-128': 3.9558093690551033, '128-512': 3.7173483023253078, '512-1024': 3.78413441188107, '1024-2048': 3.7529383294736434, '2048-4096': 3.7465315298807043}
[postnorm_s1] step 1050/1525 tok 737,673,216 loss 3.5052 gn 0.02 lr 1.53e-04 98,430 tok/s (26.5m)
[postnorm_s1] step 1100/1525 tok 744,226,816 loss 3.4787 gn 0.02 lr 1.34e-04 49,177 tok/s (28.7m)
[postnorm_s1] step 1150/1525 tok 750,780,416 loss 3.4136 gn 0.02 lr 1.16e-04 69,929 tok/s (30.3m)
[postnorm_s1] step 1200/1525 tok 757,334,016 loss 3.5118 gn 0.02 lr 1.00e-04 99,451 tok/s (31.4m)
[postnorm_s1] step 1250/1525 tok 763,887,616 loss 3.5117 gn 0.02 lr 8.65e-05 99,277 tok/s (32.5m)
[postnorm_s1] step 1300/1525 tok 770,441,216 loss 3.5173 gn 0.02 lr 7.47e-05 99,258 tok/s (33.6m)
[postnorm_s1] step 1350/1525 tok 776,994,816 loss 3.5375 gn 0.02 lr 6.50e-05 99,221 tok/s (34.7m)
[postnorm_s1] step 1400/1525 tok 783,548,416 loss 3.5678 gn 0.02 lr 5.77e-05 98,877 tok/s (35.8m)
[postnorm_s1] step 1450/1525 tok 790,102,016 loss 3.6104 gn 0.02 lr 5.28e-05 99,407 tok/s (36.9m)
[postnorm_s1] step 1500/1525 tok 796,655,616 loss 3.5882 gn 0.02 lr 5.03e-05 98,003 tok/s (38.0m)
[postnorm_s1] step 1500 VAL nll 3.7564 ppl 42.79 bypos {'0-128': 3.9546708595758915, '128-512': 3.717183908633728, '512-1024': 3.783675109474548, '1024-2048': 3.753079051320147, '2048-4096': 3.7461517678416274}
[postnorm_s1] FINAL nll=3.6722 ppl=39.34 bypos={'0-128': 3.9445042908550954, '128-512': 3.701361022387733, '512-1024': 3.656824797011459, '1024-2048': 3.6486111751205534, '2048-4096': 3.6654080171243315} in 38.6m
