[postnorm_s0] arm=lowrank params={'total': 107286528, 'trainable': 786432, 'attention': 6030336, 'embedding': 77654528, 'non_embedding': 29632000} tokens/step=131,072 steps=1,525 600,047,616->800,047,616 stage2@None
[postnorm_s0] step 1/1525 tok 600,178,688 loss 3.5461 gn 0.01 lr 1.67e-05 0 tok/s (0.1m)
[postnorm_s0] step 50/1525 tok 606,601,216 loss 3.4718 gn 0.02 lr 5.00e-04 99,427 tok/s (1.2m)
[postnorm_s0] step 100/1525 tok 613,154,816 loss 3.4415 gn 0.01 lr 4.98e-04 96,895 tok/s (2.3m)
[postnorm_s0] step 150/1525 tok 619,708,416 loss 3.5635 gn 0.01 lr 4.93e-04 76,122 tok/s (3.7m)
[postnorm_s0] step 200/1525 tok 626,262,016 loss 3.4928 gn 0.02 lr 4.86e-04 46,117 tok/s (6.1m)
[postnorm_s0] step 250/1525 tok 632,815,616 loss 3.5910 gn 0.01 lr 4.76e-04 98,675 tok/s (7.2m)
[postnorm_s0] step 300/1525 tok 639,369,216 loss 3.3881 gn 0.01 lr 4.65e-04 98,539 tok/s (8.3m)
[postnorm_s0] step 350/1525 tok 645,922,816 loss 3.6256 gn 0.01 lr 4.51e-04 86,111 tok/s (9.6m)
[postnorm_s0] step 400/1525 tok 652,476,416 loss 3.6150 gn 0.01 lr 4.35e-04 46,119 tok/s (11.9m)
[postnorm_s0] step 450/1525 tok 659,030,016 loss 3.5338 gn 0.02 lr 4.18e-04 86,320 tok/s (13.2m)
[postnorm_s0] step 500/1525 tok 665,583,616 loss 3.5753 gn 0.01 lr 3.99e-04 101,039 tok/s (14.3m)
[postnorm_s0] step 500 VAL nll 3.7613 ppl 43.01 bypos {'0-128': 3.9696257302212636, '128-512': 3.71855421448282, '512-1024': 3.788625305592863, '1024-2048': 3.759561450345453, '2048-4096': 3.7504094415247815}
[postnorm_s0] step 550/1525 tok 672,137,216 loss 3.5366 gn 0.01 lr 3.79e-04 100,160 tok/s (15.4m)
[postnorm_s0] step 600/1525 tok 678,690,816 loss 3.4926 gn 0.02 lr 3.57e-04 101,081 tok/s (16.5m)
[postnorm_s0] step 650/1525 tok 685,244,416 loss 3.4515 gn 0.01 lr 3.35e-04 101,094 tok/s (17.5m)
[postnorm_s0] step 700/1525 tok 691,798,016 loss 3.5328 gn 0.02 lr 3.11e-04 101,055 tok/s (18.6m)
[postnorm_s0] step 750/1525 tok 698,351,616 loss 3.4588 gn 0.02 lr 2.88e-04 100,978 tok/s (19.7m)
[postnorm_s0] step 800/1525 tok 704,905,216 loss 3.5708 gn 0.02 lr 2.64e-04 101,152 tok/s (20.8m)
[postnorm_s0] step 850/1525 tok 711,458,816 loss 3.4586 gn 0.02 lr 2.41e-04 101,030 tok/s (21.9m)
[postnorm_s0] step 900/1525 tok 718,012,416 loss 3.5074 gn 0.02 lr 2.18e-04 101,040 tok/s (22.9m)
[postnorm_s0] step 950/1525 tok 724,566,016 loss 3.5127 gn 0.01 lr 1.95e-04 101,196 tok/s (24.0m)
[postnorm_s0] step 1000/1525 tok 731,119,616 loss 3.5711 gn 0.02 lr 1.74e-04 101,085 tok/s (25.1m)
[postnorm_s0] step 1000 VAL nll 3.7602 ppl 42.96 bypos {'0-128': 3.969558609951889, '128-512': 3.71705651652341, '512-1024': 3.7875045331018473, '1024-2048': 3.758191886626275, '2048-4096': 3.749388040603451}
[postnorm_s0] step 1050/1525 tok 737,673,216 loss 3.5114 gn 0.01 lr 1.53e-04 97,844 tok/s (26.2m)
[postnorm_s0] step 1100/1525 tok 744,226,816 loss 3.4771 gn 0.02 lr 1.34e-04 57,753 tok/s (28.1m)
[postnorm_s0] step 1150/1525 tok 750,780,416 loss 3.4157 gn 0.02 lr 1.16e-04 58,199 tok/s (30.0m)
[postnorm_s0] step 1200/1525 tok 757,334,016 loss 3.5169 gn 0.02 lr 1.00e-04 100,169 tok/s (31.1m)
[postnorm_s0] step 1250/1525 tok 763,887,616 loss 3.5170 gn 0.02 lr 8.65e-05 99,696 tok/s (32.2m)
[postnorm_s0] step 1300/1525 tok 770,441,216 loss 3.5230 gn 0.02 lr 7.47e-05 99,628 tok/s (33.3m)
[postnorm_s0] step 1350/1525 tok 776,994,816 loss 3.5435 gn 0.02 lr 6.50e-05 100,084 tok/s (34.4m)
[postnorm_s0] step 1400/1525 tok 783,548,416 loss 3.5729 gn 0.02 lr 5.77e-05 99,614 tok/s (35.5m)
[postnorm_s0] step 1450/1525 tok 790,102,016 loss 3.6153 gn 0.02 lr 5.28e-05 99,602 tok/s (36.6m)
[postnorm_s0] step 1500/1525 tok 796,655,616 loss 3.5969 gn 0.02 lr 5.03e-05 100,886 tok/s (37.6m)
[postnorm_s0] step 1500 VAL nll 3.7599 ppl 42.94 bypos {'0-128': 3.9691891331575455, '128-512': 3.7171823989099213, '512-1024': 3.787252932049308, '1024-2048': 3.7580551714133854, '2048-4096': 3.7488622215364638}
[postnorm_s0] FINAL nll=3.6786 ppl=39.59 bypos={'0-128': 3.9581386138202084, '128-512': 3.7065815889841645, '512-1024': 3.6623297513396667, '1024-2048': 3.656279722196474, '2048-4096': 3.671140271149068} in 38.26m
