[van_s2] arm=vanilla params={'total': 106500096, 'trainable': 106500096, 'attention': 5243904, 'embedding': 77654528, 'non_embedding': 28845568} tokens/step=131,072 steps=6,103 0->800,000,000 stage2@None
[van_s2] step 1/6103 tok 131,072 loss 12.0187 gn 4.67 lr 2.46e-06 0 tok/s (0.1m)
[van_s2] step 50/6103 tok 6,553,600 loss 9.1604 gn 2.08 lr 1.23e-04 105,162 tok/s (1.1m)
[van_s2] step 100/6103 tok 13,107,200 loss 6.8987 gn 1.54 lr 2.46e-04 105,112 tok/s (2.1m)
[van_s2] step 150/6103 tok 19,660,800 loss 6.0644 gn 1.01 lr 3.00e-04 105,098 tok/s (3.2m)
[van_s2] step 200/6103 tok 26,214,400 loss 5.7120 gn 1.22 lr 3.00e-04 105,109 tok/s (4.2m)
[van_s2] step 250/6103 tok 32,768,000 loss 5.4910 gn 1.03 lr 3.00e-04 105,063 tok/s (5.3m)
[van_s2] step 300/6103 tok 39,321,600 loss 5.3143 gn 1.04 lr 2.99e-04 104,867 tok/s (6.3m)
[van_s2] step 350/6103 tok 45,875,200 loss 5.0427 gn 1.14 lr 2.99e-04 104,953 tok/s (7.3m)
[van_s2] step 400/6103 tok 52,428,800 loss 4.8819 gn 0.73 lr 2.99e-04 104,685 tok/s (8.4m)
[van_s2] step 400 VAL nll 5.1266 ppl 168.45 bypos {'0-128': 5.3743676270969445, '128-512': 5.167311062836234, '512-1024': 5.117124932810839, '1024-2048': 5.101063565302923, '2048-4096': 5.118699904115797}
[van_s2] step 450/6103 tok 58,982,400 loss 4.7800 gn 0.94 lr 2.98e-04 103,201 tok/s (9.4m)
[van_s2] step 500/6103 tok 65,536,000 loss 4.7225 gn 0.86 lr 2.97e-04 103,551 tok/s (10.5m)
[van_s2] step 550/6103 tok 72,089,600 loss 4.7027 gn 0.89 lr 2.97e-04 104,856 tok/s (11.5m)
[van_s2] step 600/6103 tok 78,643,200 loss 4.5770 gn 0.93 lr 2.96e-04 104,967 tok/s (12.6m)
[van_s2] step 650/6103 tok 85,196,800 loss 4.4257 gn 0.78 lr 2.95e-04 104,663 tok/s (13.6m)
[van_s2] step 700/6103 tok 91,750,400 loss 4.3984 gn 0.87 lr 2.94e-04 104,945 tok/s (14.7m)
[van_s2] step 750/6103 tok 98,304,000 loss 4.4700 gn 1.06 lr 2.93e-04 104,741 tok/s (15.7m)
[van_s2] step 800/6103 tok 104,857,600 loss 4.3264 gn 0.94 lr 2.92e-04 104,954 tok/s (16.7m)
[van_s2] step 800 VAL nll 4.5916 ppl 98.65 bypos {'0-128': 4.8321399057990675, '128-512': 4.611568913520311, '512-1024': 4.577536476435, '1024-2048': 4.572368038488392, '2048-4096': 4.585946419350635}
[van_s2] step 850/6103 tok 111,411,200 loss 4.4301 gn 0.76 lr 2.90e-04 103,128 tok/s (17.8m)
[van_s2] step 900/6103 tok 117,964,800 loss 4.3266 gn 0.85 lr 2.89e-04 105,021 tok/s (18.8m)
[van_s2] step 950/6103 tok 124,518,400 loss 4.2733 gn 0.60 lr 2.87e-04 105,003 tok/s (19.9m)
[van_s2] step 1000/6103 tok 131,072,000 loss 4.2925 gn 0.66 lr 2.86e-04 104,731 tok/s (20.9m)
[van_s2] step 1050/6103 tok 137,625,600 loss 4.2546 gn 0.71 lr 2.84e-04 105,024 tok/s (22.0m)
[van_s2] step 1100/6103 tok 144,179,200 loss 4.2152 gn 0.77 lr 2.83e-04 104,652 tok/s (23.0m)
[van_s2] step 1150/6103 tok 150,732,800 loss 4.1876 gn 0.67 lr 2.81e-04 104,964 tok/s (24.1m)
[van_s2] step 1200/6103 tok 157,286,400 loss 4.1859 gn 0.55 lr 2.79e-04 105,034 tok/s (25.1m)
[van_s2] step 1200 VAL nll 4.3616 ppl 78.38 bypos {'0-128': 4.593306458625875, '128-512': 4.374246075872558, '512-1024': 4.341289678001459, '1024-2048': 4.343056391701765, '2048-4096': 4.35911345762738}
[van_s2] step 1250/6103 tok 163,840,000 loss 4.1706 gn 0.69 lr 2.77e-04 103,314 tok/s (26.2m)
[van_s2] step 1300/6103 tok 170,393,600 loss 4.1684 gn 0.63 lr 2.75e-04 105,007 tok/s (27.2m)
[van_s2] step 1350/6103 tok 176,947,200 loss 3.9930 gn 0.56 lr 2.73e-04 105,003 tok/s (28.2m)
[van_s2] step 1400/6103 tok 183,500,800 loss 3.8305 gn 0.67 lr 2.71e-04 104,983 tok/s (29.3m)
[van_s2] step 1450/6103 tok 190,054,400 loss 4.0107 gn 0.66 lr 2.68e-04 104,975 tok/s (30.3m)
[van_s2] step 1500/6103 tok 196,608,000 loss 4.0155 gn 0.62 lr 2.66e-04 105,037 tok/s (31.4m)
[van_s2] step 1550/6103 tok 203,161,600 loss 3.9812 gn 0.61 lr 2.64e-04 103,964 tok/s (32.4m)
[van_s2] step 1600/6103 tok 209,715,200 loss 3.9269 gn 0.68 lr 2.61e-04 104,215 tok/s (33.5m)
[van_s2] step 1600 VAL nll 4.1879 ppl 65.88 bypos {'0-128': 4.429612795607795, '128-512': 4.195771504645639, '512-1024': 4.173599411514644, '1024-2048': 4.173815914453101, '2048-4096': 4.181951472123132}
[van_s2] step 1650/6103 tok 216,268,800 loss 3.9374 gn 0.54 lr 2.59e-04 103,303 tok/s (34.5m)
[van_s2] step 1700/6103 tok 222,822,400 loss 3.9124 gn 0.63 lr 2.56e-04 103,538 tok/s (35.6m)
[van_s2] step 1750/6103 tok 229,376,000 loss 3.8483 gn 0.59 lr 2.54e-04 104,992 tok/s (36.6m)
[van_s2] step 1800/6103 tok 235,929,600 loss 3.8832 gn 0.64 lr 2.51e-04 105,011 tok/s (37.6m)
[van_s2] step 1850/6103 tok 242,483,200 loss 3.8503 gn 0.57 lr 2.48e-04 105,054 tok/s (38.7m)
[van_s2] step 1900/6103 tok 249,036,800 loss 3.7967 gn 0.52 lr 2.45e-04 105,060 tok/s (39.7m)
[van_s2] step 1950/6103 tok 255,590,400 loss 3.7067 gn 0.50 lr 2.42e-04 105,052 tok/s (40.8m)
[van_s2] step 2000/6103 tok 262,144,000 loss 3.7844 gn 0.58 lr 2.39e-04 105,050 tok/s (41.8m)
[van_s2] step 2000 VAL nll 4.0739 ppl 58.79 bypos {'0-128': 4.313420210575259, '128-512': 4.0847547842026115, '512-1024': 4.061011691771981, '1024-2048': 4.058830165902414, '2048-4096': 4.067695821108586}
[van_s2] step 2050/6103 tok 268,697,600 loss 3.8336 gn 0.53 lr 2.36e-04 103,355 tok/s (42.9m)
[van_s2] step 2100/6103 tok 275,251,200 loss 3.7768 gn 0.50 lr 2.33e-04 104,664 tok/s (43.9m)
[van_s2] step 2150/6103 tok 281,804,800 loss 3.7226 gn 0.58 lr 2.30e-04 104,952 tok/s (44.9m)
[van_s2] step 2200/6103 tok 288,358,400 loss 3.6725 gn 0.63 lr 2.27e-04 105,015 tok/s (46.0m)
[van_s2] step 2250/6103 tok 294,912,000 loss 3.9105 gn 0.55 lr 2.24e-04 105,039 tok/s (47.0m)
[van_s2] step 2300/6103 tok 301,465,600 loss 3.7030 gn 0.56 lr 2.21e-04 104,909 tok/s (48.1m)
[van_s2] step 2350/6103 tok 308,019,200 loss 3.7327 gn 0.54 lr 2.18e-04 104,801 tok/s (49.1m)
[van_s2] step 2400/6103 tok 314,572,800 loss 3.7803 gn 0.54 lr 2.14e-04 104,342 tok/s (50.2m)
[van_s2] step 2400 VAL nll 3.9926 ppl 54.20 bypos {'0-128': 4.233629262315503, '128-512': 4.001256357489599, '512-1024': 3.9790785183140827, '1024-2048': 3.976399347378319, '2048-4096': 3.9873681694305216}
[van_s2] step 2450/6103 tok 321,126,400 loss 3.7892 gn 0.49 lr 2.11e-04 102,328 tok/s (51.2m)
[van_s2] step 2500/6103 tok 327,680,000 loss 3.7915 gn 0.49 lr 2.08e-04 104,131 tok/s (52.3m)
[van_s2] step 2550/6103 tok 334,233,600 loss 3.6994 gn 0.50 lr 2.04e-04 104,001 tok/s (53.3m)
[van_s2] step 2600/6103 tok 340,787,200 loss 3.6345 gn 0.50 lr 2.01e-04 103,949 tok/s (54.4m)
[van_s2] step 2650/6103 tok 347,340,800 loss 3.6936 gn 0.50 lr 1.97e-04 104,033 tok/s (55.4m)
[van_s2] step 2700/6103 tok 353,894,400 loss 3.7713 gn 0.48 lr 1.94e-04 103,873 tok/s (56.5m)
[van_s2] step 2750/6103 tok 360,448,000 loss 3.7169 gn 0.50 lr 1.91e-04 104,031 tok/s (57.5m)
[van_s2] step 2800/6103 tok 367,001,600 loss 3.6591 gn 0.54 lr 1.87e-04 103,824 tok/s (58.6m)
[van_s2] step 2800 VAL nll 3.9368 ppl 51.25 bypos {'0-128': 4.178483665493616, '128-512': 3.9433011213394216, '512-1024': 3.9195720386448443, '1024-2048': 3.923272405478887, '2048-4096': 3.93154962999561}
[van_s2] step 2850/6103 tok 373,555,200 loss 3.7071 gn 0.43 lr 1.84e-04 102,270 tok/s (59.6m)
[van_s2] step 2900/6103 tok 380,108,800 loss 3.5222 gn 0.53 lr 1.80e-04 103,896 tok/s (60.7m)
[van_s2] step 2950/6103 tok 386,662,400 loss 3.5600 gn 0.52 lr 1.77e-04 71,659 tok/s (62.2m)
[van_s2] step 3000/6103 tok 393,216,000 loss 3.5888 gn 0.54 lr 1.73e-04 103,891 tok/s (63.3m)
[van_s2] step 3050/6103 tok 399,769,600 loss 3.7661 gn 0.53 lr 1.69e-04 103,920 tok/s (64.3m)
[van_s2] step 3100/6103 tok 406,323,200 loss 3.6395 gn 0.52 lr 1.66e-04 103,858 tok/s (65.4m)
[van_s2] step 3150/6103 tok 412,876,800 loss 3.5303 gn 0.52 lr 1.62e-04 104,045 tok/s (66.4m)
[van_s2] step 3200/6103 tok 419,430,400 loss 3.5012 gn 0.46 lr 1.59e-04 103,919 tok/s (67.5m)
[van_s2] step 3200 VAL nll 3.8913 ppl 48.97 bypos {'0-128': 4.131274504788024, '128-512': 3.9000427606497587, '512-1024': 3.879863957425215, '1024-2048': 3.8753369429237234, '2048-4096': 3.8855121573999085}
[van_s2] step 3250/6103 tok 425,984,000 loss 3.6376 gn 0.52 lr 1.55e-04 101,997 tok/s (68.5m)
[van_s2] step 3300/6103 tok 432,537,600 loss 3.6425 gn 0.48 lr 1.52e-04 104,171 tok/s (69.6m)
[van_s2] step 3350/6103 tok 439,091,200 loss 3.7175 gn 0.51 lr 1.48e-04 104,475 tok/s (70.6m)
[van_s2] step 3400/6103 tok 445,644,800 loss 3.6270 gn 0.53 lr 1.45e-04 103,588 tok/s (71.7m)
[van_s2] step 3450/6103 tok 452,198,400 loss 3.4856 gn 0.48 lr 1.41e-04 103,657 tok/s (72.7m)
[van_s2] step 3500/6103 tok 458,752,000 loss 3.5469 gn 0.49 lr 1.38e-04 104,713 tok/s (73.8m)
[van_s2] step 3550/6103 tok 465,305,600 loss 3.5924 gn 0.45 lr 1.34e-04 103,771 tok/s (74.8m)
[van_s2] step 3600/6103 tok 471,859,200 loss 3.5583 gn 0.48 lr 1.31e-04 103,744 tok/s (75.9m)
[van_s2] step 3600 VAL nll 3.8554 ppl 47.25 bypos {'0-128': 4.09302034148871, '128-512': 3.866654272416298, '512-1024': 3.8414732925635917, '1024-2048': 3.8373641716776383, '2048-4096': 3.85098680204599}
[van_s2] step 3650/6103 tok 478,412,800 loss 3.6150 gn 0.50 lr 1.27e-04 102,095 tok/s (77.0m)
[van_s2] step 3700/6103 tok 484,966,400 loss 3.5694 gn 0.53 lr 1.24e-04 103,798 tok/s (78.0m)
[van_s2] step 3750/6103 tok 491,520,000 loss 3.5542 gn 0.43 lr 1.21e-04 103,821 tok/s (79.1m)
[van_s2] step 3800/6103 tok 498,073,600 loss 3.5239 gn 0.48 lr 1.17e-04 103,845 tok/s (80.1m)
[van_s2] step 3850/6103 tok 504,627,200 loss 3.6243 gn 0.49 lr 1.14e-04 103,521 tok/s (81.2m)
[van_s2] step 3900/6103 tok 511,180,800 loss 3.5699 gn 0.44 lr 1.11e-04 103,503 tok/s (82.2m)
[van_s2] step 3950/6103 tok 517,734,400 loss 3.5881 gn 0.48 lr 1.08e-04 104,079 tok/s (83.3m)
[van_s2] step 4000/6103 tok 524,288,000 loss 3.4949 gn 0.47 lr 1.04e-04 104,682 tok/s (84.3m)
[van_s2] step 4000 VAL nll 3.8261 ppl 45.88 bypos {'0-128': 4.063147208917911, '128-512': 3.836736458656347, '512-1024': 3.814410470172561, '1024-2048': 3.811756255555986, '2048-4096': 3.8193853539558233}
[van_s2] step 4050/6103 tok 530,841,600 loss 3.4782 gn 0.44 lr 1.01e-04 103,120 tok/s (85.4m)
[van_s2] step 4100/6103 tok 537,395,200 loss 3.5665 gn 0.48 lr 9.81e-05 104,833 tok/s (86.4m)
[van_s2] step 4150/6103 tok 543,948,800 loss 3.5635 gn 0.48 lr 9.50e-05 104,805 tok/s (87.5m)
[van_s2] step 4200/6103 tok 550,502,400 loss 3.5480 gn 0.50 lr 9.20e-05 104,825 tok/s (88.5m)
[van_s2] step 4250/6103 tok 557,056,000 loss 3.4979 gn 0.46 lr 8.91e-05 104,827 tok/s (89.6m)
[van_s2] step 4300/6103 tok 563,609,600 loss 3.6015 gn 0.51 lr 8.61e-05 104,844 tok/s (90.6m)
[van_s2] step 4350/6103 tok 570,163,200 loss 3.5068 gn 0.46 lr 8.33e-05 104,844 tok/s (91.6m)
[van_s2] step 4400/6103 tok 576,716,800 loss 3.5707 gn 0.48 lr 8.05e-05 104,803 tok/s (92.7m)
[van_s2] step 4400 VAL nll 3.8048 ppl 44.91 bypos {'0-128': 4.040633240987063, '128-512': 3.8167936258643542, '512-1024': 3.7920930592303286, '1024-2048': 3.787444356586981, '2048-4096': 3.799570406818349}
[van_s2] step 4450/6103 tok 583,270,400 loss 3.5524 gn 0.45 lr 7.78e-05 103,156 tok/s (93.7m)
[van_s2] step 4500/6103 tok 589,824,000 loss 3.5103 gn 0.45 lr 7.51e-05 104,810 tok/s (94.8m)
[van_s2] step 4550/6103 tok 596,377,600 loss 3.5998 gn 0.44 lr 7.25e-05 104,773 tok/s (95.8m)
[van_s2] saved T0 @ 600,047,616 -> /work/mingze/Posthoc_differential_memory_diffsplit/out_cpt_20260817/van_s2_T0.pt
[van_s2] T0 sha256 = c6bab0102a8326b1b0e0d0b3f1a21af8678e15ee535be984ce0f6d7e153d7d04
[van_s2] step 4600/6103 tok 602,931,200 loss 3.5281 gn 0.45 lr 6.99e-05 103,754 tok/s (96.9m)
[van_s2] step 4650/6103 tok 609,484,800 loss 3.6191 gn 0.44 lr 6.74e-05 104,633 tok/s (97.9m)
[van_s2] step 4700/6103 tok 616,038,400 loss 3.4767 gn 0.46 lr 6.50e-05 104,726 tok/s (99.0m)
[van_s2] step 4750/6103 tok 622,592,000 loss 3.5565 gn 0.47 lr 6.27e-05 104,816 tok/s (100.0m)
[van_s2] step 4800/6103 tok 629,145,600 loss 3.4620 gn 0.49 lr 6.04e-05 104,826 tok/s (101.0m)
[van_s2] step 4800 VAL nll 3.7846 ppl 44.02 bypos {'0-128': 4.009836871417519, '128-512': 3.796148564771613, '512-1024': 3.7704780342470414, '1024-2048': 3.770053698877846, '2048-4096': 3.7791212953411897}
[van_s2] step 4850/6103 tok 635,699,200 loss 3.3572 gn 0.49 lr 5.82e-05 103,127 tok/s (102.1m)
[van_s2] step 4900/6103 tok 642,252,800 loss 3.4562 gn 0.46 lr 5.61e-05 104,845 tok/s (103.1m)
[van_s2] step 4950/6103 tok 648,806,400 loss 3.5318 gn 0.42 lr 5.40e-05 104,857 tok/s (104.2m)
[van_s2] step 5000/6103 tok 655,360,000 loss 3.5540 gn 0.46 lr 5.20e-05 104,856 tok/s (105.2m)
[van_s2] step 5050/6103 tok 661,913,600 loss 3.5644 gn 0.44 lr 5.01e-05 104,859 tok/s (106.3m)
[van_s2] step 5100/6103 tok 668,467,200 loss 3.3621 gn 0.45 lr 4.83e-05 104,854 tok/s (107.3m)
[van_s2] step 5150/6103 tok 675,020,800 loss 3.4456 gn 0.45 lr 4.66e-05 104,854 tok/s (108.4m)
[van_s2] step 5200/6103 tok 681,574,400 loss 3.5507 gn 0.42 lr 4.49e-05 104,824 tok/s (109.4m)
[van_s2] step 5200 VAL nll 3.7707 ppl 43.41 bypos {'0-128': 4.002626922481738, '128-512': 3.782949704033726, '512-1024': 3.755913801801654, '1024-2048': 3.7554914359974454, '2048-4096': 3.7652564554274863}
[van_s2] step 5250/6103 tok 688,128,000 loss 3.5988 gn 0.44 lr 4.33e-05 103,161 tok/s (110.5m)
[van_s2] step 5300/6103 tok 694,681,600 loss 3.4338 gn 0.44 lr 4.18e-05 104,855 tok/s (111.5m)
[van_s2] step 5350/6103 tok 701,235,200 loss 3.6315 gn 0.46 lr 4.04e-05 104,855 tok/s (112.5m)
[van_s2] step 5400/6103 tok 707,788,800 loss 3.4546 gn 0.43 lr 3.91e-05 104,864 tok/s (113.6m)
[van_s2] step 5450/6103 tok 714,342,400 loss 3.4527 gn 0.45 lr 3.79e-05 104,810 tok/s (114.6m)
[van_s2] step 5500/6103 tok 720,896,000 loss 3.4561 gn 0.45 lr 3.67e-05 104,818 tok/s (115.7m)
[van_s2] step 5550/6103 tok 727,449,600 loss 3.4148 gn 0.45 lr 3.57e-05 104,850 tok/s (116.7m)
[van_s2] step 5600/6103 tok 734,003,200 loss 3.4171 gn 0.47 lr 3.47e-05 104,809 tok/s (117.7m)
[van_s2] step 5600 VAL nll 3.7603 ppl 42.96 bypos {'0-128': 3.994135270952569, '128-512': 3.768479909178095, '512-1024': 3.7449663804146702, '1024-2048': 3.745440568111184, '2048-4096': 3.7553476992101698}
[van_s2] step 5650/6103 tok 740,556,800 loss 3.3608 gn 0.44 lr 3.38e-05 102,992 tok/s (118.8m)
[van_s2] step 5700/6103 tok 747,110,400 loss 3.6048 gn 0.44 lr 3.30e-05 104,718 tok/s (119.9m)
[van_s2] step 5750/6103 tok 753,664,000 loss 3.4985 gn 0.45 lr 3.23e-05 104,818 tok/s (120.9m)
[van_s2] step 5800/6103 tok 760,217,600 loss 3.4461 gn 0.46 lr 3.17e-05 104,819 tok/s (121.9m)
[van_s2] step 5850/6103 tok 766,771,200 loss 3.5551 gn 0.44 lr 3.12e-05 104,591 tok/s (123.0m)
[van_s2] step 5900/6103 tok 773,324,800 loss 3.4101 gn 0.43 lr 3.08e-05 104,660 tok/s (124.0m)
[van_s2] step 5950/6103 tok 779,878,400 loss 3.5095 gn 0.47 lr 3.04e-05 104,464 tok/s (125.1m)
[van_s2] step 6000/6103 tok 786,432,000 loss 3.4379 gn 0.45 lr 3.02e-05 104,793 tok/s (126.1m)
[van_s2] step 6000 VAL nll 3.7535 ppl 42.67 bypos {'0-128': 3.9848157791717966, '128-512': 3.7651797974909917, '512-1024': 3.7406803139814713, '1024-2048': 3.7386443279598875, '2048-4096': 3.7475505540474114}
[van_s2] step 6050/6103 tok 792,985,600 loss 3.3398 gn 0.46 lr 3.01e-05 103,160 tok/s (127.2m)
[van_s2] step 6100/6103 tok 799,539,200 loss 3.5343 gn 0.50 lr 3.00e-05 104,846 tok/s (128.2m)
[van_s2] FINAL nll=3.6012 ppl=36.64 bypos={'0-128': 3.9016227846197147, '128-512': 3.648382272574397, '512-1024': 3.5965252990414727, '1024-2048': 3.592514860982806, '2048-4096': 3.5790674560187177} in 128.34m
