[van_s0] arm=vanilla params={'total': 106500096, 'trainable': 106500096, 'attention': 5243904, 'embedding': 77654528, 'non_embedding': 28845568} tokens/step=131,072 steps=6,103 0->800,000,000 stage2@None
[van_s0] step 1/6103 tok 131,072 loss 12.0252 gn 4.27 lr 2.46e-06 0 tok/s (0.1m)
[van_s0] step 50/6103 tok 6,553,600 loss 9.2122 gn 2.11 lr 1.23e-04 105,251 tok/s (1.1m)
[van_s0] step 100/6103 tok 13,107,200 loss 6.9013 gn 1.23 lr 2.46e-04 105,135 tok/s (2.1m)
[van_s0] step 150/6103 tok 19,660,800 loss 6.0607 gn 0.97 lr 3.00e-04 105,160 tok/s (3.2m)
[van_s0] step 200/6103 tok 26,214,400 loss 5.6949 gn 0.78 lr 3.00e-04 104,798 tok/s (4.2m)
[van_s0] step 250/6103 tok 32,768,000 loss 5.5021 gn 1.09 lr 3.00e-04 104,020 tok/s (5.3m)
[van_s0] step 300/6103 tok 39,321,600 loss 5.3206 gn 1.04 lr 2.99e-04 104,953 tok/s (6.3m)
[van_s0] step 350/6103 tok 45,875,200 loss 5.0614 gn 1.16 lr 2.99e-04 104,184 tok/s (7.4m)
[van_s0] step 400/6103 tok 52,428,800 loss 4.8753 gn 0.74 lr 2.99e-04 104,688 tok/s (8.4m)
[van_s0] step 400 VAL nll 5.1266 ppl 168.45 bypos {'0-128': 5.385497838105948, '128-512': 5.167566754951622, '512-1024': 5.115845787012404, '1024-2048': 5.098827545027916, '2048-4096': 5.119377065464398}
[van_s0] step 450/6103 tok 58,982,400 loss 4.7731 gn 0.94 lr 2.98e-04 101,831 tok/s (9.5m)
[van_s0] step 500/6103 tok 65,536,000 loss 4.7237 gn 0.88 lr 2.97e-04 103,934 tok/s (10.5m)
[van_s0] step 550/6103 tok 72,089,600 loss 4.7014 gn 0.88 lr 2.97e-04 103,606 tok/s (11.6m)
[van_s0] step 600/6103 tok 78,643,200 loss 4.5772 gn 0.91 lr 2.96e-04 105,326 tok/s (12.6m)
[van_s0] step 650/6103 tok 85,196,800 loss 4.4303 gn 0.85 lr 2.95e-04 104,904 tok/s (13.7m)
[van_s0] step 700/6103 tok 91,750,400 loss 4.3881 gn 0.83 lr 2.94e-04 104,459 tok/s (14.7m)
[van_s0] step 750/6103 tok 98,304,000 loss 4.4685 gn 0.82 lr 2.93e-04 105,001 tok/s (15.7m)
[van_s0] step 800/6103 tok 104,857,600 loss 4.3261 gn 0.99 lr 2.92e-04 105,197 tok/s (16.8m)
[van_s0] step 800 VAL nll 4.5957 ppl 99.06 bypos {'0-128': 4.8486051856095855, '128-512': 4.6183962053798195, '512-1024': 4.58536415035843, '1024-2048': 4.575781022697811, '2048-4096': 4.5881507873664855}
[van_s0] step 850/6103 tok 111,411,200 loss 4.4257 gn 0.73 lr 2.90e-04 103,534 tok/s (17.8m)
[van_s0] step 900/6103 tok 117,964,800 loss 4.3271 gn 0.86 lr 2.89e-04 105,325 tok/s (18.9m)
[van_s0] step 950/6103 tok 124,518,400 loss 4.2759 gn 0.66 lr 2.87e-04 105,326 tok/s (19.9m)
[van_s0] step 1000/6103 tok 131,072,000 loss 4.2995 gn 0.79 lr 2.86e-04 105,325 tok/s (20.9m)
[van_s0] step 1050/6103 tok 137,625,600 loss 4.2495 gn 0.71 lr 2.84e-04 105,326 tok/s (22.0m)
[van_s0] step 1100/6103 tok 144,179,200 loss 4.2178 gn 0.84 lr 2.83e-04 105,320 tok/s (23.0m)
[van_s0] step 1150/6103 tok 150,732,800 loss 4.1948 gn 0.67 lr 2.81e-04 105,292 tok/s (24.1m)
[van_s0] step 1200/6103 tok 157,286,400 loss 4.1958 gn 0.61 lr 2.79e-04 105,323 tok/s (25.1m)
[van_s0] step 1200 VAL nll 4.3674 ppl 78.84 bypos {'0-128': 4.599570566939519, '128-512': 4.381168669341832, '512-1024': 4.350169293217107, '1024-2048': 4.34738470655514, '2048-4096': 4.364590211880316}
[van_s0] step 1250/6103 tok 163,840,000 loss 4.1768 gn 0.66 lr 2.77e-04 103,607 tok/s (26.2m)
[van_s0] step 1300/6103 tok 170,393,600 loss 4.1724 gn 0.69 lr 2.75e-04 105,307 tok/s (27.2m)
[van_s0] step 1350/6103 tok 176,947,200 loss 4.0095 gn 0.66 lr 2.73e-04 105,287 tok/s (28.2m)
[van_s0] step 1400/6103 tok 183,500,800 loss 3.8612 gn 0.80 lr 2.71e-04 105,298 tok/s (29.3m)
[van_s0] step 1450/6103 tok 190,054,400 loss 4.0601 gn 0.70 lr 2.68e-04 105,294 tok/s (30.3m)
[van_s0] step 1500/6103 tok 196,608,000 loss 4.0468 gn 0.65 lr 2.66e-04 105,308 tok/s (31.3m)
[van_s0] step 1550/6103 tok 203,161,600 loss 4.0076 gn 0.62 lr 2.64e-04 105,307 tok/s (32.4m)
[van_s0] step 1600/6103 tok 209,715,200 loss 3.9668 gn 0.71 lr 2.61e-04 105,283 tok/s (33.4m)
[van_s0] step 1600 VAL nll 4.2162 ppl 67.77 bypos {'0-128': 4.451302342240922, '128-512': 4.227962665304005, '512-1024': 4.199545515738578, '1024-2048': 4.1990008963020315, '2048-4096': 4.211979312225875}
[van_s0] step 1650/6103 tok 216,268,800 loss 3.9596 gn 0.56 lr 2.59e-04 103,613 tok/s (34.5m)
[van_s0] step 1700/6103 tok 222,822,400 loss 3.9343 gn 0.62 lr 2.56e-04 105,306 tok/s (35.5m)
[van_s0] step 1750/6103 tok 229,376,000 loss 3.8792 gn 0.56 lr 2.54e-04 105,325 tok/s (36.5m)
[van_s0] step 1800/6103 tok 235,929,600 loss 3.9173 gn 0.76 lr 2.51e-04 105,328 tok/s (37.6m)
[van_s0] step 1850/6103 tok 242,483,200 loss 3.8683 gn 0.51 lr 2.48e-04 105,282 tok/s (38.6m)
[van_s0] step 1900/6103 tok 249,036,800 loss 3.8220 gn 0.54 lr 2.45e-04 105,259 tok/s (39.7m)
[van_s0] step 1950/6103 tok 255,590,400 loss 3.7342 gn 0.49 lr 2.42e-04 105,284 tok/s (40.7m)
[van_s0] step 2000/6103 tok 262,144,000 loss 3.8052 gn 0.52 lr 2.39e-04 105,323 tok/s (41.7m)
[van_s0] step 2000 VAL nll 4.0902 ppl 59.75 bypos {'0-128': 4.33585042305765, '128-512': 4.107685454551377, '512-1024': 4.077762892218644, '1024-2048': 4.074470889586671, '2048-4096': 4.082502629047282}
[van_s0] step 2050/6103 tok 268,697,600 loss 3.8576 gn 0.49 lr 2.36e-04 103,545 tok/s (42.8m)
[van_s0] step 2100/6103 tok 275,251,200 loss 3.7937 gn 0.50 lr 2.33e-04 105,314 tok/s (43.8m)
[van_s0] step 2150/6103 tok 281,804,800 loss 3.7499 gn 0.63 lr 2.30e-04 105,327 tok/s (44.9m)
[van_s0] step 2200/6103 tok 288,358,400 loss 3.6908 gn 0.54 lr 2.27e-04 105,326 tok/s (45.9m)
[van_s0] step 2250/6103 tok 294,912,000 loss 3.9309 gn 0.53 lr 2.24e-04 105,325 tok/s (46.9m)
[van_s0] step 2300/6103 tok 301,465,600 loss 3.7296 gn 0.51 lr 2.21e-04 105,276 tok/s (48.0m)
[van_s0] step 2350/6103 tok 308,019,200 loss 3.7535 gn 0.58 lr 2.18e-04 105,166 tok/s (49.0m)
[van_s0] step 2400/6103 tok 314,572,800 loss 3.7983 gn 0.47 lr 2.14e-04 104,562 tok/s (50.1m)
[van_s0] step 2400 VAL nll 4.0036 ppl 54.79 bypos {'0-128': 4.242332935475133, '128-512': 4.021681952836957, '512-1024': 3.9931693023055104, '1024-2048': 3.9867979258119277, '2048-4096': 3.9962161205852245}
[van_s0] step 2450/6103 tok 321,126,400 loss 3.8107 gn 0.51 lr 2.11e-04 102,052 tok/s (51.1m)
[van_s0] step 2500/6103 tok 327,680,000 loss 3.8069 gn 0.49 lr 2.08e-04 103,789 tok/s (52.2m)
[van_s0] step 2550/6103 tok 334,233,600 loss 3.7271 gn 0.54 lr 2.04e-04 103,814 tok/s (53.2m)
[van_s0] step 2600/6103 tok 340,787,200 loss 3.6544 gn 0.52 lr 2.01e-04 103,898 tok/s (54.3m)
[van_s0] step 2650/6103 tok 347,340,800 loss 3.7115 gn 0.51 lr 1.97e-04 103,976 tok/s (55.3m)
[van_s0] step 2700/6103 tok 353,894,400 loss 3.7850 gn 0.52 lr 1.94e-04 103,575 tok/s (56.4m)
[van_s0] step 2750/6103 tok 360,448,000 loss 3.7451 gn 0.55 lr 1.91e-04 103,948 tok/s (57.4m)
[van_s0] step 2800/6103 tok 367,001,600 loss 3.6786 gn 0.49 lr 1.87e-04 103,175 tok/s (58.5m)
[van_s0] step 2800 VAL nll 3.9483 ppl 51.85 bypos {'0-128': 4.196243737986464, '128-512': 3.9613293119000255, '512-1024': 3.93452548575754, '1024-2048': 3.934095031564908, '2048-4096': 3.940898675485394}
[van_s0] step 2850/6103 tok 373,555,200 loss 3.7229 gn 0.48 lr 1.84e-04 100,451 tok/s (59.6m)
[van_s0] step 2900/6103 tok 380,108,800 loss 3.5430 gn 0.52 lr 1.80e-04 104,036 tok/s (60.6m)
[van_s0] step 2950/6103 tok 386,662,400 loss 3.5789 gn 0.51 lr 1.77e-04 71,370 tok/s (62.2m)
[van_s0] step 3000/6103 tok 393,216,000 loss 3.6087 gn 0.56 lr 1.73e-04 103,767 tok/s (63.2m)
[van_s0] step 3050/6103 tok 399,769,600 loss 3.7790 gn 0.50 lr 1.69e-04 103,904 tok/s (64.3m)
[van_s0] step 3100/6103 tok 406,323,200 loss 3.6650 gn 0.57 lr 1.66e-04 103,854 tok/s (65.3m)
[van_s0] step 3150/6103 tok 412,876,800 loss 3.5444 gn 0.51 lr 1.62e-04 103,809 tok/s (66.4m)
[van_s0] step 3200/6103 tok 419,430,400 loss 3.5121 gn 0.47 lr 1.59e-04 103,982 tok/s (67.4m)
[van_s0] step 3200 VAL nll 3.9005 ppl 49.43 bypos {'0-128': 4.155288846134866, '128-512': 3.9146307115988273, '512-1024': 3.8915407404538556, '1024-2048': 3.883338348736448, '2048-4096': 3.8927662593331873}
[van_s0] step 3250/6103 tok 425,984,000 loss 3.6498 gn 0.50 lr 1.55e-04 102,194 tok/s (68.5m)
[van_s0] step 3300/6103 tok 432,537,600 loss 3.6529 gn 0.46 lr 1.52e-04 104,424 tok/s (69.5m)
[van_s0] step 3350/6103 tok 439,091,200 loss 3.7286 gn 0.53 lr 1.48e-04 104,888 tok/s (70.6m)
[van_s0] step 3400/6103 tok 445,644,800 loss 3.6395 gn 0.54 lr 1.45e-04 104,106 tok/s (71.6m)
[van_s0] step 3450/6103 tok 452,198,400 loss 3.4956 gn 0.49 lr 1.41e-04 103,786 tok/s (72.7m)
[van_s0] step 3500/6103 tok 458,752,000 loss 3.5569 gn 0.48 lr 1.38e-04 105,172 tok/s (73.7m)
[van_s0] step 3550/6103 tok 465,305,600 loss 3.6062 gn 0.46 lr 1.34e-04 104,146 tok/s (74.8m)
[van_s0] step 3600/6103 tok 471,859,200 loss 3.5759 gn 0.49 lr 1.31e-04 104,184 tok/s (75.8m)
[van_s0] step 3600 VAL nll 3.8639 ppl 47.65 bypos {'0-128': 4.118920368576568, '128-512': 3.8772143956422647, '512-1024': 3.849960992531443, '1024-2048': 3.84446452518087, '2048-4096': 3.858667280932732}
[van_s0] step 3650/6103 tok 478,412,800 loss 3.6293 gn 0.54 lr 1.27e-04 102,392 tok/s (76.9m)
[van_s0] step 3700/6103 tok 484,966,400 loss 3.5852 gn 0.50 lr 1.24e-04 103,971 tok/s (77.9m)
[van_s0] step 3750/6103 tok 491,520,000 loss 3.5652 gn 0.46 lr 1.21e-04 104,268 tok/s (79.0m)
[van_s0] step 3800/6103 tok 498,073,600 loss 3.5374 gn 0.50 lr 1.17e-04 104,042 tok/s (80.0m)
[van_s0] step 3850/6103 tok 504,627,200 loss 3.6377 gn 0.49 lr 1.14e-04 104,142 tok/s (81.1m)
[van_s0] step 3900/6103 tok 511,180,800 loss 3.5778 gn 0.48 lr 1.11e-04 103,961 tok/s (82.1m)
[van_s0] step 3950/6103 tok 517,734,400 loss 3.5995 gn 0.48 lr 1.08e-04 104,377 tok/s (83.2m)
[van_s0] step 4000/6103 tok 524,288,000 loss 3.5063 gn 0.48 lr 1.04e-04 105,179 tok/s (84.2m)
[van_s0] step 4000 VAL nll 3.8360 ppl 46.34 bypos {'0-128': 4.092777149620844, '128-512': 3.847742864870497, '512-1024': 3.825542284657498, '1024-2048': 3.8190732289918614, '2048-4096': 3.8288574366307913}
[van_s0] step 4050/6103 tok 530,841,600 loss 3.4907 gn 0.46 lr 1.01e-04 103,621 tok/s (85.3m)
[van_s0] step 4100/6103 tok 537,395,200 loss 3.5716 gn 0.50 lr 9.81e-05 105,289 tok/s (86.3m)
[van_s0] step 4150/6103 tok 543,948,800 loss 3.5677 gn 0.46 lr 9.50e-05 105,306 tok/s (87.3m)
[van_s0] step 4200/6103 tok 550,502,400 loss 3.5531 gn 0.50 lr 9.20e-05 105,308 tok/s (88.4m)
[van_s0] step 4250/6103 tok 557,056,000 loss 3.5099 gn 0.45 lr 8.91e-05 105,307 tok/s (89.4m)
[van_s0] step 4300/6103 tok 563,609,600 loss 3.6083 gn 0.52 lr 8.61e-05 105,324 tok/s (90.5m)
[van_s0] step 4350/6103 tok 570,163,200 loss 3.5124 gn 0.47 lr 8.33e-05 105,281 tok/s (91.5m)
[van_s0] step 4400/6103 tok 576,716,800 loss 3.5785 gn 0.49 lr 8.05e-05 105,194 tok/s (92.5m)
[van_s0] step 4400 VAL nll 3.8130 ppl 45.29 bypos {'0-128': 4.071438733145101, '128-512': 3.8258501027769682, '512-1024': 3.80210029063885, '1024-2048': 3.793850663981594, '2048-4096': 3.8067871247426845}
[van_s0] step 4450/6103 tok 583,270,400 loss 3.5626 gn 0.46 lr 7.78e-05 103,417 tok/s (93.6m)
[van_s0] step 4500/6103 tok 589,824,000 loss 3.5194 gn 0.46 lr 7.51e-05 105,123 tok/s (94.6m)
[van_s0] step 4550/6103 tok 596,377,600 loss 3.6047 gn 0.46 lr 7.25e-05 105,092 tok/s (95.7m)
[van_s0] saved T0 @ 600,047,616 -> /work/mingze/Posthoc_differential_memory_diffsplit/out_cpt_20260817/van_s0_T0.pt
[van_s0] T0 sha256 = 7cce788e0caf1337e5ec9f9484e225d3675cb35e467f1fe84d9ef241f1de6c1a
[van_s0] step 4600/6103 tok 602,931,200 loss 3.5368 gn 0.47 lr 6.99e-05 103,980 tok/s (96.7m)
[van_s0] step 4650/6103 tok 609,484,800 loss 3.6279 gn 0.43 lr 6.74e-05 105,026 tok/s (97.8m)
[van_s0] step 4700/6103 tok 616,038,400 loss 3.4880 gn 0.49 lr 6.50e-05 105,051 tok/s (98.8m)
[van_s0] step 4750/6103 tok 622,592,000 loss 3.5675 gn 0.46 lr 6.27e-05 105,066 tok/s (99.8m)
[van_s0] step 4800/6103 tok 629,145,600 loss 3.4741 gn 0.50 lr 6.04e-05 105,087 tok/s (100.9m)
[van_s0] step 4800 VAL nll 3.7928 ppl 44.38 bypos {'0-128': 4.047620826576178, '128-512': 3.808611078900564, '512-1024': 3.779998293750836, '1024-2048': 3.7748492087621965, '2048-4096': 3.7861721520599065}
[van_s0] step 4850/6103 tok 635,699,200 loss 3.3708 gn 0.56 lr 5.82e-05 103,456 tok/s (101.9m)
[van_s0] step 4900/6103 tok 642,252,800 loss 3.4653 gn 0.48 lr 5.61e-05 105,286 tok/s (103.0m)
[van_s0] step 4950/6103 tok 648,806,400 loss 3.5403 gn 0.44 lr 5.40e-05 105,273 tok/s (104.0m)
[van_s0] step 5000/6103 tok 655,360,000 loss 3.5640 gn 0.49 lr 5.20e-05 105,304 tok/s (105.0m)
[van_s0] step 5050/6103 tok 661,913,600 loss 3.5735 gn 0.48 lr 5.01e-05 105,309 tok/s (106.1m)
[van_s0] step 5100/6103 tok 668,467,200 loss 3.3767 gn 0.46 lr 4.83e-05 105,305 tok/s (107.1m)
[van_s0] step 5150/6103 tok 675,020,800 loss 3.4516 gn 0.45 lr 4.66e-05 105,307 tok/s (108.2m)
[van_s0] step 5200/6103 tok 681,574,400 loss 3.5564 gn 0.45 lr 4.49e-05 105,325 tok/s (109.2m)
[van_s0] step 5200 VAL nll 3.7783 ppl 43.74 bypos {'0-128': 4.035597724786555, '128-512': 3.7928680836900432, '512-1024': 3.763839856055384, '1024-2048': 3.760539300249011, '2048-4096': 3.772073098322506}
[van_s0] step 5250/6103 tok 688,128,000 loss 3.6078 gn 0.46 lr 4.33e-05 103,624 tok/s (110.2m)
[van_s0] step 5300/6103 tok 694,681,600 loss 3.4386 gn 0.43 lr 4.18e-05 105,324 tok/s (111.3m)
[van_s0] step 5350/6103 tok 701,235,200 loss 3.6358 gn 0.47 lr 4.04e-05 105,326 tok/s (112.3m)
[van_s0] step 5400/6103 tok 707,788,800 loss 3.4605 gn 0.44 lr 3.91e-05 105,328 tok/s (113.4m)
[van_s0] step 5450/6103 tok 714,342,400 loss 3.4607 gn 0.45 lr 3.79e-05 105,327 tok/s (114.4m)
[van_s0] step 5500/6103 tok 720,896,000 loss 3.4677 gn 0.46 lr 3.67e-05 105,326 tok/s (115.4m)
[van_s0] step 5550/6103 tok 727,449,600 loss 3.4203 gn 0.44 lr 3.57e-05 105,325 tok/s (116.5m)
[van_s0] step 5600/6103 tok 734,003,200 loss 3.4261 gn 0.47 lr 3.47e-05 105,304 tok/s (117.5m)
[van_s0] step 5600 VAL nll 3.7683 ppl 43.31 bypos {'0-128': 4.026357457743586, '128-512': 3.779079375258997, '512-1024': 3.7533694850866155, '1024-2048': 3.7505095768635135, '2048-4096': 3.7628485058649574}
[van_s0] step 5650/6103 tok 740,556,800 loss 3.3688 gn 0.45 lr 3.38e-05 103,458 tok/s (118.6m)
[van_s0] step 5700/6103 tok 747,110,400 loss 3.6139 gn 0.46 lr 3.30e-05 105,117 tok/s (119.6m)
[van_s0] step 5750/6103 tok 753,664,000 loss 3.5068 gn 0.43 lr 3.23e-05 105,136 tok/s (120.6m)
[van_s0] step 5800/6103 tok 760,217,600 loss 3.4544 gn 0.48 lr 3.17e-05 105,154 tok/s (121.7m)
[van_s0] step 5850/6103 tok 766,771,200 loss 3.5629 gn 0.44 lr 3.12e-05 105,073 tok/s (122.7m)
[van_s0] step 5900/6103 tok 773,324,800 loss 3.4168 gn 0.45 lr 3.08e-05 105,134 tok/s (123.8m)
[van_s0] step 5950/6103 tok 779,878,400 loss 3.5208 gn 0.47 lr 3.04e-05 105,039 tok/s (124.8m)
[van_s0] step 6000/6103 tok 786,432,000 loss 3.4475 gn 0.47 lr 3.02e-05 105,123 tok/s (125.8m)
[van_s0] step 6000 VAL nll 3.7608 ppl 42.98 bypos {'0-128': 4.015450275898601, '128-512': 3.776201559729202, '512-1024': 3.748303721856047, '1024-2048': 3.742744237789207, '2048-4096': 3.7541976045793652}
[van_s0] step 6050/6103 tok 792,985,600 loss 3.3556 gn 0.46 lr 3.01e-05 103,448 tok/s (126.9m)
[van_s0] step 6100/6103 tok 799,539,200 loss 3.5403 gn 0.49 lr 3.00e-05 105,165 tok/s (127.9m)
[van_s0] FINAL nll=3.6113 ppl=37.01 bypos={'0-128': 3.9178308932292083, '128-512': 3.657605616101153, '512-1024': 3.6026697234303993, '1024-2048': 3.602263655477468, '2048-4096': 3.590044399041822} in 128.06m
