[van_s1] arm=vanilla params={'total': 106500096, 'trainable': 106500096, 'attention': 5243904, 'embedding': 77654528, 'non_embedding': 28845568} tokens/step=131,072 steps=6,103 0->800,000,000 stage2@None
[van_s1] step 1/6103 tok 131,072 loss 12.0270 gn 4.21 lr 2.46e-06 0 tok/s (0.1m)
[van_s1] step 50/6103 tok 6,553,600 loss 9.1716 gn 2.07 lr 1.23e-04 105,399 tok/s (1.1m)
[van_s1] step 100/6103 tok 13,107,200 loss 6.9177 gn 2.82 lr 2.46e-04 105,327 tok/s (2.1m)
[van_s1] step 150/6103 tok 19,660,800 loss 6.0729 gn 0.76 lr 3.00e-04 105,325 tok/s (3.2m)
[van_s1] step 200/6103 tok 26,214,400 loss 5.6869 gn 0.82 lr 3.00e-04 105,154 tok/s (4.2m)
[van_s1] step 250/6103 tok 32,768,000 loss 5.4933 gn 1.17 lr 3.00e-04 104,627 tok/s (5.3m)
[van_s1] step 300/6103 tok 39,321,600 loss 5.3118 gn 0.97 lr 2.99e-04 104,363 tok/s (6.3m)
[van_s1] step 350/6103 tok 45,875,200 loss 5.0453 gn 1.11 lr 2.99e-04 105,295 tok/s (7.3m)
[van_s1] step 400/6103 tok 52,428,800 loss 4.8735 gn 0.86 lr 2.99e-04 104,475 tok/s (8.4m)
[van_s1] step 400 VAL nll 5.1289 ppl 168.82 bypos {'0-128': 5.384075305746592, '128-512': 5.174265913921772, '512-1024': 5.122460590607034, '1024-2048': 5.102378275075182, '2048-4096': 5.119214140376316}
[van_s1] step 450/6103 tok 58,982,400 loss 4.7750 gn 1.14 lr 2.98e-04 102,714 tok/s (9.4m)
[van_s1] step 500/6103 tok 65,536,000 loss 4.7212 gn 1.04 lr 2.97e-04 103,312 tok/s (10.5m)
[van_s1] step 550/6103 tok 72,089,600 loss 4.6981 gn 1.06 lr 2.97e-04 105,134 tok/s (11.5m)
[van_s1] step 600/6103 tok 78,643,200 loss 4.5706 gn 0.82 lr 2.96e-04 105,336 tok/s (12.6m)
[van_s1] step 650/6103 tok 85,196,800 loss 4.4175 gn 0.77 lr 2.95e-04 104,945 tok/s (13.6m)
[van_s1] step 700/6103 tok 91,750,400 loss 4.3768 gn 0.85 lr 2.94e-04 105,236 tok/s (14.7m)
[van_s1] step 750/6103 tok 98,304,000 loss 4.4534 gn 0.91 lr 2.93e-04 105,021 tok/s (15.7m)
[van_s1] step 800/6103 tok 104,857,600 loss 4.3136 gn 0.74 lr 2.92e-04 105,228 tok/s (16.7m)
[van_s1] step 800 VAL nll 4.5867 ppl 98.17 bypos {'0-128': 4.833426865793626, '128-512': 4.606933653698586, '512-1024': 4.577907214201389, '1024-2048': 4.565581120770702, '2048-4096': 4.5802052898024685}
[van_s1] step 850/6103 tok 111,411,200 loss 4.4220 gn 0.79 lr 2.90e-04 103,567 tok/s (17.8m)
[van_s1] step 900/6103 tok 117,964,800 loss 4.3171 gn 0.88 lr 2.89e-04 105,291 tok/s (18.8m)
[van_s1] step 950/6103 tok 124,518,400 loss 4.2670 gn 0.73 lr 2.87e-04 105,268 tok/s (19.9m)
[van_s1] step 1000/6103 tok 131,072,000 loss 4.2866 gn 0.76 lr 2.86e-04 104,993 tok/s (20.9m)
[van_s1] step 1050/6103 tok 137,625,600 loss 4.2420 gn 0.59 lr 2.84e-04 105,300 tok/s (21.9m)
[van_s1] step 1100/6103 tok 144,179,200 loss 4.2044 gn 0.71 lr 2.83e-04 104,968 tok/s (23.0m)
[van_s1] step 1150/6103 tok 150,732,800 loss 4.1793 gn 0.68 lr 2.81e-04 105,289 tok/s (24.0m)
[van_s1] step 1200/6103 tok 157,286,400 loss 4.1833 gn 0.67 lr 2.79e-04 105,311 tok/s (25.1m)
[van_s1] step 1200 VAL nll 4.3526 ppl 77.68 bypos {'0-128': 4.574694249121421, '128-512': 4.367425659909183, '512-1024': 4.339455872607772, '1024-2048': 4.331457698411839, '2048-4096': 4.349702353071698}
[van_s1] step 1250/6103 tok 163,840,000 loss 4.1650 gn 0.66 lr 2.77e-04 103,600 tok/s (26.1m)
[van_s1] step 1300/6103 tok 170,393,600 loss 4.1581 gn 0.55 lr 2.75e-04 105,292 tok/s (27.2m)
[van_s1] step 1350/6103 tok 176,947,200 loss 3.9900 gn 0.51 lr 2.73e-04 105,171 tok/s (28.2m)
[van_s1] step 1400/6103 tok 183,500,800 loss 3.8330 gn 0.63 lr 2.71e-04 105,326 tok/s (29.2m)
[van_s1] step 1450/6103 tok 190,054,400 loss 4.0316 gn 0.64 lr 2.68e-04 105,267 tok/s (30.3m)
[van_s1] step 1500/6103 tok 196,608,000 loss 4.0345 gn 0.54 lr 2.66e-04 105,294 tok/s (31.3m)
[van_s1] step 1550/6103 tok 203,161,600 loss 3.9954 gn 0.55 lr 2.64e-04 105,286 tok/s (32.3m)
[van_s1] step 1600/6103 tok 209,715,200 loss 3.9535 gn 0.69 lr 2.61e-04 105,234 tok/s (33.4m)
[van_s1] step 1600 VAL nll 4.2069 ppl 67.15 bypos {'0-128': 4.426611152373937, '128-512': 4.2117482453540065, '512-1024': 4.1918468946633425, '1024-2048': 4.190589993901057, '2048-4096': 4.204097832126861}
[van_s1] step 1650/6103 tok 216,268,800 loss 3.9492 gn 0.56 lr 2.59e-04 103,598 tok/s (34.4m)
[van_s1] step 1700/6103 tok 222,822,400 loss 3.9277 gn 0.63 lr 2.56e-04 103,757 tok/s (35.5m)
[van_s1] step 1750/6103 tok 229,376,000 loss 3.8654 gn 0.56 lr 2.54e-04 105,305 tok/s (36.5m)
[van_s1] step 1800/6103 tok 235,929,600 loss 3.8983 gn 0.65 lr 2.51e-04 105,305 tok/s (37.6m)
[van_s1] step 1850/6103 tok 242,483,200 loss 3.8633 gn 0.52 lr 2.48e-04 105,331 tok/s (38.6m)
[van_s1] step 1900/6103 tok 249,036,800 loss 3.8154 gn 0.52 lr 2.45e-04 105,321 tok/s (39.6m)
[van_s1] step 1950/6103 tok 255,590,400 loss 3.7215 gn 0.51 lr 2.42e-04 105,330 tok/s (40.7m)
[van_s1] step 2000/6103 tok 262,144,000 loss 3.7992 gn 0.55 lr 2.39e-04 105,327 tok/s (41.7m)
[van_s1] step 2000 VAL nll 4.0851 ppl 59.45 bypos {'0-128': 4.313463728106683, '128-512': 4.0961696315951786, '512-1024': 4.068317092710139, '1024-2048': 4.068968623350937, '2048-4096': 4.081053214601646}
[van_s1] step 2050/6103 tok 268,697,600 loss 3.8501 gn 0.50 lr 2.36e-04 103,638 tok/s (42.8m)
[van_s1] step 2100/6103 tok 275,251,200 loss 3.7897 gn 0.50 lr 2.33e-04 105,005 tok/s (43.8m)
[van_s1] step 2150/6103 tok 281,804,800 loss 3.7400 gn 0.65 lr 2.30e-04 105,269 tok/s (44.8m)
[van_s1] step 2200/6103 tok 288,358,400 loss 3.6862 gn 0.61 lr 2.27e-04 105,289 tok/s (45.9m)
[van_s1] step 2250/6103 tok 294,912,000 loss 3.9255 gn 0.54 lr 2.24e-04 105,329 tok/s (46.9m)
[van_s1] step 2300/6103 tok 301,465,600 loss 3.7188 gn 0.49 lr 2.21e-04 105,200 tok/s (48.0m)
[van_s1] step 2350/6103 tok 308,019,200 loss 3.7455 gn 0.55 lr 2.18e-04 105,105 tok/s (49.0m)
[van_s1] step 2400/6103 tok 314,572,800 loss 3.7992 gn 0.51 lr 2.14e-04 104,505 tok/s (50.0m)
[van_s1] step 2400 VAL nll 3.9985 ppl 54.51 bypos {'0-128': 4.229757433780122, '128-512': 4.0160598983252, '512-1024': 3.98352856263395, '1024-2048': 3.980217829105147, '2048-4096': 3.9935829170768544}
[van_s1] step 2450/6103 tok 321,126,400 loss 3.8022 gn 0.47 lr 2.11e-04 102,619 tok/s (51.1m)
[van_s1] step 2500/6103 tok 327,680,000 loss 3.8014 gn 0.49 lr 2.08e-04 104,443 tok/s (52.1m)
[van_s1] step 2550/6103 tok 334,233,600 loss 3.7143 gn 0.52 lr 2.04e-04 104,222 tok/s (53.2m)
[van_s1] step 2600/6103 tok 340,787,200 loss 3.6502 gn 0.52 lr 2.01e-04 104,130 tok/s (54.2m)
[van_s1] step 2650/6103 tok 347,340,800 loss 3.7057 gn 0.49 lr 1.97e-04 104,384 tok/s (55.3m)
[van_s1] step 2700/6103 tok 353,894,400 loss 3.7819 gn 0.51 lr 1.94e-04 104,085 tok/s (56.3m)
[van_s1] step 2750/6103 tok 360,448,000 loss 3.7386 gn 0.55 lr 1.91e-04 104,209 tok/s (57.4m)
[van_s1] step 2800/6103 tok 367,001,600 loss 3.6783 gn 0.54 lr 1.87e-04 103,844 tok/s (58.4m)
[van_s1] step 2800 VAL nll 3.9407 ppl 51.46 bypos {'0-128': 4.178217760394034, '128-512': 3.956030034144684, '512-1024': 3.923508522517494, '1024-2048': 3.922354989325491, '2048-4096': 3.9364858168448604}
[van_s1] step 2850/6103 tok 373,555,200 loss 3.7175 gn 0.46 lr 1.84e-04 102,244 tok/s (59.5m)
[van_s1] step 2900/6103 tok 380,108,800 loss 3.5340 gn 0.55 lr 1.80e-04 104,172 tok/s (60.6m)
[van_s1] step 2950/6103 tok 386,662,400 loss 3.5721 gn 0.55 lr 1.77e-04 71,598 tok/s (62.1m)
[van_s1] step 3000/6103 tok 393,216,000 loss 3.5981 gn 0.60 lr 1.73e-04 104,104 tok/s (63.1m)
[van_s1] step 3050/6103 tok 399,769,600 loss 3.7731 gn 0.49 lr 1.69e-04 104,056 tok/s (64.2m)
[van_s1] step 3100/6103 tok 406,323,200 loss 3.6499 gn 0.49 lr 1.66e-04 104,146 tok/s (65.2m)
[van_s1] step 3150/6103 tok 412,876,800 loss 3.5319 gn 0.52 lr 1.62e-04 103,957 tok/s (66.3m)
[van_s1] step 3200/6103 tok 419,430,400 loss 3.5074 gn 0.50 lr 1.59e-04 104,152 tok/s (67.3m)
[van_s1] step 3200 VAL nll 3.8945 ppl 49.13 bypos {'0-128': 4.129800117104963, '128-512': 3.9114640117353, '512-1024': 3.8814301828993294, '1024-2048': 3.8728966585487647, '2048-4096': 3.8906673587834475}
[van_s1] step 3250/6103 tok 425,984,000 loss 3.6429 gn 0.47 lr 1.55e-04 102,240 tok/s (68.4m)
[van_s1] step 3300/6103 tok 432,537,600 loss 3.6482 gn 0.44 lr 1.52e-04 104,411 tok/s (69.4m)
[van_s1] step 3350/6103 tok 439,091,200 loss 3.7262 gn 0.50 lr 1.48e-04 105,106 tok/s (70.5m)
[van_s1] step 3400/6103 tok 445,644,800 loss 3.6325 gn 0.53 lr 1.45e-04 103,723 tok/s (71.5m)
[van_s1] step 3450/6103 tok 452,198,400 loss 3.4920 gn 0.51 lr 1.41e-04 103,440 tok/s (72.6m)
[van_s1] step 3500/6103 tok 458,752,000 loss 3.5501 gn 0.49 lr 1.38e-04 104,739 tok/s (73.6m)
[van_s1] step 3550/6103 tok 465,305,600 loss 3.6011 gn 0.46 lr 1.34e-04 103,738 tok/s (74.7m)
[van_s1] step 3600/6103 tok 471,859,200 loss 3.5660 gn 0.46 lr 1.31e-04 103,588 tok/s (75.7m)
[van_s1] step 3600 VAL nll 3.8600 ppl 47.47 bypos {'0-128': 4.093836774497788, '128-512': 3.876559682248441, '512-1024': 3.8450709333605886, '1024-2048': 3.838432743847301, '2048-4096': 3.8568130968460754}
[van_s1] step 3650/6103 tok 478,412,800 loss 3.6230 gn 0.50 lr 1.27e-04 101,934 tok/s (76.8m)
[van_s1] step 3700/6103 tok 484,966,400 loss 3.5770 gn 0.51 lr 1.24e-04 103,614 tok/s (77.9m)
[van_s1] step 3750/6103 tok 491,520,000 loss 3.5600 gn 0.47 lr 1.21e-04 103,814 tok/s (78.9m)
[van_s1] step 3800/6103 tok 498,073,600 loss 3.5292 gn 0.50 lr 1.17e-04 103,746 tok/s (80.0m)
[van_s1] step 3850/6103 tok 504,627,200 loss 3.6280 gn 0.48 lr 1.14e-04 103,527 tok/s (81.0m)
[van_s1] step 3900/6103 tok 511,180,800 loss 3.5753 gn 0.49 lr 1.11e-04 103,451 tok/s (82.1m)
[van_s1] step 3950/6103 tok 517,734,400 loss 3.5955 gn 0.47 lr 1.08e-04 103,852 tok/s (83.1m)
[van_s1] step 4000/6103 tok 524,288,000 loss 3.5017 gn 0.46 lr 1.04e-04 104,441 tok/s (84.2m)
[van_s1] step 4000 VAL nll 3.8302 ppl 46.07 bypos {'0-128': 4.0716575505025645, '128-512': 3.8470102050530293, '512-1024': 3.8122902329524067, '1024-2048': 3.8107328428043523, '2048-4096': 3.8262603947010683}
[van_s1] step 4050/6103 tok 530,841,600 loss 3.4841 gn 0.48 lr 1.01e-04 103,195 tok/s (85.2m)
[van_s1] step 4100/6103 tok 537,395,200 loss 3.5696 gn 0.49 lr 9.81e-05 104,868 tok/s (86.3m)
[van_s1] step 4150/6103 tok 543,948,800 loss 3.5653 gn 0.46 lr 9.50e-05 104,848 tok/s (87.3m)
[van_s1] step 4200/6103 tok 550,502,400 loss 3.5503 gn 0.49 lr 9.20e-05 104,947 tok/s (88.4m)
[van_s1] step 4250/6103 tok 557,056,000 loss 3.5038 gn 0.45 lr 8.91e-05 104,926 tok/s (89.4m)
[van_s1] step 4300/6103 tok 563,609,600 loss 3.6048 gn 0.50 lr 8.61e-05 104,886 tok/s (90.4m)
[van_s1] step 4350/6103 tok 570,163,200 loss 3.5086 gn 0.46 lr 8.33e-05 104,806 tok/s (91.5m)
[van_s1] step 4400/6103 tok 576,716,800 loss 3.5783 gn 0.48 lr 8.05e-05 104,959 tok/s (92.5m)
[van_s1] step 4400 VAL nll 3.8073 ppl 45.03 bypos {'0-128': 4.04556692304746, '128-512': 3.822064900445312, '512-1024': 3.7914480520232416, '1024-2048': 3.786517780239736, '2048-4096': 3.8039555247805135}
[van_s1] step 4450/6103 tok 583,270,400 loss 3.5586 gn 0.45 lr 7.78e-05 103,417 tok/s (93.6m)
[van_s1] step 4500/6103 tok 589,824,000 loss 3.5140 gn 0.46 lr 7.51e-05 105,122 tok/s (94.6m)
[van_s1] step 4550/6103 tok 596,377,600 loss 3.6065 gn 0.44 lr 7.25e-05 105,054 tok/s (95.7m)
[van_s1] saved T0 @ 600,047,616 -> /work/mingze/Posthoc_differential_memory_diffsplit/out_cpt_20260817/van_s1_T0.pt
[van_s1] T0 sha256 = 2bf90930f8e8910c8f32e72deb479d09edda20203235123a743adfd9863cc1cf
[van_s1] step 4600/6103 tok 602,931,200 loss 3.5343 gn 0.44 lr 6.99e-05 103,993 tok/s (96.7m)
[van_s1] step 4650/6103 tok 609,484,800 loss 3.6237 gn 0.45 lr 6.74e-05 104,872 tok/s (97.8m)
[van_s1] step 4700/6103 tok 616,038,400 loss 3.4827 gn 0.49 lr 6.50e-05 102,513 tok/s (98.8m)
[van_s1] step 4750/6103 tok 622,592,000 loss 3.5638 gn 0.45 lr 6.27e-05 105,016 tok/s (99.9m)
[van_s1] step 4800/6103 tok 629,145,600 loss 3.4682 gn 0.50 lr 6.04e-05 105,052 tok/s (100.9m)
[van_s1] step 4800 VAL nll 3.7887 ppl 44.20 bypos {'0-128': 4.025193692274968, '128-512': 3.8064927852692896, '512-1024': 3.774865937902762, '1024-2048': 3.7673856005960307, '2048-4096': 3.784788607266116}
[van_s1] step 4850/6103 tok 635,699,200 loss 3.3614 gn 0.49 lr 5.82e-05 103,366 tok/s (102.0m)
[van_s1] step 4900/6103 tok 642,252,800 loss 3.4590 gn 0.50 lr 5.61e-05 105,054 tok/s (103.0m)
[van_s1] step 4950/6103 tok 648,806,400 loss 3.5351 gn 0.42 lr 5.40e-05 105,064 tok/s (104.0m)
[van_s1] step 5000/6103 tok 655,360,000 loss 3.5580 gn 0.47 lr 5.20e-05 105,025 tok/s (105.1m)
[van_s1] step 5050/6103 tok 661,913,600 loss 3.5680 gn 0.48 lr 5.01e-05 104,981 tok/s (106.1m)
[van_s1] step 5100/6103 tok 668,467,200 loss 3.3683 gn 0.44 lr 4.83e-05 105,000 tok/s (107.2m)
[van_s1] step 5150/6103 tok 675,020,800 loss 3.4440 gn 0.44 lr 4.66e-05 105,018 tok/s (108.2m)
[van_s1] step 5200/6103 tok 681,574,400 loss 3.5554 gn 0.43 lr 4.49e-05 105,012 tok/s (109.2m)
[van_s1] step 5200 VAL nll 3.7747 ppl 43.58 bypos {'0-128': 4.018786031891551, '128-512': 3.7951969981856926, '512-1024': 3.7567052272959707, '1024-2048': 3.754155315063688, '2048-4096': 3.7703421175615133}
[van_s1] step 5250/6103 tok 688,128,000 loss 3.6033 gn 0.49 lr 4.33e-05 103,343 tok/s (110.3m)
[van_s1] step 5300/6103 tok 694,681,600 loss 3.4383 gn 0.45 lr 4.18e-05 105,012 tok/s (111.3m)
[van_s1] step 5350/6103 tok 701,235,200 loss 3.6321 gn 0.45 lr 4.04e-05 105,071 tok/s (112.4m)
[van_s1] step 5400/6103 tok 707,788,800 loss 3.4591 gn 0.44 lr 3.91e-05 105,022 tok/s (113.4m)
[van_s1] step 5450/6103 tok 714,342,400 loss 3.4582 gn 0.44 lr 3.79e-05 105,046 tok/s (114.5m)
[van_s1] step 5500/6103 tok 720,896,000 loss 3.4609 gn 0.45 lr 3.67e-05 105,038 tok/s (115.5m)
[van_s1] step 5550/6103 tok 727,449,600 loss 3.4162 gn 0.45 lr 3.57e-05 105,069 tok/s (116.5m)
[van_s1] step 5600/6103 tok 734,003,200 loss 3.4195 gn 0.48 lr 3.47e-05 105,031 tok/s (117.6m)
[van_s1] step 5600 VAL nll 3.7636 ppl 43.10 bypos {'0-128': 4.00547374639487, '128-512': 3.7812046765389717, '512-1024': 3.745373805741645, '1024-2048': 3.743174089753939, '2048-4096': 3.759972924358922}
[van_s1] step 5650/6103 tok 740,556,800 loss 3.3631 gn 0.45 lr 3.38e-05 103,314 tok/s (118.6m)
[van_s1] step 5700/6103 tok 747,110,400 loss 3.6080 gn 0.44 lr 3.30e-05 104,747 tok/s (119.7m)
[van_s1] step 5750/6103 tok 753,664,000 loss 3.5029 gn 0.45 lr 3.23e-05 104,994 tok/s (120.7m)
[van_s1] step 5800/6103 tok 760,217,600 loss 3.4486 gn 0.46 lr 3.17e-05 105,045 tok/s (121.8m)
[van_s1] step 5850/6103 tok 766,771,200 loss 3.5615 gn 0.43 lr 3.12e-05 104,704 tok/s (122.8m)
[van_s1] step 5900/6103 tok 773,324,800 loss 3.4136 gn 0.44 lr 3.08e-05 105,318 tok/s (123.8m)
[van_s1] step 5950/6103 tok 779,878,400 loss 3.5181 gn 0.49 lr 3.04e-05 104,754 tok/s (124.9m)
[van_s1] step 6000/6103 tok 786,432,000 loss 3.4415 gn 0.46 lr 3.02e-05 105,264 tok/s (125.9m)
[van_s1] step 6000 VAL nll 3.7573 ppl 42.83 bypos {'0-128': 3.9973006091479135, '128-512': 3.777668200983387, '512-1024': 3.739551949239587, '1024-2048': 3.736920833284767, '2048-4096': 3.753146992810874}
[van_s1] step 6050/6103 tok 792,985,600 loss 3.3501 gn 0.44 lr 3.01e-05 103,625 tok/s (127.0m)
[van_s1] step 6100/6103 tok 799,539,200 loss 3.5373 gn 0.51 lr 3.00e-05 105,328 tok/s (128.0m)
[van_s1] FINAL nll=3.6056 ppl=36.80 bypos={'0-128': 3.9057556964038493, '128-512': 3.6520156121580913, '512-1024': 3.598313036343721, '1024-2048': 3.5953936390935572, '2048-4096': 3.585081093406991} in 128.13m
