[vanilla_continue_s1] arm=vanilla_continue params={'total': 106500096, 'trainable': 106500096, 'attention': 5243904, 'embedding': 77654528, 'non_embedding': 28845568} tokens/step=131,072 steps=1,525 600,047,616->800,047,616 stage2@None
[vanilla_continue_s1] step 1/1525 tok 600,178,688 loss 3.5407 gn 0.46 lr 1.00e-05 0 tok/s (0.1m)
[vanilla_continue_s1] step 50/1525 tok 606,601,216 loss 3.5367 gn 0.71 lr 3.00e-04 93,218 tok/s (1.2m)
[vanilla_continue_s1] step 100/1525 tok 613,154,816 loss 3.5088 gn 0.61 lr 2.99e-04 93,228 tok/s (2.4m)
[vanilla_continue_s1] step 150/1525 tok 619,708,416 loss 3.6197 gn 0.52 lr 2.96e-04 93,134 tok/s (3.6m)
[vanilla_continue_s1] step 200/1525 tok 626,262,016 loss 3.5469 gn 0.55 lr 2.91e-04 93,144 tok/s (4.7m)
[vanilla_continue_s1] step 250/1525 tok 632,815,616 loss 3.6438 gn 0.57 lr 2.86e-04 91,476 tok/s (5.9m)
[vanilla_continue_s1] step 300/1525 tok 639,369,216 loss 3.4390 gn 0.61 lr 2.79e-04 91,076 tok/s (7.1m)
[vanilla_continue_s1] step 350/1525 tok 645,922,816 loss 3.6763 gn 0.58 lr 2.71e-04 91,732 tok/s (8.3m)
[vanilla_continue_s1] step 400/1525 tok 652,476,416 loss 3.6590 gn 0.50 lr 2.61e-04 92,583 tok/s (9.5m)
[vanilla_continue_s1] step 450/1525 tok 659,030,016 loss 3.5722 gn 0.53 lr 2.51e-04 92,584 tok/s (10.7m)
[vanilla_continue_s1] step 500/1525 tok 665,583,616 loss 3.6013 gn 0.48 lr 2.39e-04 92,392 tok/s (11.9m)
[vanilla_continue_s1] step 500 VAL nll 3.7917 ppl 44.33 bypos {'0-128': 4.005579346759198, '128-512': 3.7605391758700075, '512-1024': 3.8112754132201725, '1024-2048': 3.7871906035302265, '2048-4096': 3.781440807476928}
[vanilla_continue_s1] step 550/1525 tok 672,137,216 loss 3.5541 gn 0.48 lr 2.27e-04 91,329 tok/s (13.1m)
[vanilla_continue_s1] step 600/1525 tok 678,690,816 loss 3.5036 gn 0.50 lr 2.14e-04 92,445 tok/s (14.3m)
[vanilla_continue_s1] step 650/1525 tok 685,244,416 loss 3.4563 gn 0.50 lr 2.01e-04 92,162 tok/s (15.4m)
[vanilla_continue_s1] step 700/1525 tok 691,798,016 loss 3.5282 gn 0.50 lr 1.87e-04 92,165 tok/s (16.6m)
[vanilla_continue_s1] step 750/1525 tok 698,351,616 loss 3.4479 gn 0.49 lr 1.73e-04 92,197 tok/s (17.8m)
[vanilla_continue_s1] step 800/1525 tok 704,905,216 loss 3.5520 gn 0.47 lr 1.59e-04 92,202 tok/s (19.0m)
[vanilla_continue_s1] step 850/1525 tok 711,458,816 loss 3.4386 gn 0.48 lr 1.45e-04 92,202 tok/s (20.2m)
[vanilla_continue_s1] step 900/1525 tok 718,012,416 loss 3.4716 gn 0.46 lr 1.31e-04 92,177 tok/s (21.4m)
[vanilla_continue_s1] step 950/1525 tok 724,566,016 loss 3.4767 gn 0.46 lr 1.17e-04 92,155 tok/s (22.5m)
[vanilla_continue_s1] step 1000/1525 tok 731,119,616 loss 3.5295 gn 0.45 lr 1.04e-04 92,164 tok/s (23.7m)
[vanilla_continue_s1] step 1000 VAL nll 3.7239 ppl 41.42 bypos {'0-128': 3.9220253395902365, '128-512': 3.6829700426871277, '512-1024': 3.74585583141367, '1024-2048': 3.722171164439624, '2048-4096': 3.7144752074511795}
[vanilla_continue_s1] step 1050/1525 tok 737,673,216 loss 3.4609 gn 0.43 lr 9.19e-05 91,429 tok/s (24.9m)
[vanilla_continue_s1] step 1100/1525 tok 744,226,816 loss 3.4318 gn 0.44 lr 8.04e-05 92,146 tok/s (26.1m)
[vanilla_continue_s1] step 1150/1525 tok 750,780,416 loss 3.3648 gn 0.45 lr 6.98e-05 92,156 tok/s (27.3m)
[vanilla_continue_s1] step 1200/1525 tok 757,334,016 loss 3.4492 gn 0.42 lr 6.03e-05 92,143 tok/s (28.5m)
[vanilla_continue_s1] step 1250/1525 tok 763,887,616 loss 3.4522 gn 0.42 lr 5.19e-05 92,163 tok/s (29.7m)
[vanilla_continue_s1] step 1300/1525 tok 770,441,216 loss 3.4520 gn 0.40 lr 4.48e-05 92,158 tok/s (30.9m)
[vanilla_continue_s1] step 1350/1525 tok 776,994,816 loss 3.4714 gn 0.43 lr 3.90e-05 92,158 tok/s (32.0m)
[vanilla_continue_s1] step 1400/1525 tok 783,548,416 loss 3.4911 gn 0.40 lr 3.46e-05 92,148 tok/s (33.2m)
[vanilla_continue_s1] step 1450/1525 tok 790,102,016 loss 3.5359 gn 0.41 lr 3.17e-05 92,190 tok/s (34.4m)
[vanilla_continue_s1] step 1500/1525 tok 796,655,616 loss 3.5146 gn 0.40 lr 3.02e-05 92,161 tok/s (35.6m)
[vanilla_continue_s1] step 1500 VAL nll 3.6901 ppl 40.05 bypos {'0-128': 3.8843691947111854, '128-512': 3.6536971854484306, '512-1024': 3.7108894718087226, '1024-2048': 3.687956333525854, '2048-4096': 3.6805573661365565}
[vanilla_continue_s1] FINAL nll=3.6059 ppl=36.82 bypos={'0-128': 3.8770490381705347, '128-512': 3.6375576511925005, '512-1024': 3.589614819707231, '1024-2048': 3.583013481852274, '2048-4096': 3.5986177580136554} in 36.23m
