[vanilla_continue_s0] arm=vanilla_continue params={'total': 106500096, 'trainable': 106500096, 'attention': 5243904, 'embedding': 77654528, 'non_embedding': 28845568} tokens/step=131,072 steps=1,525 600,047,616->800,047,616 stage2@None
[vanilla_continue_s0] step 1/1525 tok 600,178,688 loss 3.5461 gn 0.46 lr 1.00e-05 0 tok/s (0.1m)
[vanilla_continue_s0] step 50/1525 tok 606,601,216 loss 3.5457 gn 0.75 lr 3.00e-04 93,982 tok/s (1.2m)
[vanilla_continue_s0] step 100/1525 tok 613,154,816 loss 3.5163 gn 0.65 lr 2.99e-04 93,983 tok/s (2.4m)
[vanilla_continue_s0] step 150/1525 tok 619,708,416 loss 3.6294 gn 0.57 lr 2.96e-04 94,061 tok/s (3.5m)
[vanilla_continue_s0] step 200/1525 tok 626,262,016 loss 3.5530 gn 0.55 lr 2.91e-04 93,994 tok/s (4.7m)
[vanilla_continue_s0] step 250/1525 tok 632,815,616 loss 3.6459 gn 0.56 lr 2.86e-04 93,747 tok/s (5.9m)
[vanilla_continue_s0] step 300/1525 tok 639,369,216 loss 3.4449 gn 0.62 lr 2.79e-04 93,395 tok/s (7.0m)
[vanilla_continue_s0] step 350/1525 tok 645,922,816 loss 3.6773 gn 0.60 lr 2.71e-04 93,338 tok/s (8.2m)
[vanilla_continue_s0] step 400/1525 tok 652,476,416 loss 3.6570 gn 0.52 lr 2.61e-04 93,365 tok/s (9.4m)
[vanilla_continue_s0] step 450/1525 tok 659,030,016 loss 3.5789 gn 0.58 lr 2.51e-04 93,365 tok/s (10.6m)
[vanilla_continue_s0] step 500/1525 tok 665,583,616 loss 3.6049 gn 0.52 lr 2.39e-04 93,395 tok/s (11.7m)
[vanilla_continue_s0] step 500 VAL nll 3.7946 ppl 44.46 bypos {'0-128': 4.0237074728295426, '128-512': 3.7536228298669134, '512-1024': 3.821243105390471, '1024-2048': 3.7922343836854275, '2048-4096': 3.782570535038631}
[vanilla_continue_s0] step 550/1525 tok 672,137,216 loss 3.5552 gn 0.49 lr 2.27e-04 92,655 tok/s (12.9m)
[vanilla_continue_s0] step 600/1525 tok 678,690,816 loss 3.5081 gn 0.54 lr 2.14e-04 93,322 tok/s (14.1m)
[vanilla_continue_s0] step 650/1525 tok 685,244,416 loss 3.4590 gn 0.47 lr 2.01e-04 93,277 tok/s (15.2m)
[vanilla_continue_s0] step 700/1525 tok 691,798,016 loss 3.5321 gn 0.53 lr 1.87e-04 93,199 tok/s (16.4m)
[vanilla_continue_s0] step 750/1525 tok 698,351,616 loss 3.4513 gn 0.49 lr 1.73e-04 93,134 tok/s (17.6m)
[vanilla_continue_s0] step 800/1525 tok 704,905,216 loss 3.5582 gn 0.47 lr 1.59e-04 93,165 tok/s (18.8m)
[vanilla_continue_s0] step 850/1525 tok 711,458,816 loss 3.4404 gn 0.51 lr 1.45e-04 93,175 tok/s (19.9m)
[vanilla_continue_s0] step 900/1525 tok 718,012,416 loss 3.4791 gn 0.44 lr 1.31e-04 93,179 tok/s (21.1m)
[vanilla_continue_s0] step 950/1525 tok 724,566,016 loss 3.4795 gn 0.48 lr 1.17e-04 93,256 tok/s (22.3m)
[vanilla_continue_s0] step 1000/1525 tok 731,119,616 loss 3.5299 gn 0.44 lr 1.04e-04 93,324 tok/s (23.4m)
[vanilla_continue_s0] step 1000 VAL nll 3.7252 ppl 41.48 bypos {'0-128': 3.9314092353624126, '128-512': 3.678277010324557, '512-1024': 3.748805235228397, '1024-2048': 3.7251982949635343, '2048-4096': 3.7151533753270303}
[vanilla_continue_s0] step 1050/1525 tok 737,673,216 loss 3.4657 gn 0.42 lr 9.19e-05 92,556 tok/s (24.6m)
[vanilla_continue_s0] step 1100/1525 tok 744,226,816 loss 3.4298 gn 0.44 lr 8.04e-05 93,294 tok/s (25.8m)
[vanilla_continue_s0] step 1150/1525 tok 750,780,416 loss 3.3649 gn 0.45 lr 6.98e-05 93,366 tok/s (27.0m)
[vanilla_continue_s0] step 1200/1525 tok 757,334,016 loss 3.4513 gn 0.42 lr 6.03e-05 93,384 tok/s (28.1m)
[vanilla_continue_s0] step 1250/1525 tok 763,887,616 loss 3.4575 gn 0.43 lr 5.19e-05 93,322 tok/s (29.3m)
[vanilla_continue_s0] step 1300/1525 tok 770,441,216 loss 3.4564 gn 0.40 lr 4.48e-05 93,328 tok/s (30.5m)
[vanilla_continue_s0] step 1350/1525 tok 776,994,816 loss 3.4771 gn 0.41 lr 3.90e-05 93,333 tok/s (31.6m)
[vanilla_continue_s0] step 1400/1525 tok 783,548,416 loss 3.4965 gn 0.41 lr 3.46e-05 93,323 tok/s (32.8m)
[vanilla_continue_s0] step 1450/1525 tok 790,102,016 loss 3.5412 gn 0.43 lr 3.17e-05 93,357 tok/s (34.0m)
[vanilla_continue_s0] step 1500/1525 tok 796,655,616 loss 3.5225 gn 0.41 lr 3.02e-05 93,329 tok/s (35.2m)
[vanilla_continue_s0] step 1500 VAL nll 3.6919 ppl 40.12 bypos {'0-128': 3.8927073842959103, '128-512': 3.6515200787945203, '512-1024': 3.717201634461907, '1024-2048': 3.6925483264824512, '2048-4096': 3.6802065664373296}
[vanilla_continue_s0] FINAL nll=3.6096 ppl=36.95 bypos={'0-128': 3.8822492998842413, '128-512': 3.640904105682351, '512-1024': 3.5929691306757388, '1024-2048': 3.5885931489266274, '2048-4096': 3.6013451024252006} in 35.79m
