[vanilla_continue_s2] arm=vanilla_continue params={'total': 106500096, 'trainable': 106500096, 'attention': 5243904, 'embedding': 77654528, 'non_embedding': 28845568} tokens/step=131,072 steps=1,525 600,047,616->800,047,616 stage2@None
[vanilla_continue_s2] step 1/1525 tok 600,178,688 loss 3.5359 gn 0.44 lr 1.00e-05 0 tok/s (0.1m)
[vanilla_continue_s2] step 50/1525 tok 606,601,216 loss 3.5357 gn 0.77 lr 3.00e-04 92,077 tok/s (1.2m)
[vanilla_continue_s2] step 100/1525 tok 613,154,816 loss 3.5078 gn 0.64 lr 2.99e-04 92,438 tok/s (2.4m)
[vanilla_continue_s2] step 150/1525 tok 619,708,416 loss 3.6205 gn 0.55 lr 2.96e-04 91,475 tok/s (3.6m)
[vanilla_continue_s2] step 200/1525 tok 626,262,016 loss 3.5448 gn 0.53 lr 2.91e-04 92,465 tok/s (4.8m)
[vanilla_continue_s2] step 250/1525 tok 632,815,616 loss 3.6373 gn 0.58 lr 2.86e-04 91,004 tok/s (6.0m)
[vanilla_continue_s2] step 300/1525 tok 639,369,216 loss 3.4263 gn 0.55 lr 2.79e-04 92,544 tok/s (7.2m)
[vanilla_continue_s2] step 350/1525 tok 645,922,816 loss 3.6682 gn 0.53 lr 2.71e-04 92,481 tok/s (8.4m)
[vanilla_continue_s2] step 400/1525 tok 652,476,416 loss 3.6584 gn 0.67 lr 2.61e-04 92,474 tok/s (9.5m)
[vanilla_continue_s2] step 450/1525 tok 659,030,016 loss 3.5707 gn 0.53 lr 2.51e-04 92,461 tok/s (10.7m)
[vanilla_continue_s2] step 500/1525 tok 665,583,616 loss 3.5992 gn 0.46 lr 2.39e-04 92,455 tok/s (11.9m)
[vanilla_continue_s2] step 500 VAL nll 3.7867 ppl 44.11 bypos {'0-128': 4.000757835853587, '128-512': 3.747123931637526, '512-1024': 3.8063506439227917, '1024-2048': 3.7867137213203534, '2048-4096': 3.7758190321775627}
[vanilla_continue_s2] step 550/1525 tok 672,137,216 loss 3.5512 gn 0.47 lr 2.27e-04 91,711 tok/s (13.1m)
[vanilla_continue_s2] step 600/1525 tok 678,690,816 loss 3.5021 gn 0.53 lr 2.14e-04 92,408 tok/s (14.3m)
[vanilla_continue_s2] step 650/1525 tok 685,244,416 loss 3.4565 gn 0.53 lr 2.01e-04 92,292 tok/s (15.5m)
[vanilla_continue_s2] step 700/1525 tok 691,798,016 loss 3.5262 gn 0.47 lr 1.87e-04 92,365 tok/s (16.6m)
[vanilla_continue_s2] step 750/1525 tok 698,351,616 loss 3.4456 gn 0.47 lr 1.73e-04 92,477 tok/s (17.8m)
[vanilla_continue_s2] step 800/1525 tok 704,905,216 loss 3.5493 gn 0.47 lr 1.59e-04 92,456 tok/s (19.0m)
[vanilla_continue_s2] step 850/1525 tok 711,458,816 loss 3.4368 gn 0.48 lr 1.45e-04 92,457 tok/s (20.2m)
[vanilla_continue_s2] step 900/1525 tok 718,012,416 loss 3.4701 gn 0.45 lr 1.31e-04 92,456 tok/s (21.4m)
[vanilla_continue_s2] step 950/1525 tok 724,566,016 loss 3.4747 gn 0.44 lr 1.17e-04 91,926 tok/s (22.6m)
[vanilla_continue_s2] step 1000/1525 tok 731,119,616 loss 3.5243 gn 0.44 lr 1.04e-04 91,349 tok/s (23.8m)
[vanilla_continue_s2] step 1000 VAL nll 3.7206 ppl 41.29 bypos {'0-128': 3.9060315715757206, '128-512': 3.6750345764786068, '512-1024': 3.7447049788848457, '1024-2048': 3.7218718675821005, '2048-4096': 3.710801916599353}
[vanilla_continue_s2] step 1050/1525 tok 737,673,216 loss 3.4559 gn 0.41 lr 9.19e-05 90,816 tok/s (25.0m)
[vanilla_continue_s2] step 1100/1525 tok 744,226,816 loss 3.4274 gn 0.44 lr 8.04e-05 91,719 tok/s (26.1m)
[vanilla_continue_s2] step 1150/1525 tok 750,780,416 loss 3.3617 gn 0.45 lr 6.98e-05 92,270 tok/s (27.3m)
[vanilla_continue_s2] step 1200/1525 tok 757,334,016 loss 3.4473 gn 0.45 lr 6.03e-05 92,512 tok/s (28.5m)
[vanilla_continue_s2] step 1250/1525 tok 763,887,616 loss 3.4519 gn 0.42 lr 5.19e-05 92,511 tok/s (29.7m)
[vanilla_continue_s2] step 1300/1525 tok 770,441,216 loss 3.4474 gn 0.40 lr 4.48e-05 92,477 tok/s (30.9m)
[vanilla_continue_s2] step 1350/1525 tok 776,994,816 loss 3.4715 gn 0.41 lr 3.90e-05 92,398 tok/s (32.1m)
[vanilla_continue_s2] step 1400/1525 tok 783,548,416 loss 3.4877 gn 0.40 lr 3.46e-05 92,444 tok/s (33.2m)
[vanilla_continue_s2] step 1450/1525 tok 790,102,016 loss 3.5374 gn 0.44 lr 3.17e-05 92,525 tok/s (34.4m)
[vanilla_continue_s2] step 1500/1525 tok 796,655,616 loss 3.5172 gn 0.40 lr 3.02e-05 92,514 tok/s (35.6m)
[vanilla_continue_s2] step 1500 VAL nll 3.6855 ppl 39.87 bypos {'0-128': 3.8667960632785174, '128-512': 3.643302683810204, '512-1024': 3.7108587633304455, '1024-2048': 3.6854784850270814, '2048-4096': 3.6758386553842493}
[vanilla_continue_s2] FINAL nll=3.6041 ppl=36.75 bypos={'0-128': 3.8644673938222622, '128-512': 3.635378213070324, '512-1024': 3.589279398459939, '1024-2048': 3.582628347503218, '2048-4096': 3.5964402242877953} in 36.23m
