Loading weights:   0%|          | 0/398 [00:00<?, ?it/s]Loading weights: 100%|██████████| 398/398 [00:00<00:00, 10328.94it/s]
[s1ctlproj_learned_diff_s1] arm=learned_diff fusion=learned_diff@post_o_projected loaded=48 tensors trainable=12 layers=12
Using the latest cached version of the dataset since allenai/qasper couldn't be found on the Hugging Face Hub (offline mode is enabled).
Found the latest cached dataset configuration 'default' at /home/mingze/.cache/huggingface/datasets/allenai___qasper/default/0.0.0/06806e4608976fc2fac0a090ac425d5b2b29caf4 (last modified on Tue Jul 28 03:00:47 2026).
[compose] total=935 (target_n=935) yes/no=28 (3.0%) ; pool yn=282 other=1711
Using the latest cached version of the dataset since allenai/qasper couldn't be found on the Hugging Face Hub (offline mode is enabled).
Found the latest cached dataset configuration 'default' at /home/mingze/.cache/huggingface/datasets/allenai___qasper/default/0.0.0/06806e4608976fc2fac0a090ac425d5b2b29caf4 (last modified on Tue Jul 28 03:00:47 2026).
[s1ctlproj_learned_diff_s1] step 1/156 loss 3.4497 lambda +0.1001
[s1ctlproj_learned_diff_s1] step 5/156 loss 0.9912 lambda +0.0810
[s1ctlproj_learned_diff_s1] step 9/156 loss 2.8351 lambda +0.0608
[s1ctlproj_learned_diff_s1] step 13/156 loss 0.7616 lambda +0.0365
[s1ctlproj_learned_diff_s1] step 17/156 loss 1.3806 lambda +0.0064
[s1ctlproj_learned_diff_s1] step 21/156 loss 2.4457 lambda -0.0240
[s1ctlproj_learned_diff_s1] step 25/156 loss 0.4697 lambda -0.0503
[s1ctlproj_learned_diff_s1] step 29/156 loss 0.2273 lambda -0.0701
[s1ctlproj_learned_diff_s1] step 33/156 loss 0.4701 lambda -0.0848
[s1ctlproj_learned_diff_s1] step 37/156 loss 3.4628 lambda -0.0946
[s1ctlproj_learned_diff_s1] step 41/156 loss 0.3488 lambda -0.1005
[s1ctlproj_learned_diff_s1] step 45/156 loss 1.6926 lambda -0.1042
[s1ctlproj_learned_diff_s1] step 49/156 loss 0.4429 lambda -0.1052
[s1ctlproj_learned_diff_s1] step 53/156 loss 0.1508 lambda -0.1048
[s1ctlproj_learned_diff_s1] step 57/156 loss 3.5709 lambda -0.1045
[s1ctlproj_learned_diff_s1] step 61/156 loss 0.1906 lambda -0.1046
[s1ctlproj_learned_diff_s1] step 65/156 loss 0.7500 lambda -0.1044
[s1ctlproj_learned_diff_s1] step 69/156 loss 0.2363 lambda -0.1039
[s1ctlproj_learned_diff_s1] step 73/156 loss 3.4225 lambda -0.1031
[s1ctlproj_learned_diff_s1] step 77/156 loss 3.4998 lambda -0.1020
[s1ctlproj_learned_diff_s1] step 81/156 loss 0.7475 lambda -0.1019
[s1ctlproj_learned_diff_s1] step 85/156 loss 1.1815 lambda -0.1026
[s1ctlproj_learned_diff_s1] step 89/156 loss 1.5342 lambda -0.1037
[s1ctlproj_learned_diff_s1] step 93/156 loss 2.5032 lambda -0.1054
[s1ctlproj_learned_diff_s1] step 97/156 loss 0.8572 lambda -0.1066
[s1ctlproj_learned_diff_s1] step 101/156 loss 0.3442 lambda -0.1075
[s1ctlproj_learned_diff_s1] step 105/156 loss 0.2835 lambda -0.1088
[s1ctlproj_learned_diff_s1] step 109/156 loss 0.4226 lambda -0.1112
[s1ctlproj_learned_diff_s1] step 113/156 loss 0.4726 lambda -0.1140
[s1ctlproj_learned_diff_s1] step 117/156 loss 0.7925 lambda -0.1163
[s1ctlproj_learned_diff_s1] step 121/156 loss 0.6569 lambda -0.1181
[s1ctlproj_learned_diff_s1] step 125/156 loss 3.4041 lambda -0.1192
[s1ctlproj_learned_diff_s1] step 129/156 loss 1.6470 lambda -0.1205
[s1ctlproj_learned_diff_s1] step 133/156 loss 1.7604 lambda -0.1217
[s1ctlproj_learned_diff_s1] step 137/156 loss 0.6804 lambda -0.1220
[s1ctlproj_learned_diff_s1] step 141/156 loss 0.2875 lambda -0.1228
[s1ctlproj_learned_diff_s1] step 145/156 loss 0.1816 lambda -0.1244
[s1ctlproj_learned_diff_s1] step 149/156 loss 0.1586 lambda -0.1260
[s1ctlproj_learned_diff_s1] step 153/156 loss 0.1122 lambda -0.1272
[s1ctlproj_learned_diff_s1] step 156/156 loss 0.1905 lambda -0.1281
[s1ctlproj_learned_diff_s1] FINAL arm=learned_diff@post_o_projected F1=0.287 val_loss=0.6955 stats={'lambda': -0.12787882486979166, 'n_layers': 12} lambda=-0.12787882486979166 norms={'cos_WZ_WC': -0.038328546680228705, 'cos_Z_C': -0.006825089403719176, 'norm_C': 9.876915321995815, 'norm_WC': 20.523767520984013, 'norm_WZ': 20.2264702518781, 'norm_Z': 18.14952439069748, 'ratio_C_over_Z': 0.4889069795792489, 'ratio_WC_over_WZ': 1.00801927155113, 'n_layers': 12} (22.4 min)
