Loading weights:   0%|          | 0/398 [00:00<?, ?it/s]Loading weights: 100%|██████████| 398/398 [00:00<00:00, 8737.63it/s]
[s1preo_learned_diff_s1] arm=learned_diff fusion=learned_diff@pre_o loaded=48 tensors trainable=12 layers=12
Using the latest cached version of the dataset since allenai/qasper couldn't be found on the Hugging Face Hub (offline mode is enabled).
Found the latest cached dataset configuration 'default' at /home/mingze/.cache/huggingface/datasets/allenai___qasper/default/0.0.0/06806e4608976fc2fac0a090ac425d5b2b29caf4 (last modified on Tue Jul 28 03:00:47 2026).
[compose] total=935 (target_n=935) yes/no=28 (3.0%) ; pool yn=282 other=1711
Using the latest cached version of the dataset since allenai/qasper couldn't be found on the Hugging Face Hub (offline mode is enabled).
Found the latest cached dataset configuration 'default' at /home/mingze/.cache/huggingface/datasets/allenai___qasper/default/0.0.0/06806e4608976fc2fac0a090ac425d5b2b29caf4 (last modified on Tue Jul 28 03:00:47 2026).
[s1preo_learned_diff_s1] step 1/156 loss 3.4666 lambda +0.1001
[s1preo_learned_diff_s1] step 5/156 loss 1.0153 lambda +0.0809
[s1preo_learned_diff_s1] step 9/156 loss 2.8302 lambda +0.0604
[s1preo_learned_diff_s1] step 13/156 loss 0.7846 lambda +0.0364
[s1preo_learned_diff_s1] step 17/156 loss 1.3027 lambda +0.0062
[s1preo_learned_diff_s1] step 21/156 loss 2.4524 lambda -0.0245
[s1preo_learned_diff_s1] step 25/156 loss 0.4678 lambda -0.0511
[s1preo_learned_diff_s1] step 29/156 loss 0.2259 lambda -0.0710
[s1preo_learned_diff_s1] step 33/156 loss 0.4656 lambda -0.0857
[s1preo_learned_diff_s1] step 37/156 loss 3.4502 lambda -0.0958
[s1preo_learned_diff_s1] step 41/156 loss 0.3455 lambda -0.1016
[s1preo_learned_diff_s1] step 45/156 loss 1.6563 lambda -0.1053
[s1preo_learned_diff_s1] step 49/156 loss 0.4407 lambda -0.1067
[s1preo_learned_diff_s1] step 53/156 loss 0.1565 lambda -0.1068
[s1preo_learned_diff_s1] step 57/156 loss 3.5756 lambda -0.1066
[s1preo_learned_diff_s1] step 61/156 loss 0.1888 lambda -0.1068
[s1preo_learned_diff_s1] step 65/156 loss 0.7262 lambda -0.1065
[s1preo_learned_diff_s1] step 69/156 loss 0.2339 lambda -0.1058
[s1preo_learned_diff_s1] step 73/156 loss 3.4162 lambda -0.1051
[s1preo_learned_diff_s1] step 77/156 loss 3.5055 lambda -0.1043
[s1preo_learned_diff_s1] step 81/156 loss 0.7373 lambda -0.1043
[s1preo_learned_diff_s1] step 85/156 loss 1.1927 lambda -0.1049
[s1preo_learned_diff_s1] step 89/156 loss 1.5437 lambda -0.1060
[s1preo_learned_diff_s1] step 93/156 loss 2.4966 lambda -0.1076
[s1preo_learned_diff_s1] step 97/156 loss 0.8554 lambda -0.1087
[s1preo_learned_diff_s1] step 101/156 loss 0.3900 lambda -0.1098
[s1preo_learned_diff_s1] step 105/156 loss 0.2841 lambda -0.1111
[s1preo_learned_diff_s1] step 109/156 loss 0.4241 lambda -0.1136
[s1preo_learned_diff_s1] step 113/156 loss 0.5115 lambda -0.1164
[s1preo_learned_diff_s1] step 117/156 loss 0.7988 lambda -0.1190
[s1preo_learned_diff_s1] step 121/156 loss 0.5566 lambda -0.1214
[s1preo_learned_diff_s1] step 125/156 loss 3.4060 lambda -0.1230
[s1preo_learned_diff_s1] step 129/156 loss 1.6605 lambda -0.1244
[s1preo_learned_diff_s1] step 133/156 loss 1.7633 lambda -0.1257
[s1preo_learned_diff_s1] step 137/156 loss 0.6813 lambda -0.1263
[s1preo_learned_diff_s1] step 141/156 loss 0.2985 lambda -0.1272
[s1preo_learned_diff_s1] step 145/156 loss 0.1854 lambda -0.1285
[s1preo_learned_diff_s1] step 149/156 loss 0.1548 lambda -0.1301
[s1preo_learned_diff_s1] step 153/156 loss 0.1177 lambda -0.1314
[s1preo_learned_diff_s1] step 156/156 loss 0.1887 lambda -0.1321
[s1preo_learned_diff_s1] FINAL arm=learned_diff@pre_o F1=0.2946 val_loss=0.6949 stats={'lambda': -0.13210042317708334, 'n_layers': 12} lambda=-0.13210042317708334 norms={'cos_WZ_WC': -0.03839431478021046, 'cos_Z_C': -0.0068459589092526585, 'norm_C': 9.876399274915457, 'norm_WC': 20.523588925600052, 'norm_WZ': 20.212742348512013, 'norm_Z': 18.138267040252686, 'ratio_C_over_Z': 0.4889674722581101, 'ratio_WC_over_WZ': 1.0080325248095583, 'n_layers': 12} (22.2 min)
